Component: ARM Compiler 5.06 update 7 (build 960) Tool: armlink [4d3601]

==============================================================================

Section Cross References

    startup_stm32f407xx.o(STACK) refers (Special) to heapauxi.o(.text) for __use_two_region_memory
    startup_stm32f407xx.o(HEAP) refers (Special) to heapauxi.o(.text) for __use_two_region_memory
    startup_stm32f407xx.o(RESET) refers (Special) to heapauxi.o(.text) for __use_two_region_memory
    startup_stm32f407xx.o(RESET) refers to startup_stm32f407xx.o(STACK) for __initial_sp
    startup_stm32f407xx.o(RESET) refers to startup_stm32f407xx.o(.text) for Reset_Handler
    startup_stm32f407xx.o(RESET) refers to stm32f4xx_it.o(i.NMI_Handler) for NMI_Handler
    startup_stm32f407xx.o(RESET) refers to stm32f4xx_it.o(i.HardFault_Handler) for HardFault_Handler
    startup_stm32f407xx.o(RESET) refers to stm32f4xx_it.o(i.MemManage_Handler) for MemManage_Handler
    startup_stm32f407xx.o(RESET) refers to stm32f4xx_it.o(i.BusFault_Handler) for BusFault_Handler
    startup_stm32f407xx.o(RESET) refers to stm32f4xx_it.o(i.UsageFault_Handler) for UsageFault_Handler
    startup_stm32f407xx.o(RESET) refers to port.o(.emb_text) for SVC_Handler
    startup_stm32f407xx.o(RESET) refers to stm32f4xx_it.o(i.DebugMon_Handler) for DebugMon_Handler
    startup_stm32f407xx.o(RESET) refers to stm32f4xx_it.o(i.SysTick_Handler) for SysTick_Handler
    startup_stm32f407xx.o(RESET) refers to stm32f4xx_it.o(i.DMA1_Stream1_IRQHandler) for DMA1_Stream1_IRQHandler
    startup_stm32f407xx.o(RESET) refers to stm32f4xx_it.o(i.CAN1_RX0_IRQHandler) for CAN1_RX0_IRQHandler
    startup_stm32f407xx.o(RESET) refers to remote_control.o(i.USART3_IRQHandler) for USART3_IRQHandler
    startup_stm32f407xx.o(RESET) refers to stm32f4xx_it.o(i.CAN2_RX0_IRQHandler) for CAN2_RX0_IRQHandler
    startup_stm32f407xx.o(.text) refers (Special) to heapauxi.o(.text) for __use_two_region_memory
    startup_stm32f407xx.o(.text) refers to system_stm32f4xx.o(i.SystemInit) for SystemInit
    startup_stm32f407xx.o(.text) refers to __main.o(!!!main) for __main
    startup_stm32f407xx.o(.text) refers to startup_stm32f407xx.o(HEAP) for Heap_Mem
    startup_stm32f407xx.o(.text) refers to startup_stm32f407xx.o(STACK) for Stack_Mem
    main.o(i.SystemClock_Config) refers to rt_memclr_w.o(.text) for __aeabi_memclr4
    main.o(i.SystemClock_Config) refers to stm32f4xx_hal_rcc.o(i.HAL_RCC_OscConfig) for HAL_RCC_OscConfig
    main.o(i.SystemClock_Config) refers to main.o(i.Error_Handler) for Error_Handler
    main.o(i.SystemClock_Config) refers to stm32f4xx_hal_rcc.o(i.HAL_RCC_ClockConfig) for HAL_RCC_ClockConfig
    main.o(i.main) refers to stm32f4xx_hal.o(i.HAL_Init) for HAL_Init
    main.o(i.main) refers to main.o(i.SystemClock_Config) for SystemClock_Config
    main.o(i.main) refers to gpio.o(i.MX_GPIO_Init) for MX_GPIO_Init
    main.o(i.main) refers to dma.o(i.MX_DMA_Init) for MX_DMA_Init
    main.o(i.main) refers to can.o(i.MX_CAN1_Init) for MX_CAN1_Init
    main.o(i.main) refers to can.o(i.MX_CAN2_Init) for MX_CAN2_Init
    main.o(i.main) refers to usart.o(i.MX_USART3_UART_Init) for MX_USART3_UART_Init
    main.o(i.main) refers to bsp_can.o(i.can_filter_init) for can_filter_init
    main.o(i.main) refers to remote_control.o(i.remote_control_init) for remote_control_init
    main.o(i.main) refers to freertos.o(i.MX_FREERTOS_Init) for MX_FREERTOS_Init
    main.o(i.main) refers to cmsis_os.o(i.osKernelStart) for osKernelStart
    freertos.o(i.MX_FREERTOS_Init) refers to rt_memcpy_w.o(.text) for __aeabi_memcpy4
    freertos.o(i.MX_FREERTOS_Init) refers to cmsis_os.o(i.osThreadCreate) for osThreadCreate
    freertos.o(i.MX_FREERTOS_Init) refers to freertos.o(.constdata) for .constdata
    freertos.o(i.MX_FREERTOS_Init) refers to freertos.o(.data) for defaultTaskHandle
    freertos.o(i.StartDefaultTask) refers to cmsis_os.o(i.osDelay) for osDelay
    freertos.o(i.vApplicationGetIdleTaskMemory) refers to freertos.o(.bss) for xIdleTaskTCBBuffer
    freertos.o(.constdata) refers to freertos.o(.conststring) for .conststring
    freertos.o(.constdata) refers to freertos.o(i.StartDefaultTask) for StartDefaultTask
    freertos.o(.constdata) refers to shoot_task.o(i.shoot_task) for shoot_task
    freertos.o(.constdata) refers to yaw_task.o(i.yaw_task) for yaw_task
    freertos.o(.constdata) refers to check_task.o(i.check_task) for check_task
    can.o(i.HAL_CAN_MspDeInit) refers to stm32f4xx_hal_gpio.o(i.HAL_GPIO_DeInit) for HAL_GPIO_DeInit
    can.o(i.HAL_CAN_MspDeInit) refers to stm32f4xx_hal_cortex.o(i.HAL_NVIC_DisableIRQ) for HAL_NVIC_DisableIRQ
    can.o(i.HAL_CAN_MspDeInit) refers to can.o(.data) for HAL_RCC_CAN1_CLK_ENABLED
    can.o(i.HAL_CAN_MspInit) refers to rt_memclr_w.o(.text) for __aeabi_memclr4
    can.o(i.HAL_CAN_MspInit) refers to stm32f4xx_hal_gpio.o(i.HAL_GPIO_Init) for HAL_GPIO_Init
[...]
    ..\\BSP\\bsp_can.c                       0x00000000   Number         0  bsp_can.o ABSOLUTE
    ..\\BSP\\bsp_rc.c                        0x00000000   Number         0  bsp_rc.o ABSOLUTE
    ..\\Component\\Algorithm\\pid.c          0x00000000   Number         0  pid.o ABSOLUTE
    ..\\Task\\shoot_task.c                   0x00000000   Number         0  shoot_task.o ABSOLUTE
    ..\\Task\\yaw_task.c                     0x00000000   Number         0  yaw_task.o ABSOLUTE
    dc.s                                     0x00000000   Number         0  dc.o ABSOLUTE
    startup_stm32f407xx.s                    0x00000000   Number         0  startup_stm32f407xx.o ABSOLUTE
    RESET                                    0x08000000   Section      392  startup_stm32f407xx.o(RESET)
    !!!main                                  0x08000188   Section        8  __main.o(!!!main)
    !!!scatter                               0x08000190   Section       52  __scatter.o(!!!scatter)
    !!handler_copy                           0x080001c4   Section       26  __scatter_copy.o(!!handler_copy)
    !!handler_zi                             0x080001e0   Section       28  __scatter_zi.o(!!handler_zi)
    .ARM.Collect$$libinit$$00000000          0x080001fc   Section        2  libinit.o(.ARM.Collect$$libinit$$00000000)
    .ARM.Collect$$libinit$$00000001          0x080001fe   Section        4  libinit2.o(.ARM.Collect$$libinit$$00000001)
    .ARM.Collect$$libinit$$00000004          0x08000202   Section        0  libinit2.o(.ARM.Collect$$libinit$$00000004)
    .ARM.Collect$$libinit$$0000000A          0x08000202   Section        0  libinit2.o(.ARM.Collect$$libinit$$0000000A)
    .ARM.Collect$$libinit$$0000000C          0x08000202   Section        0  libinit2.o(.ARM.Collect$$libinit$$0000000C)
    .ARM.Collect$$libinit$$0000000E          0x08000202   Section        0  libinit2.o(.ARM.Collect$$libinit$$0000000E)
    .ARM.Collect$$libinit$$00000011          0x08000202   Section        0  libinit2.o(.ARM.Collect$$libinit$$00000011)
    .ARM.Collect$$libinit$$00000013          0x08000202   Section        0  libinit2.o(.ARM.Collect$$libinit$$00000013)
    .ARM.Collect$$libinit$$00000015          0x08000202   Section        0  libinit2.o(.ARM.Collect$$libinit$$00000015)
    .ARM.Collect$$libinit$$00000017          0x08000202   Section        0  libinit2.o(.ARM.Collect$$libinit$$00000017)
    .ARM.Collect$$libinit$$00000019          0x08000202   Section        0  libinit2.o(.ARM.Collect$$libinit$$00000019)
    .ARM.Collect$$libinit$$0000001B          0x08000202   Section        0  libinit2.o(.ARM.Collect$$libinit$$0000001B)
    .ARM.Collect$$libinit$$0000001D          0x08000202   Section        0  libinit2.o(.ARM.Collect$$libinit$$0000001D)
    .ARM.Collect$$libinit$$0000001F          0x08000202   Section        0  libinit2.o(.ARM.Collect$$libinit$$0000001F)
    .ARM.Collect$$libinit$$00000021          0x08000202   Section        0  libinit2.o(.ARM.Collect$$libinit$$00000021)
    .ARM.Collect$$libinit$$00000023          0x08000202   Section        0  libinit2.o(.ARM.Collect$$libinit$$00000023)
    .ARM.Collect$$libinit$$00000025          0x08000202   Section        0  libinit2.o(.ARM.Collect$$libinit$$00000025)
    .ARM.Collect$$libinit$$0000002C          0x08000202   Section        0  libinit2.o(.ARM.Collect$$libinit$$0000002C)
    .ARM.Collect$$libinit$$0000002E          0x08000202   Section        0  libinit2.o(.ARM.Collect$$libinit$$0000002E)
    .ARM.Collect$$libinit$$00000030          0x08000202   Section        0  libinit2.o(.ARM.Collect$$libinit$$00000030)
    .ARM.Collect$$libinit$$00000032          0x08000202   Section        0  libinit2.o(.ARM.Collect$$libinit$$00000032)
    .ARM.Collect$$libinit$$00000033          0x08000202   Section        2  libinit2.o(.ARM.Collect$$libinit$$00000033)
    .ARM.Collect$$libshutdown$$00000000      0x08000204   Section        2  libshutdown.o(.ARM.Collect$$libshutdown$$00000000)
    .ARM.Collect$$libshutdown$$00000002      0x08000206   Section        0  libshutdown2.o(.ARM.Collect$$libshutdown$$00000002)
    .ARM.Collect$$libshutdown$$00000004      0x08000206   Section        0  libshutdown2.o(.ARM.Collect$$libshutdown$$00000004)
    .ARM.Collect$$libshutdown$$00000006      0x08000206   Section        0  libshutdown2.o(.ARM.Collect$$libshutdown$$00000006)
    .ARM.Collect$$libshutdown$$00000009      0x08000206   Section        0  libshutdown2.o(.ARM.Collect$$libshutdown$$00000009)
    .ARM.Collect$$libshutdown$$0000000C      0x08000206   Section        0  libshutdown2.o(.ARM.Collect$$libshutdown$$0000000C)
    .ARM.Collect$$libshutdown$$0000000E      0x08000206   Section        0  libshutdown2.o(.ARM.Collect$$libshutdown$$0000000E)
    .ARM.Collect$$libshutdown$$00000011      0x08000206   Section        0  libshutdown2.o(.ARM.Collect$$libshutdown$$00000011)
    .ARM.Collect$$libshutdown$$00000012      0x08000206   Section        2  libshutdown2.o(.ARM.Collect$$libshutdown$$00000012)
    .ARM.Collect$$rtentry$$00000000          0x08000208   Section        0  __rtentry.o(.ARM.Collect$$rtentry$$00000000)
    .ARM.Collect$$rtentry$$00000002          0x08000208   Section        0  __rtentry2.o(.ARM.Collect$$rtentry$$00000002)
    .ARM.Collect$$rtentry$$00000004          0x08000208   Section        6  __rtentry4.o(.ARM.Collect$$rtentry$$00000004)
    .ARM.Collect$$rtentry$$00000009          0x0800020e   Section        0  __rtentry2.o(.ARM.Collect$$rtentry$$00000009)
    .ARM.Collect$$rtentry$$0000000A          0x0800020e   Section        4  __rtentry2.o(.ARM.Collect$$rtentry$$0000000A)
    .ARM.Collect$$rtentry$$0000000C          0x08000212   Section        0  __rtentry2.o(.ARM.Collect$$rtentry$$0000000C)
    .ARM.Collect$$rtentry$$0000000D          0x08000212   Section        8  __rtentry2.o(.ARM.Collect$$rtentry$$0000000D)
    .ARM.Collect$$rtexit$$00000000           0x0800021a   Section        2  rtexit.o(.ARM.Collect$$rtexit$$00000000)
    .ARM.Collect$$rtexit$$00000002           0x0800021c   Section        0  rtexit2.o(.ARM.Collect$$rtexit$$00000002)
    .ARM.Collect$$rtexit$$00000003           0x0800021c   Section        4  rtexit2.o(.ARM.Collect$$rtexit$$00000003)
    .ARM.Collect$$rtexit$$00000004           0x08000220   Section        6  rtexit2.o(.ARM.Collect$$rtexit$$00000004)
    .emb_text                                0x08000228   Section      190  port.o(.emb_text)
    $v0                                      0x08000228   Number         0  port.o(.emb_text)
    .text                                    0x080002e8   Section       64  startup_stm32f407xx.o(.text)
    $v0                                      0x080002e8   Number         0  startup_stm32f407xx.o(.text)
    .text                                    0x08000328   Section      238  lludivv7m.o(.text)
    .text                                    0x08000416   Section      100  rt_memcpy_w.o(.text)
    .text                                    0x0800047a   Section       78  rt_memclr_w.o(.text)
    .text                                    0x080004c8   Section        0  heapauxi.o(.text)
    .text                                    0x080004ce   Section       74  sys_stackheap_outer.o(.text)
    .text                                    0x08000518   Section        0  exit.o(.text)
    .text                                    0x0800052c   Section        8  libspace.o(.text)
    .text                                    0x08000534   Section        0  sys_exit.o(.text)
    .text                                    0x08000540   Section        2  use_no_semi.o(.text)
    .text                                    0x08000542   Section        0  indicate_semi.o(.text)
    i.BusFault_Handler                       0x08000542   Section        0  stm32f4xx_it.o(i.BusFault_Handler)
    i.CAN1_RX0_IRQHandler                    0x08000548   Section        0  stm32f4xx_it.o(i.CAN1_RX0_IRQHandler)
    i.CAN2_RX0_IRQHandler                    0x08000558   Section        0  stm32f4xx_it.o(i.CAN2_RX0_IRQHandler)
    i.CAN_cmd_shoot                          0x08000568   Section        0  can_receive.o(i.CAN_cmd_shoot)
    i.DMA1_Stream1_IRQHandler                0x080005b4   Section        0  stm32f4xx_it.o(i.DMA1_Stream1_IRQHandler)
    i.DMA_CalcBaseAndBitshift                0x080005b8   Section        0  stm32f4xx_hal_dma.o(i.DMA_CalcBaseAndBitshift)
    DMA_CalcBaseAndBitshift                  0x080005b9   Thumb Code    46  stm32f4xx_hal_dma.o(i.DMA_CalcBaseAndBitshift)
    i.DMA_CheckFifoParam                     0x080005ec   Section        0  stm32f4xx_hal_dma.o(i.DMA_CheckFifoParam)
    DMA_CheckFifoParam                       0x080005ed   Thumb Code   170  stm32f4xx_hal_dma.o(i.DMA_CheckFifoParam)
    i.DebugMon_Handler                       0x08000696   Section        0  stm32f4xx_it.o(i.DebugMon_Handler)
    i.Error_Handler                          0x08000698   Section        0  main.o(i.Error_Handler)
    i.HAL_CAN_ActivateNotification           0x0800069e   Section        0  stm32f4xx_hal_can.o(i.HAL_CAN_ActivateNotification)
    i.HAL_CAN_AddTxMessage                   0x080006c8   Section        0  stm32f4xx_hal_can.o(i.HAL_CAN_AddTxMessage)
    i.HAL_CAN_ConfigFilter                   0x08000814   Section        0  stm32f4xx_hal_can.o(i.HAL_CAN_ConfigFilter)
    i.HAL_CAN_ErrorCallback                  0x08000938   Section        0  stm32f4xx_hal_can.o(i.HAL_CAN_ErrorCallback)
    i.HAL_CAN_GetRxMessage                   0x0800093a   Section        0  stm32f4xx_hal_can.o(i.HAL_CAN_GetRxMessage)
    i.HAL_CAN_IRQHandler                     0x08000ace   Section        0  stm32f4xx_hal_can.o(i.HAL_CAN_IRQHandler)
    i.HAL_CAN_Init                           0x08000d1c   Section        0  stm32f4xx_hal_can.o(i.HAL_CAN_Init)
    i.HAL_CAN_MspInit                        0x08000e90   Section        0  can.o(i.HAL_CAN_MspInit)
    i.HAL_CAN_RxFifo0FullCallback            0x08000ff0   Section        0  stm32f4xx_hal_can.o(i.HAL_CAN_RxFifo0FullCallback)
    i.HAL_CAN_RxFifo0MsgPendingCallback      0x08000ff4   Section        0  can_receive.o(i.HAL_CAN_RxFifo0MsgPendingCallback)
    i.HAL_CAN_RxFifo1FullCallback            0x0800119c   Section        0  stm32f4xx_hal_can.o(i.HAL_CAN_RxFifo1FullCallback)
    i.HAL_CAN_RxFifo1MsgPendingCallback      0x0800119e   Section        0  stm32f4xx_hal_can.o(i.HAL_CAN_RxFifo1MsgPendingCallback)
    i.HAL_CAN_SleepCallback                  0x080011a0   Section        0  stm32f4xx_hal_can.o(i.HAL_CAN_SleepCallback)
    i.HAL_CAN_Start                          0x080011a2   Section        0  stm32f4xx_hal_can.o(i.HAL_CAN_Start)
    i.HAL_CAN_TxMailbox0AbortCallback        0x08001200   Section        0  stm32f4xx_hal_can.o(i.HAL_CAN_TxMailbox0AbortCallback)
    i.HAL_CAN_TxMailbox0CompleteCallback     0x08001202   Section        0  stm32f4xx_hal_can.o(i.HAL_CAN_TxMailbox0CompleteCallback)
    i.HAL_CAN_TxMailbox1AbortCallback        0x08001204   Section        0  stm32f4xx_hal_can.o(i.HAL_CAN_TxMailbox1AbortCallback)
    i.HAL_CAN_TxMailbox1CompleteCallback     0x08001206   Section        0  stm32f4xx_hal_can.o(i.HAL_CAN_TxMailbox1CompleteCallback)
    i.HAL_CAN_TxMailbox2AbortCallback        0x08001208   Section        0  stm32f4xx_hal_can.o(i.HAL_CAN_TxMailbox2AbortCallback)
    i.HAL_CAN_TxMailbox2CompleteCallback     0x0800120a   Section        0  stm32f4xx_hal_can.o(i.HAL_CAN_TxMailbox2CompleteCallback)
    i.HAL_CAN_WakeUpFromRxMsgCallback        0x0800120c   Section        0  stm32f4xx_hal_can.o(i.HAL_CAN_WakeUpFromRxMsgCallback)
    i.HAL_DMA_Init                           0x08001210   Section        0  stm32f4xx_hal_dma.o(i.HAL_DMA_Init)
    i.HAL_GPIO_Init                          0x080012fc   Section        0  stm32f4xx_hal_gpio.o(i.HAL_GPIO_Init)
    i.HAL_GetTick                            0x080014f0   Section        0  stm32f4xx_hal.o(i.HAL_GetTick)
    i.HAL_IncTick                            0x080014fc   Section        0  stm32f4xx_hal.o(i.HAL_IncTick)
    i.HAL_Init                               0x08001514   Section        0  stm32f4xx_hal.o(i.HAL_Init)
    i.HAL_InitTick                           0x08001550   Section        0  stm32f4xx_hal.o(i.HAL_InitTick)
    i.HAL_MspInit                            0x0800159c   Section        0  stm32f4xx_hal_msp.o(i.HAL_MspInit)
    i.HAL_NVIC_EnableIRQ                     0x080015f0   Section        0  stm32f4xx_hal_cortex.o(i.HAL_NVIC_EnableIRQ)
    i.HAL_NVIC_SetPriority                   0x08001618   Section        0  stm32f4xx_hal_cortex.o(i.HAL_NVIC_SetPriority)
    i.HAL_NVIC_SetPriorityGrouping           0x08001694   Section        0  stm32f4xx_hal_cortex.o(i.HAL_NVIC_SetPriorityGrouping)
    i.HAL_RCC_ClockConfig                    0x080016bc   Section        0  stm32f4xx_hal_rcc.o(i.HAL_RCC_ClockConfig)
    i.HAL_RCC_GetHCLKFreq                    0x08001840   Section        0  stm32f4xx_hal_rcc.o(i.HAL_RCC_GetHCLKFreq)
    i.HAL_RCC_GetPCLK1Freq                   0x0800184c   Section        0  stm32f4xx_hal_rcc.o(i.HAL_RCC_GetPCLK1Freq)
    i.HAL_RCC_GetPCLK2Freq                   0x0800186c   Section        0  stm32f4xx_hal_rcc.o(i.HAL_RCC_GetPCLK2Freq)
    i.HAL_RCC_GetSysClockFreq                0x0800188c   Section        0  stm32f4xx_hal_rcc.o(i.HAL_RCC_GetSysClockFreq)
    i.HAL_RCC_OscConfig                      0x0800193c   Section        0  stm32f4xx_hal_rcc.o(i.HAL_RCC_OscConfig)
    i.HAL_SYSTICK_Config                     0x08001dd8   Section        0  stm32f4xx_hal_cortex.o(i.HAL_SYSTICK_Config)
    i.HAL_UART_Init                          0x08001e0c   Section        0  stm32f4xx_hal_uart.o(i.HAL_UART_Init)
    i.HAL_UART_MspInit                       0x08001e84   Section        0  usart.o(i.HAL_UART_MspInit)
    i.HardFault_Handler                      0x08001f64   Section        0  stm32f4xx_it.o(i.HardFault_Handler)
    i.MX_CAN1_Init                           0x08001f68   Section        0  can.o(i.MX_CAN1_Init)
    i.MX_CAN2_Init                           0x08001fac   Section        0  can.o(i.MX_CAN2_Init)
    i.MX_DMA_Init                            0x08001ff0   Section        0  dma.o(i.MX_DMA_Init)
    i.MX_FREERTOS_Init                       0x08002028   Section        0  freertos.o(i.MX_FREERTOS_Init)
    i.MX_GPIO_Init                           0x080020a4   Section        0  gpio.o(i.MX_GPIO_Init)
    i.MX_USART3_UART_Init                    0x08002144   Section        0  usart.o(i.MX_USART3_UART_Init)
    i.MemManage_Handler                      0x0800217c   Section        0  stm32f4xx_it.o(i.MemManage_Handler)
    i.NMI_Handler                            0x08002180   Section        0  stm32f4xx_it.o(i.NMI_Handler)
    i.RC_init                                0x08002184   Section        0  bsp_rc.o(i.RC_init)
    i.StartDefaultTask                       0x08002220   Section        0  freertos.o(i.StartDefaultTask)
    i.SysTick_Handler                        0x0800222a   Section        0  stm32f4xx_it.o(i.SysTick_Handler)
    i.SystemClock_Config                     0x08002240   Section        0  main.o(i.SystemClock_Config)
    i.SystemInit                             0x080022f4   Section        0  system_stm32f4xx.o(i.SystemInit)
    i.UART_SetConfig                         0x08002308   Section        0  stm32f4xx_hal_uart.o(i.UART_SetConfig)
    UART_SetConfig                           0x08002309   Thumb Code   546  stm32f4xx_hal_uart.o(i.UART_SetConfig)
    i.USART3_IRQHandler                      0x08002534   Section        0  remote_control.o(i.USART3_IRQHandler)
    i.UsageFault_Handler                     0x08002658   Section        0  stm32f4xx_it.o(i.UsageFault_Handler)
    i.__NVIC_GetPriorityGrouping             0x0800265c   Section        0  stm32f4xx_hal_cortex.o(i.__NVIC_GetPriorityGrouping)
    __NVIC_GetPriorityGrouping               0x0800265d   Thumb Code    10  stm32f4xx_hal_cortex.o(i.__NVIC_GetPriorityGrouping)
    i.__NVIC_SetPriority                     0x0800266c   Section        0  stm32f4xx_hal_cortex.o(i.__NVIC_SetPriority)
    __NVIC_SetPriority                       0x0800266d   Thumb Code    32  stm32f4xx_hal_cortex.o(i.__NVIC_SetPriority)
    i.can_filter_init                        0x08002694   Section        0  bsp_can.o(i.can_filter_init)
    i.check_task                             0x080026f0   Section        0  check_task.o(i.check_task)
    i.get_left_fric_motor_measure_point      0x080026f4   Section        0  can_receive.o(i.get_left_fric_motor_measure_point)
    i.get_remote_control_point               0x080026fc   Section        0  remote_control.o(i.get_remote_control_point)
    i.get_right_fric_motor_measure_point     0x08002704   Section        0  can_receive.o(i.get_right_fric_motor_measure_point)
    i.main                                   0x0800270c   Section        0  main.o(i.main)
    i.makeFreeRtosPriority                   0x0800273c   Section        0  cmsis_os.o(i.makeFreeRtosPriority)
    makeFreeRtosPriority                     0x0800273d   Thumb Code    12  cmsis_os.o(i.makeFreeRtosPriority)
    i.osDelay                                0x08002748   Section        0  cmsis_os.o(i.osDelay)
    i.osKernelStart                          0x08002758   Section        0  cmsis_os.o(i.osKernelStart)
    i.osThreadCreate                         0x08002762   Section        0  cmsis_os.o(i.osThreadCreate)
    i.pid_calc                               0x080027c0   Section        0  pid.o(i.pid_calc)
    i.pid_init                               0x080028e0   Section        0  pid.o(i.pid_init)
    i.prvAddCurrentTaskToDelayedList         0x08002940   Section        0  tasks.o(i.prvAddCurrentTaskToDelayedList)
    prvAddCurrentTaskToDelayedList           0x08002941   Thumb Code   110  tasks.o(i.prvAddCurrentTaskToDelayedList)
    i.prvAddNewTaskToReadyList               0x080029b8   Section        0  tasks.o(i.prvAddNewTaskToReadyList)
    prvAddNewTaskToReadyList                 0x080029b9   Thumb Code   124  tasks.o(i.prvAddNewTaskToReadyList)
    i.prvCheckTasksWaitingTermination        0x08002a40   Section        0  tasks.o(i.prvCheckTasksWaitingTermination)
    prvCheckTasksWaitingTermination          0x08002a41   Thumb Code    56  tasks.o(i.prvCheckTasksWaitingTermination)
    i.prvDeleteTCB                           0x08002a80   Section        0  tasks.o(i.prvDeleteTCB)
    prvDeleteTCB                             0x08002a81   Thumb Code    64  tasks.o(i.prvDeleteTCB)
    i.prvHeapInit                            0x08002ac0   Section        0  heap_4.o(i.prvHeapInit)
    prvHeapInit                              0x08002ac1   Thumb Code    70  heap_4.o(i.prvHeapInit)
    i.prvIdleTask                            0x08002b10   Section        0  tasks.o(i.prvIdleTask)
    prvIdleTask                              0x08002b11   Thumb Code    30  tasks.o(i.prvIdleTask)
    i.prvInitialiseNewTask                   0x08002b38   Section        0  tasks.o(i.prvInitialiseNewTask)
    prvInitialiseNewTask                     0x08002b39   Thumb Code   126  tasks.o(i.prvInitialiseNewTask)
    i.prvInitialiseTaskLists                 0x08002bb8   Section        0  tasks.o(i.prvInitialiseTaskLists)
    prvInitialiseTaskLists                   0x08002bb9   Thumb Code    66  tasks.o(i.prvInitialiseTaskLists)
    i.prvInsertBlockIntoFreeList             0x08002c18   Section        0  heap_4.o(i.prvInsertBlockIntoFreeList)
    prvInsertBlockIntoFreeList               0x08002c19   Thumb Code    84  heap_4.o(i.prvInsertBlockIntoFreeList)
    i.prvResetNextTaskUnblockTime            0x08002c74   Section        0  tasks.o(i.prvResetNextTaskUnblockTime)
    prvResetNextTaskUnblockTime              0x08002c75   Thumb Code    30  tasks.o(i.prvResetNextTaskUnblockTime)
    i.prvTaskExitError                       0x08002c98   Section        0  port.o(i.prvTaskExitError)
    prvTaskExitError                         0x08002c99   Thumb Code    42  port.o(i.prvTaskExitError)
    i.pvPortMalloc                           0x08002cc8   Section        0  heap_4.o(i.pvPortMalloc)
    i.pxPortInitialiseStack                  0x08002db0   Section        0  port.o(i.pxPortInitialiseStack)
    i.remote_control_init                    0x08002ddc   Section        0  remote_control.o(i.remote_control_init)
    i.sbus_to_rc                             0x08002df0   Section        0  remote_control.o(i.sbus_to_rc)
    sbus_to_rc                               0x08002df1   Thumb Code   218  remote_control.o(i.sbus_to_rc)
    i.shoot_control_loop                     0x08002ecc   Section        0  shoot_task.o(i.shoot_control_loop)
    i.shoot_feedback_update                  0x08002f6c   Section        0  shoot_task.o(i.shoot_feedback_update)
    i.shoot_init                             0x08002fb4   Section        0  shoot_task.o(i.shoot_init)
    i.shoot_mode_set                         0x08003024   Section        0  shoot_task.o(i.shoot_mode_set)
    i.shoot_task                             0x0800305c   Section        0  shoot_task.o(i.shoot_task)
    i.uxListRemove                           0x08003084   Section        0  list.o(i.uxListRemove)
    i.vApplicationGetIdleTaskMemory          0x080030ac   Section        0  freertos.o(i.vApplicationGetIdleTaskMemory)
    i.vListInitialise                        0x080030c4   Section        0  list.o(i.vListInitialise)
    i.vListInitialiseItem                    0x080030da   Section        0  list.o(i.vListInitialiseItem)
    i.vListInsert                            0x080030e0   Section        0  list.o(i.vListInsert)
    i.vListInsertEnd                         0x08003116   Section        0  list.o(i.vListInsertEnd)
    i.vPortEnterCritical                     0x08003130   Section        0  port.o(i.vPortEnterCritical)
    i.vPortExitCritical                      0x08003170   Section        0  port.o(i.vPortExitCritical)
    i.vPortFree                              0x0800319c   Section        0  heap_4.o(i.vPortFree)
    i.vPortSetupTimerInterrupt               0x08003200   Section        0  port.o(i.vPortSetupTimerInterrupt)
    i.vTaskDelay                             0x08003224   Section        0  tasks.o(i.vTaskDelay)
    i.vTaskStartScheduler                    0x08003274   Section        0  tasks.o(i.vTaskStartScheduler)
    i.vTaskSuspendAll                        0x080032fc   Section        0  tasks.o(i.vTaskSuspendAll)
    i.vTaskSwitchContext                     0x0800330c   Section        0  tasks.o(i.vTaskSwitchContext)
    i.xPortStartScheduler                    0x0800336c   Section        0  port.o(i.xPortStartScheduler)
    i.xPortSysTickHandler                    0x08003470   Section        0  port.o(i.xPortSysTickHandler)
    i.xTaskCreate                            0x0800349c   Section        0  tasks.o(i.xTaskCreate)
    i.xTaskCreateStatic                      0x08003508   Section        0  tasks.o(i.xTaskCreateStatic)
    i.xTaskGetSchedulerState                 0x08003568   Section        0  tasks.o(i.xTaskGetSchedulerState)
    i.xTaskIncrementTick                     0x08003584   Section        0  tasks.o(i.xTaskIncrementTick)
    i.xTaskResumeAll                         0x08003658   Section        0  tasks.o(i.xTaskResumeAll)
    i.yaw_task                               0x08003724   Section        0  yaw_task.o(i.yaw_task)
    x$fpl$fpinit                             0x08003728   Section       10  fpinit.o(x$fpl$fpinit)
    $v0                                      0x08003728   Number         0  fpinit.o(x$fpl$fpinit)
    .constdata                               0x08003734   Section      112  freertos.o(.constdata)
    .constdata                               0x080037a4   Section        8  stm32f4xx_hal_dma.o(.constdata)
    flagBitshiftOffset                       0x080037a4   Data           8  stm32f4xx_hal_dma.o(.constdata)
    .constdata                               0x080037ac   Section       24  system_stm32f4xx.o(.constdata)
    .constdata                               0x080037c4   Section       24  shoot_task.o(.constdata)
    .conststring                             0x080037dc   Section       44  freertos.o(.conststring)
    .data                                    0x20000000   Section       16  freertos.o(.data)
    .data                                    0x20000010   Section        4  can.o(.data)
    HAL_RCC_CAN1_CLK_ENABLED                 0x20000010   Data           4  can.o(.data)
    .data                                    0x20000014   Section        9  stm32f4xx_hal.o(.data)
    .data                                    0x20000020   Section        4  system_stm32f4xx.o(.data)
    .data                                    0x20000024   Section       60  tasks.o(.data)
    uxDeletedTasksWaitingCleanUp             0x20000028   Data           4  tasks.o(.data)
    uxCurrentNumberOfTasks                   0x2000002c   Data           4  tasks.o(.data)
    xTickCount                               0x20000030   Data           4  tasks.o(.data)
    uxTopReadyPriority                       0x20000034   Data           4  tasks.o(.data)
    xSchedulerRunning                        0x20000038   Data           4  tasks.o(.data)
    xPendedTicks                             0x2000003c   Data           4  tasks.o(.data)
    xYieldPending                            0x20000040   Data           4  tasks.o(.data)
    xNumOfOverflows                          0x20000044   Data           4  tasks.o(.data)
    uxTaskNumber                             0x20000048   Data           4  tasks.o(.data)
    xNextTaskUnblockTime                     0x2000004c   Data           4  tasks.o(.data)
    xIdleTaskHandle                          0x20000050   Data           4  tasks.o(.data)
    uxSchedulerSuspended                     0x20000054   Data           4  tasks.o(.data)
    pxDelayedTaskList                        0x20000058   Data           4  tasks.o(.data)
    pxOverflowDelayedTaskList                0x2000005c   Data           4  tasks.o(.data)
    .data                                    0x20000060   Section       32  heap_4.o(.data)
    pxEnd                                    0x20000060   Data           4  heap_4.o(.data)
    xFreeBytesRemaining                      0x20000064   Data           4  heap_4.o(.data)
    xMinimumEverFreeBytesRemaining           0x20000068   Data           4  heap_4.o(.data)
    xNumberOfSuccessfulAllocations           0x2000006c   Data           4  heap_4.o(.data)
    xNumberOfSuccessfulFrees                 0x20000070   Data           4  heap_4.o(.data)
    xBlockAllocatedBit                       0x20000074   Data           4  heap_4.o(.data)
    xStart                                   0x20000078   Data           8  heap_4.o(.data)
    .data                                    0x20000080   Section       12  port.o(.data)
    ucMaxSysCallPriority                     0x20000080   Data           1  port.o(.data)
    uxCriticalNesting                        0x20000084   Data           4  port.o(.data)
    ulMaxPRIGROUPValue                       0x20000088   Data           4  port.o(.data)
    .data                                    0x2000008c   Section        8  can_receive.o(.data)
    can1_send_data                           0x2000008c   Data           8  can_receive.o(.data)
    .data                                    0x20000094   Section        2  remote_control.o(.data)
    this_time_rx_len                         0x20000094   Data           2  remote_control.o(.data)
    .bss                                     0x20000098   Section      596  freertos.o(.bss)
    xIdleTaskTCBBuffer                       0x20000098   Data          84  freertos.o(.bss)
    xIdleStack                               0x200000ec   Data         512  freertos.o(.bss)
    .bss                                     0x200002ec   Section       80  can.o(.bss)
    .bss                                     0x2000033c   Section      168  usart.o(.bss)
    .bss                                     0x200003e4   Section      240  tasks.o(.bss)
    pxReadyTasksLists                        0x200003e4   Data         140  tasks.o(.bss)
    xDelayedTaskList1                        0x20000470   Data          20  tasks.o(.bss)
    xDelayedTaskList2                        0x20000484   Data          20  tasks.o(.bss)
    xPendingReadyList                        0x20000498   Data          20  tasks.o(.bss)
    xTasksWaitingTermination                 0x200004ac   Data          20  tasks.o(.bss)
    xSuspendedTaskList                       0x200004c0   Data          20  tasks.o(.bss)
    .bss                                     0x200004d4   Section    15360  heap_4.o(.bss)
    ucHeap                                   0x200004d4   Data       15360  heap_4.o(.bss)
    .bss                                     0x200040d4   Section      172  shoot_task.o(.bss)
    .bss                                     0x20004180   Section       76  can_receive.o(.bss)
    can1_tx_message                          0x200041b4   Data          24  can_receive.o(.bss)
    .bss                                     0x200041cc   Section       94  remote_control.o(.bss)
    sbus_rx_buf                              0x200041e2   Data          72  remote_control.o(.bss)
    .bss                                     0x2000422c   Section       96  libspace.o(.bss)
    HEAP                                     0x20004290   Section      512  startup_stm32f407xx.o(HEAP)
    Heap_Mem                                 0x20004290   Data         512  startup_stm32f407xx.o(HEAP)
    STACK                                    0x20004490   Section     1024  startup_stm32f407xx.o(STACK)
    Stack_Mem                                0x20004490   Data        1024  startup_stm32f407xx.o(STACK)
    __initial_sp                             0x20004890   Data           0  startup_stm32f407xx.o(STACK)

    Global Symbols

    Symbol Name                              Value     Ov Type        Size  Object(Section)

    BuildAttributes$$THM_ISAv4$E$P$D$K$B$S$7EM$VFPi3$EXTD16$VFPS$VFMA$PE$A:L22UL41UL21$X:L11$S22US41US21$IEEE1$IW$USESV6$~STKCKD$USESV7$~SHL$OTIME$ROPI$EBA8$UX$STANDARDLIB$REQ8$PRES8$EABIv2 0x00000000   Number         0  anon$$obj.o ABSOLUTE
    __ARM_use_no_argv                        0x00000000   Number         0  main.o ABSOLUTE
    __ARM_exceptions_init                     - Undefined Weak Reference
    __alloca_initialize                       - Undefined Weak Reference
    __arm_fini_                               - Undefined Weak Reference
    __arm_preinit_                            - Undefined Weak Reference
    __cpp_initialize__aeabi_                  - Undefined Weak Reference
    __cxa_finalize                            - Undefined Weak Reference
    __rt_locale                               - Undefined Weak Reference
    __sigvec_lookup                           - Undefined Weak Reference
    _atexit_init                              - Undefined Weak Reference
    _call_atexit_fns                          - Undefined Weak Reference
    _clock_init                               - Undefined Weak Reference
    _fp_trap_init                             - Undefined Weak Reference
    _fp_trap_shutdown                         - Undefined Weak Reference
    _get_lc_collate                           - Undefined Weak Reference
    _get_lc_ctype                             - Undefined Weak Reference
    _get_lc_monetary                          - Undefined Weak Reference
    _get_lc_numeric                           - Undefined Weak Reference
    _get_lc_time                              - Undefined Weak Reference
    _getenv_init                              - Undefined Weak Reference
    _handle_redirection                       - Undefined Weak Reference
    _init_alloc                               - Undefined Weak Reference
    _init_user_alloc                          - Undefined Weak Reference
    _initio                                   - Undefined Weak Reference
    _rand_init                                - Undefined Weak Reference
    _signal_finish                            - Undefined Weak Reference
    _signal_init                              - Undefined Weak Reference
    _terminate_alloc                          - Undefined Weak Reference
    _terminate_user_alloc                     - Undefined Weak Reference
    _terminateio                              - Undefined Weak Reference
    __Vectors_Size                           0x00000188   Number         0  startup_stm32f407xx.o ABSOLUTE
    __Vectors                                0x08000000   Data           4  startup_stm32f407xx.o(RESET)
    __Vectors_End                            0x08000188   Data           0  startup_stm32f407xx.o(RESET)
    __main                                   0x08000189   Thumb Code     8  __main.o(!!!main)
    __scatterload                            0x08000191   Thumb Code     0  __scatter.o(!!!scatter)
    __scatterload_rt2                        0x08000191   Thumb Code    44  __scatter.o(!!!scatter)
    __scatterload_rt2_thumb_only             0x08000191   Thumb Code     0  __scatter.o(!!!scatter)
    __scatterload_null                       0x0800019f   Thumb Code     0  __scatter.o(!!!scatter)
    __scatterload_copy                       0x080001c5   Thumb Code    26  __scatter_copy.o(!!handler_copy)
    __scatterload_zeroinit                   0x080001e1   Thumb Code    28  __scatter_zi.o(!!handler_zi)
    __rt_lib_init                            0x080001fd   Thumb Code     0  libinit.o(.ARM.Collect$$libinit$$00000000)
    __rt_lib_init_fp_1                       0x080001ff   Thumb Code     0  libinit2.o(.ARM.Collect$$libinit$$00000001)
    __rt_lib_init_alloca_1                   0x08000203   Thumb Code     0  libinit2.o(.ARM.Collect$$libinit$$0000002E)
    __rt_lib_init_argv_1                     0x08000203   Thumb Code     0  libinit2.o(.ARM.Collect$$libinit$$0000002C)
    __rt_lib_init_atexit_1                   0x08000203   Thumb Code     0  libinit2.o(.ARM.Collect$$libinit$$0000001B)
    __rt_lib_init_clock_1                    0x08000203   Thumb Code     0  libinit2.o(.ARM.Collect$$libinit$$00000021)
    __rt_lib_init_cpp_1                      0x08000203   Thumb Code     0  libinit2.o(.ARM.Collect$$libinit$$00000032)
    __rt_lib_init_exceptions_1               0x08000203   Thumb Code     0  libinit2.o(.ARM.Collect$$libinit$$00000030)
    __rt_lib_init_fp_trap_1                  0x08000203   Thumb Code     0  libinit2.o(.ARM.Collect$$libinit$$0000001F)
    __rt_lib_init_getenv_1                   0x08000203   Thumb Code     0  libinit2.o(.ARM.Collect$$libinit$$00000023)
    __rt_lib_init_heap_1                     0x08000203   Thumb Code     0  libinit2.o(.ARM.Collect$$libinit$$0000000A)
    __rt_lib_init_lc_collate_1               0x08000203   Thumb Code     0  libinit2.o(.ARM.Collect$$libinit$$00000011)
    __rt_lib_init_lc_ctype_1                 0x08000203   Thumb Code     0  libinit2.o(.ARM.Collect$$libinit$$00000013)
    __rt_lib_init_lc_monetary_1              0x08000203   Thumb Code     0  libinit2.o(.ARM.Collect$$libinit$$00000015)
    __rt_lib_init_lc_numeric_1               0x08000203   Thumb Code     0  libinit2.o(.ARM.Collect$$libinit$$00000017)
    __rt_lib_init_lc_time_1                  0x08000203   Thumb Code     0  libinit2.o(.ARM.Collect$$libinit$$00000019)
    __rt_lib_init_preinit_1                  0x08000203   Thumb Code     0  libinit2.o(.ARM.Collect$$libinit$$00000004)
    __rt_lib_init_rand_1                     0x08000203   Thumb Code     0  libinit2.o(.ARM.Collect$$libinit$$0000000E)
    __rt_lib_init_return                     0x08000203   Thumb Code     0  libinit2.o(.ARM.Collect$$libinit$$00000033)
    __rt_lib_init_signal_1                   0x08000203   Thumb Code     0  libinit2.o(.ARM.Collect$$libinit$$0000001D)
    __rt_lib_init_stdio_1                    0x08000203   Thumb Code     0  libinit2.o(.ARM.Collect$$libinit$$00000025)
    __rt_lib_init_user_alloc_1               0x08000203   Thumb Code     0  libinit2.o(.ARM.Collect$$libinit$$0000000C)
    __rt_lib_shutdown                        0x08000205   Thumb Code     0  libshutdown.o(.ARM.Collect$$libshutdown$$00000000)
    __rt_lib_shutdown_cpp_1                  0x08000207   Thumb Code     0  libshutdown2.o(.ARM.Collect$$libshutdown$$00000004)
    __rt_lib_shutdown_fini_1                 0x08000207   Thumb Code     0  libshutdown2.o(.ARM.Collect$$libshutdown$$00000002)
    __rt_lib_shutdown_fp_trap_1              0x08000207   Thumb Code     0  libshutdown2.o(.ARM.Collect$$libshutdown$$00000009)
    __rt_lib_shutdown_heap_1                 0x08000207   Thumb Code     0  libshutdown2.o(.ARM.Collect$$libshutdown$$00000011)
    __rt_lib_shutdown_return                 0x08000207   Thumb Code     0  libshutdown2.o(.ARM.Collect$$libshutdown$$00000012)
    __rt_lib_shutdown_signal_1               0x08000207   Thumb Code     0  libshutdown2.o(.ARM.Collect$$libshutdown$$0000000C)
    __rt_lib_shutdown_stdio_1                0x08000207   Thumb Code     0  libshutdown2.o(.ARM.Collect$$libshutdown$$00000006)
    __rt_lib_shutdown_user_alloc_1           0x08000207   Thumb Code     0  libshutdown2.o(.ARM.Collect$$libshutdown$$0000000E)
    __rt_entry                               0x08000209   Thumb Code     0  __rtentry.o(.ARM.Collect$$rtentry$$00000000)
    __rt_entry_presh_1                       0x08000209   Thumb Code     0  __rtentry2.o(.ARM.Collect$$rtentry$$00000002)
    __rt_entry_sh                            0x08000209   Thumb Code     0  __rtentry4.o(.ARM.Collect$$rtentry$$00000004)
    __rt_entry_li                            0x0800020f   Thumb Code     0  __rtentry2.o(.ARM.Collect$$rtentry$$0000000A)
    __rt_entry_postsh_1                      0x0800020f   Thumb Code     0  __rtentry2.o(.ARM.Collect$$rtentry$$00000009)
    __rt_entry_main                          0x08000213   Thumb Code     0  __rtentry2.o(.ARM.Collect$$rtentry$$0000000D)
    __rt_entry_postli_1                      0x08000213   Thumb Code     0  __rtentry2.o(.ARM.Collect$$rtentry$$0000000C)
    __rt_exit                                0x0800021b   Thumb Code     0  rtexit.o(.ARM.Collect$$rtexit$$00000000)
    __rt_exit_ls                             0x0800021d   Thumb Code     0  rtexit2.o(.ARM.Collect$$rtexit$$00000003)
    __rt_exit_prels_1                        0x0800021d   Thumb Code     0  rtexit2.o(.ARM.Collect$$rtexit$$00000002)
    __rt_exit_exit                           0x08000221   Thumb Code     0  rtexit2.o(.ARM.Collect$$rtexit$$00000004)
    SVC_Handler                              0x08000229   Thumb Code    28  port.o(.emb_text)
    __asm___6_port_c_39a90d8d__prvStartFirstTask 0x08000249   Thumb Code    36  port.o(.emb_text)
    __asm___6_port_c_39a90d8d__prvEnableVFP  0x08000271   Thumb Code    16  port.o(.emb_text)
    PendSV_Handler                           0x08000285   Thumb Code    88  port.o(.emb_text)
    vPortGetIPSR                             0x080002e1   Thumb Code     6  port.o(.emb_text)
    Reset_Handler                            0x080002e9   Thumb Code     8  startup_stm32f407xx.o(.text)
    ADC_IRQHandler                           0x08000303   Thumb Code     0  startup_stm32f407xx.o(.text)
    CAN1_RX1_IRQHandler                      0x08000303   Thumb Code     0  startup_stm32f407xx.o(.text)
    CAN1_SCE_IRQHandler                      0x08000303   Thumb Code     0  startup_stm32f407xx.o(.text)
    CAN1_TX_IRQHandler                       0x08000303   Thumb Code     0  startup_stm32f407xx.o(.text)
    CAN2_RX1_IRQHandler                      0x08000303   Thumb Code     0  startup_stm32f407xx.o(.text)
    CAN2_SCE_IRQHandler                      0x08000303   Thumb Code     0  startup_stm32f407xx.o(.text)
    CAN2_TX_IRQHandler                       0x08000303   Thumb Code     0  startup_stm32f407xx.o(.text)
    DCMI_IRQHandler                          0x08000303   Thumb Code     0  startup_stm32f407xx.o(.text)
    DMA1_Stream0_IRQHandler                  0x08000303   Thumb Code     0  startup_stm32f407xx.o(.text)
    DMA1_Stream2_IRQHandler                  0x08000303   Thumb Code     0  startup_stm32f407xx.o(.text)
    DMA1_Stream3_IRQHandler                  0x08000303   Thumb Code     0  startup_stm32f407xx.o(.text)
    DMA1_Stream4_IRQHandler                  0x08000303   Thumb Code     0  startup_stm32f407xx.o(.text)
    DMA1_Stream5_IRQHandler                  0x08000303   Thumb Code     0  startup_stm32f407xx.o(.text)
    DMA1_Stream6_IRQHandler                  0x08000303   Thumb Code     0  startup_stm32f407xx.o(.text)
    DMA1_Stream7_IRQHandler                  0x08000303   Thumb Code     0  startup_stm32f407xx.o(.text)
    DMA2_Stream0_IRQHandler                  0x08000303   Thumb Code     0  startup_stm32f407xx.o(.text)
    DMA2_Stream1_IRQHandler                  0x08000303   Thumb Code     0  startup_stm32f407xx.o(.text)
    DMA2_Stream2_IRQHandler                  0x08000303   Thumb Code     0  startup_stm32f407xx.o(.text)
    DMA2_Stream3_IRQHandler                  0x08000303   Thumb Code     0  startup_stm32f407xx.o(.text)
    DMA2_Stream4_IRQHandler                  0x08000303   Thumb Code     0  startup_stm32f407xx.o(.text)
    DMA2_Stream5_IRQHandler                  0x08000303   Thumb Code     0  startup_stm32f407xx.o(.text)
    DMA2_Stream6_IRQHandler                  0x08000303   Thumb Code     0  startup_stm32f407xx.o(.text)
    DMA2_Stream7_IRQHandler                  0x08000303   Thumb Code     0  startup_stm32f407xx.o(.text)
    ETH_IRQHandler                           0x08000303   Thumb Code     0  startup_stm32f407xx.o(.text)
    ETH_WKUP_IRQHandler                      0x08000303   Thumb Code     0  startup_stm32f407xx.o(.text)
    EXTI0_IRQHandler                         0x08000303   Thumb Code     0  startup_stm32f407xx.o(.text)
    EXTI15_10_IRQHandler                     0x08000303   Thumb Code     0  startup_stm32f407xx.o(.text)
    EXTI1_IRQHandler                         0x08000303   Thumb Code     0  startup_stm32f407xx.o(.text)
    EXTI2_IRQHandler                         0x08000303   Thumb Code     0  startup_stm32f407xx.o(.text)
    EXTI3_IRQHandler                         0x08000303   Thumb Code     0  startup_stm32f407xx.o(.text)
    EXTI4_IRQHandler                         0x08000303   Thumb Code     0  startup_stm32f407xx.o(.text)
    EXTI9_5_IRQHandler                       0x08000303   Thumb Code     0  startup_stm32f407xx.o(.text)
    FLASH_IRQHandler                         0x08000303   Thumb Code     0  startup_stm32f407xx.o(.text)
    FMC_IRQHandler                           0x08000303   Thumb Code     0  startup_stm32f407xx.o(.text)
    FPU_IRQHandler                           0x08000303   Thumb Code     0  startup_stm32f407xx.o(.text)
    HASH_RNG_IRQHandler                      0x08000303   Thumb Code     0  startup_stm32f407xx.o(.text)
    I2C1_ER_IRQHandler                       0x08000303   Thumb Code     0  startup_stm32f407xx.o(.text)
    I2C1_EV_IRQHandler                       0x08000303   Thumb Code     0  startup_stm32f407xx.o(.text)
    I2C2_ER_IRQHandler                       0x08000303   Thumb Code     0  startup_stm32f407xx.o(.text)
    I2C2_EV_IRQHandler                       0x08000303   Thumb Code     0  startup_stm32f407xx.o(.text)
    I2C3_ER_IRQHandler                       0x08000303   Thumb Code     0  startup_stm32f407xx.o(.text)
    I2C3_EV_IRQHandler                       0x08000303   Thumb Code     0  startup_stm32f407xx.o(.text)
    OTG_FS_IRQHandler                        0x08000303   Thumb Code     0  startup_stm32f407xx.o(.text)
    OTG_FS_WKUP_IRQHandler                   0x08000303   Thumb Code     0  startup_stm32f407xx.o(.text)
    OTG_HS_EP1_IN_IRQHandler                 0x08000303   Thumb Code     0  startup_stm32f407xx.o(.text)
    OTG_HS_EP1_OUT_IRQHandler                0x08000303   Thumb Code     0  startup_stm32f407xx.o(.text)
    OTG_HS_IRQHandler                        0x08000303   Thumb Code     0  startup_stm32f407xx.o(.text)
    OTG_HS_WKUP_IRQHandler                   0x08000303   Thumb Code     0  startup_stm32f407xx.o(.text)
    PVD_IRQHandler                           0x08000303   Thumb Code     0  startup_stm32f407xx.o(.text)
    RCC_IRQHandler                           0x08000303   Thumb Code     0  startup_stm32f407xx.o(.text)
    RTC_Alarm_IRQHandler                     0x08000303   Thumb Code     0  startup_stm32f407xx.o(.text)
    RTC_WKUP_IRQHandler                      0x08000303   Thumb Code     0  startup_stm32f407xx.o(.text)
    SDIO_IRQHandler                          0x08000303   Thumb Code     0  startup_stm32f407xx.o(.text)
    SPI1_IRQHandler                          0x08000303   Thumb Code     0  startup_stm32f407xx.o(.text)
    SPI2_IRQHandler                          0x08000303   Thumb Code     0  startup_stm32f407xx.o(.text)
    SPI3_IRQHandler                          0x08000303   Thumb Code     0  startup_stm32f407xx.o(.text)
    TAMP_STAMP_IRQHandler                    0x08000303   Thumb Code     0  startup_stm32f407xx.o(.text)
    TIM1_BRK_TIM9_IRQHandler                 0x08000303   Thumb Code     0  startup_stm32f407xx.o(.text)
    TIM1_CC_IRQHandler                       0x08000303   Thumb Code     0  startup_stm32f407xx.o(.text)
    TIM1_TRG_COM_TIM11_IRQHandler            0x08000303   Thumb Code     0  startup_stm32f407xx.o(.text)
    TIM1_UP_TIM10_IRQHandler                 0x08000303   Thumb Code     0  startup_stm32f407xx.o(.text)
    TIM2_IRQHandler                          0x08000303   Thumb Code     0  startup_stm32f407xx.o(.text)
    TIM3_IRQHandler                          0x08000303   Thumb Code     0  startup_stm32f407xx.o(.text)
    TIM4_IRQHandler                          0x08000303   Thumb Code     0  startup_stm32f407xx.o(.text)
    TIM5_IRQHandler                          0x08000303   Thumb Code     0  startup_stm32f407xx.o(.text)
    TIM6_DAC_IRQHandler                      0x08000303   Thumb Code     0  startup_stm32f407xx.o(.text)
    TIM7_IRQHandler                          0x08000303   Thumb Code     0  startup_stm32f407xx.o(.text)
    TIM8_BRK_TIM12_IRQHandler                0x08000303   Thumb Code     0  startup_stm32f407xx.o(.text)
    TIM8_CC_IRQHandler                       0x08000303   Thumb Code     0  startup_stm32f407xx.o(.text)
    TIM8_TRG_COM_TIM14_IRQHandler            0x08000303   Thumb Code     0  startup_stm32f407xx.o(.text)
    TIM8_UP_TIM13_IRQHandler                 0x08000303   Thumb Code     0  startup_stm32f407xx.o(.text)
    UART4_IRQHandler                         0x08000303   Thumb Code     0  startup_stm32f407xx.o(.text)
    UART5_IRQHandler                         0x08000303   Thumb Code     0  startup_stm32f407xx.o(.text)
    USART1_IRQHandler                        0x08000303   Thumb Code     0  startup_stm32f407xx.o(.text)
    USART2_IRQHandler                        0x08000303   Thumb Code     0  startup_stm32f407xx.o(.text)
    USART6_IRQHandler                        0x08000303   Thumb Code     0  startup_stm32f407xx.o(.text)
    WWDG_IRQHandler                          0x08000303   Thumb Code     0  startup_stm32f407xx.o(.text)
    __user_initial_stackheap                 0x08000305   Thumb Code     0  startup_stm32f407xx.o(.text)
    __aeabi_uldivmod                         0x08000329   Thumb Code     0  lludivv7m.o(.text)
    _ll_udiv                                 0x08000329   Thumb Code   238  lludivv7m.o(.text)
    __aeabi_memcpy4                          0x08000417   Thumb Code     0  rt_memcpy_w.o(.text)
    __aeabi_memcpy8                          0x08000417   Thumb Code     0  rt_memcpy_w.o(.text)
    __rt_memcpy_w                            0x08000417   Thumb Code   100  rt_memcpy_w.o(.text)
    _memcpy_lastbytes_aligned                0x0800045f   Thumb Code     0  rt_memcpy_w.o(.text)
    __aeabi_memclr4                          0x0800047b   Thumb Code     0  rt_memclr_w.o(.text)
    __aeabi_memclr8                          0x0800047b   Thumb Code     0  rt_memclr_w.o(.text)
    __rt_memclr_w                            0x0800047b   Thumb Code    78  rt_memclr_w.o(.text)
    _memset_w                                0x0800047f   Thumb Code     0  rt_memclr_w.o(.text)
    __use_two_region_memory                  0x080004c9   Thumb Code     2  heapauxi.o(.text)
    __rt_heap_escrow$2region                 0x080004cb   Thumb Code     2  heapauxi.o(.text)
    __rt_heap_expand$2region                 0x080004cd   Thumb Code     2  heapauxi.o(.text)
    __user_setup_stackheap                   0x080004cf   Thumb Code    74  sys_stackheap_outer.o(.text)
    exit                                     0x08000519   Thumb Code    18  exit.o(.text)
    __user_libspace                          0x0800052d   Thumb Code     8  libspace.o(.text)
    __user_perproc_libspace                  0x0800052d   Thumb Code     0  libspace.o(.text)
    __user_perthread_libspace                0x0800052d   Thumb Code     0  libspace.o(.text)
    _sys_exit                                0x08000535   Thumb Code     8  sys_exit.o(.text)
    __I$use$semihosting                      0x08000541   Thumb Code     0  use_no_semi.o(.text)
    __use_no_semihosting_swi                 0x08000541   Thumb Code     2  use_no_semi.o(.text)
    BusFault_Handler                         0x08000543   Thumb Code     4  stm32f4xx_it.o(i.BusFault_Handler)
    __semihosting_library_function           0x08000543   Thumb Code     0  indicate_semi.o(.text)
    CAN1_RX0_IRQHandler                      0x08000549   Thumb Code    10  stm32f4xx_it.o(i.CAN1_RX0_IRQHandler)
    CAN2_RX0_IRQHandler                      0x08000559   Thumb Code    10  stm32f4xx_it.o(i.CAN2_RX0_IRQHandler)
    CAN_cmd_shoot                            0x08000569   Thumb Code    64  can_receive.o(i.CAN_cmd_shoot)
    DMA1_Stream1_IRQHandler                  0x080005b5   Thumb Code     2  stm32f4xx_it.o(i.DMA1_Stream1_IRQHandler)
    DebugMon_Handler                         0x08000697   Thumb Code     2  stm32f4xx_it.o(i.DebugMon_Handler)
    Error_Handler                            0x08000699   Thumb Code     6  main.o(i.Error_Handler)
    HAL_CAN_ActivateNotification             0x0800069f   Thumb Code    42  stm32f4xx_hal_can.o(i.HAL_CAN_ActivateNotification)
    HAL_CAN_AddTxMessage                     0x080006c9   Thumb Code   330  stm32f4xx_hal_can.o(i.HAL_CAN_AddTxMessage)
    HAL_CAN_ConfigFilter                     0x08000815   Thumb Code   286  stm32f4xx_hal_can.o(i.HAL_CAN_ConfigFilter)
    HAL_CAN_ErrorCallback                    0x08000939   Thumb Code     2  stm32f4xx_hal_can.o(i.HAL_CAN_ErrorCallback)
    HAL_CAN_GetRxMessage                     0x0800093b   Thumb Code   404  stm32f4xx_hal_can.o(i.HAL_CAN_GetRxMessage)
    HAL_CAN_IRQHandler                       0x08000acf   Thumb Code   590  stm32f4xx_hal_can.o(i.HAL_CAN_IRQHandler)
    HAL_CAN_Init                             0x08000d1d   Thumb Code   372  stm32f4xx_hal_can.o(i.HAL_CAN_Init)
    HAL_CAN_MspInit                          0x08000e91   Thumb Code   328  can.o(i.HAL_CAN_MspInit)
    HAL_CAN_RxFifo0FullCallback              0x08000ff1   Thumb Code     2  stm32f4xx_hal_can.o(i.HAL_CAN_RxFifo0FullCallback)
    HAL_CAN_RxFifo0MsgPendingCallback        0x08000ff5   Thumb Code   406  can_receive.o(i.HAL_CAN_RxFifo0MsgPendingCallback)
    HAL_CAN_RxFifo1FullCallback              0x0800119d   Thumb Code     2  stm32f4xx_hal_can.o(i.HAL_CAN_RxFifo1FullCallback)
    HAL_CAN_RxFifo1MsgPendingCallback        0x0800119f   Thumb Code     2  stm32f4xx_hal_can.o(i.HAL_CAN_RxFifo1MsgPendingCallback)
    HAL_CAN_SleepCallback                    0x080011a1   Thumb Code     2  stm32f4xx_hal_can.o(i.HAL_CAN_SleepCallback)
    HAL_CAN_Start                            0x080011a3   Thumb Code    94  stm32f4xx_hal_can.o(i.HAL_CAN_Start)
    HAL_CAN_TxMailbox0AbortCallback          0x08001201   Thumb Code     2  stm32f4xx_hal_can.o(i.HAL_CAN_TxMailbox0AbortCallback)
    HAL_CAN_TxMailbox0CompleteCallback       0x08001203   Thumb Code     2  stm32f4xx_hal_can.o(i.HAL_CAN_TxMailbox0CompleteCallback)
    HAL_CAN_TxMailbox1AbortCallback          0x08001205   Thumb Code     2  stm32f4xx_hal_can.o(i.HAL_CAN_TxMailbox1AbortCallback)
    HAL_CAN_TxMailbox1CompleteCallback       0x08001207   Thumb Code     2  stm32f4xx_hal_can.o(i.HAL_CAN_TxMailbox1CompleteCallback)
    HAL_CAN_TxMailbox2AbortCallback          0x08001209   Thumb Code     2  stm32f4xx_hal_can.o(i.HAL_CAN_TxMailbox2AbortCallback)
    HAL_CAN_TxMailbox2CompleteCallback       0x0800120b   Thumb Code     2  stm32f4xx_hal_can.o(i.HAL_CAN_TxMailbox2CompleteCallback)
    HAL_CAN_WakeUpFromRxMsgCallback          0x0800120d   Thumb Code     2  stm32f4xx_hal_can.o(i.HAL_CAN_WakeUpFromRxMsgCallback)
    HAL_DMA_Init                             0x08001211   Thumb Code   232  stm32f4xx_hal_dma.o(i.HAL_DMA_Init)
    HAL_GPIO_Init                            0x080012fd   Thumb Code   454  stm32f4xx_hal_gpio.o(i.HAL_GPIO_Init)
    HAL_GetTick                              0x080014f1   Thumb Code     6  stm32f4xx_hal.o(i.HAL_GetTick)
    HAL_IncTick                              0x080014fd   Thumb Code    16  stm32f4xx_hal.o(i.HAL_IncTick)
    HAL_Init                                 0x08001515   Thumb Code    54  stm32f4xx_hal.o(i.HAL_Init)
    HAL_InitTick                             0x08001551   Thumb Code    64  stm32f4xx_hal.o(i.HAL_InitTick)
    HAL_MspInit                              0x0800159d   Thumb Code    78  stm32f4xx_hal_msp.o(i.HAL_MspInit)
    HAL_NVIC_EnableIRQ                       0x080015f1   Thumb Code    40  stm32f4xx_hal_cortex.o(i.HAL_NVIC_EnableIRQ)
    HAL_NVIC_SetPriority                     0x08001619   Thumb Code   124  stm32f4xx_hal_cortex.o(i.HAL_NVIC_SetPriority)
    HAL_NVIC_SetPriorityGrouping             0x08001695   Thumb Code    32  stm32f4xx_hal_cortex.o(i.HAL_NVIC_SetPriorityGrouping)
    HAL_RCC_ClockConfig                      0x080016bd   Thumb Code   368  stm32f4xx_hal_rcc.o(i.HAL_RCC_ClockConfig)
    HAL_RCC_GetHCLKFreq                      0x08001841   Thumb Code     6  stm32f4xx_hal_rcc.o(i.HAL_RCC_GetHCLKFreq)
    HAL_RCC_GetPCLK1Freq                     0x0800184d   Thumb Code    22  stm32f4xx_hal_rcc.o(i.HAL_RCC_GetPCLK1Freq)
    HAL_RCC_GetPCLK2Freq                     0x0800186d   Thumb Code    22  stm32f4xx_hal_rcc.o(i.HAL_RCC_GetPCLK2Freq)
    HAL_RCC_GetSysClockFreq                  0x0800188d   Thumb Code   162  stm32f4xx_hal_rcc.o(i.HAL_RCC_GetSysClockFreq)
    HAL_RCC_OscConfig                        0x0800193d   Thumb Code  1172  stm32f4xx_hal_rcc.o(i.HAL_RCC_OscConfig)
    HAL_SYSTICK_Config                       0x08001dd9   Thumb Code    52  stm32f4xx_hal_cortex.o(i.HAL_SYSTICK_Config)
    HAL_UART_Init                            0x08001e0d   Thumb Code   118  stm32f4xx_hal_uart.o(i.HAL_UART_Init)
    HAL_UART_MspInit                         0x08001e85   Thumb Code   204  usart.o(i.HAL_UART_MspInit)
    HardFault_Handler                        0x08001f65   Thumb Code     4  stm32f4xx_it.o(i.HardFault_Handler)
    MX_CAN1_Init                             0x08001f69   Thumb Code    58  can.o(i.MX_CAN1_Init)
    MX_CAN2_Init                             0x08001fad   Thumb Code    58  can.o(i.MX_CAN2_Init)
    MX_DMA_Init                              0x08001ff1   Thumb Code    52  dma.o(i.MX_DMA_Init)
    MX_FREERTOS_Init                         0x08002029   Thumb Code   102  freertos.o(i.MX_FREERTOS_Init)
    MX_GPIO_Init                             0x080020a5   Thumb Code   156  gpio.o(i.MX_GPIO_Init)
    MX_USART3_UART_Init                      0x08002145   Thumb Code    44  usart.o(i.MX_USART3_UART_Init)
    MemManage_Handler                        0x0800217d   Thumb Code     4  stm32f4xx_it.o(i.MemManage_Handler)
    NMI_Handler                              0x08002181   Thumb Code     2  stm32f4xx_it.o(i.NMI_Handler)
    RC_init                                  0x08002185   Thumb Code   142  bsp_rc.o(i.RC_init)
    StartDefaultTask                         0x08002221   Thumb Code    10  freertos.o(i.StartDefaultTask)
    SysTick_Handler                          0x0800222b   Thumb Code    20  stm32f4xx_it.o(i.SysTick_Handler)
    SystemClock_Config                       0x08002241   Thumb Code   170  main.o(i.SystemClock_Config)
    SystemInit                               0x080022f5   Thumb Code    14  system_stm32f4xx.o(i.SystemInit)
    USART3_IRQHandler                        0x08002535   Thumb Code   264  remote_control.o(i.USART3_IRQHandler)
    UsageFault_Handler                       0x08002659   Thumb Code     4  stm32f4xx_it.o(i.UsageFault_Handler)
    can_filter_init                          0x08002695   Thumb Code    84  bsp_can.o(i.can_filter_init)
    check_task                               0x080026f1   Thumb Code     4  check_task.o(i.check_task)
    get_left_fric_motor_measure_point        0x080026f5   Thumb Code     4  can_receive.o(i.get_left_fric_motor_measure_point)
    get_remote_control_point                 0x080026fd   Thumb Code     4  remote_control.o(i.get_remote_control_point)
    get_right_fric_motor_measure_point       0x08002705   Thumb Code     4  can_receive.o(i.get_right_fric_motor_measure_point)
    main                                     0x0800270d   Thumb Code    48  main.o(i.main)
    osDelay                                  0x08002749   Thumb Code    16  cmsis_os.o(i.osDelay)
    osKernelStart                            0x08002759   Thumb Code    10  cmsis_os.o(i.osKernelStart)
    osThreadCreate                           0x08002763   Thumb Code    92  cmsis_os.o(i.osThreadCreate)
    pid_calc                                 0x080027c1   Thumb Code   282  pid.o(i.pid_calc)
    pid_init                                 0x080028e1   Thumb Code    90  pid.o(i.pid_init)
    pvPortMalloc                             0x08002cc9   Thumb Code   224  heap_4.o(i.pvPortMalloc)
    pxPortInitialiseStack                    0x08002db1   Thumb Code    38  port.o(i.pxPortInitialiseStack)
    remote_control_init                      0x08002ddd   Thumb Code    16  remote_control.o(i.remote_control_init)
    shoot_control_loop                       0x08002ecd   Thumb Code   150  shoot_task.o(i.shoot_control_loop)
    shoot_feedback_update                    0x08002f6d   Thumb Code    58  shoot_task.o(i.shoot_feedback_update)
    shoot_init                               0x08002fb5   Thumb Code    94  shoot_task.o(i.shoot_init)
    shoot_mode_set                           0x08003025   Thumb Code    52  shoot_task.o(i.shoot_mode_set)
    shoot_task                               0x0800305d   Thumb Code    34  shoot_task.o(i.shoot_task)
    uxListRemove                             0x08003085   Thumb Code    38  list.o(i.uxListRemove)
    vApplicationGetIdleTaskMemory            0x080030ad   Thumb Code    14  freertos.o(i.vApplicationGetIdleTaskMemory)
    vListInitialise                          0x080030c5   Thumb Code    22  list.o(i.vListInitialise)
    vListInitialiseItem                      0x080030db   Thumb Code     6  list.o(i.vListInitialiseItem)
    vListInsert                              0x080030e1   Thumb Code    54  list.o(i.vListInsert)
    vListInsertEnd                           0x08003117   Thumb Code    24  list.o(i.vListInsertEnd)
    vPortEnterCritical                       0x08003131   Thumb Code    54  port.o(i.vPortEnterCritical)
    vPortExitCritical                        0x08003171   Thumb Code    38  port.o(i.vPortExitCritical)
    vPortFree                                0x0800319d   Thumb Code    94  heap_4.o(i.vPortFree)
    vPortSetupTimerInterrupt                 0x08003201   Thumb Code    32  port.o(i.vPortSetupTimerInterrupt)
    vTaskDelay                               0x08003225   Thumb Code    70  tasks.o(i.vTaskDelay)
    vTaskStartScheduler                      0x08003275   Thumb Code   120  tasks.o(i.vTaskStartScheduler)
    vTaskSuspendAll                          0x080032fd   Thumb Code    10  tasks.o(i.vTaskSuspendAll)
    vTaskSwitchContext                       0x0800330d   Thumb Code    86  tasks.o(i.vTaskSwitchContext)
    xPortStartScheduler                      0x0800336d   Thumb Code   232  port.o(i.xPortStartScheduler)
    xPortSysTickHandler                      0x08003471   Thumb Code    38  port.o(i.xPortSysTickHandler)
    xTaskCreate                              0x0800349d   Thumb Code   108  tasks.o(i.xTaskCreate)
    xTaskCreateStatic                        0x08003509   Thumb Code    96  tasks.o(i.xTaskCreateStatic)
    xTaskGetSchedulerState                   0x08003569   Thumb Code    24  tasks.o(i.xTaskGetSchedulerState)
    xTaskIncrementTick                       0x08003585   Thumb Code   202  tasks.o(i.xTaskIncrementTick)
    xTaskResumeAll                           0x08003659   Thumb Code   190  tasks.o(i.xTaskResumeAll)
    yaw_task                                 0x08003725   Thumb Code     4  yaw_task.o(i.yaw_task)
    _fp_init                                 0x08003729   Thumb Code    10  fpinit.o(x$fpl$fpinit)
    __fplib_config_fpu_vfp                   0x08003731   Thumb Code     0  fpinit.o(x$fpl$fpinit)
    __fplib_config_pureend_doubles           0x08003731   Thumb Code     0  fpinit.o(x$fpl$fpinit)
    AHBPrescTable                            0x080037ac   Data          16  system_stm32f4xx.o(.constdata)
    APBPrescTable                            0x080037bc   Data           8  system_stm32f4xx.o(.constdata)
    Region$$Table$$Base                      0x08003808   Number         0  anon$$obj.o(Region$$Table)
    Region$$Table$$Limit                     0x08003828   Number         0  anon$$obj.o(Region$$Table)
    defaultTaskHandle                        0x20000000   Data           4  freertos.o(.data)
    ShootTaskHandle                          0x20000004   Data           4  freertos.o(.data)
    YawTaskHandle                            0x20000008   Data           4  freertos.o(.data)
    CheckTaskHandle                          0x2000000c   Data           4  freertos.o(.data)
    uwTick                                   0x20000014   Data           4  stm32f4xx_hal.o(.data)
    uwTickPrio                               0x20000018   Data           4  stm32f4xx_hal.o(.data)
    uwTickFreq                               0x2000001c   Data           1  stm32f4xx_hal.o(.data)
    SystemCoreClock                          0x20000020   Data           4  system_stm32f4xx.o(.data)
    pxCurrentTCB                             0x20000024   Data           4  tasks.o(.data)
    hcan1                                    0x200002ec   Data          40  can.o(.bss)
    hcan2                                    0x20000314   Data          40  can.o(.bss)
    huart3                                   0x2000033c   Data          72  usart.o(.bss)
    hdma_usart3_rx                           0x20000384   Data          96  usart.o(.bss)
    shoot_control_data                       0x200040d4   Data         172  shoot_task.o(.bss)
    motor_push_data                          0x20004180   Data          20  can_receive.o(.bss)
    motor_gimbal_data                        0x20004194   Data          10  can_receive.o(.bss)
    motor_fric_data                          0x2000419e   Data          20  can_receive.o(.bss)
    rc_ctrl                                  0x200041cc   Data          22  remote_control.o(.bss)
    __libspace_start                         0x2000422c   Data          96  libspace.o(.bss)
    __temporary_stack_top$libspace           0x2000428c   Data           0  libspace.o(.bss)



==============================================================================

Memory Map of the image

  Image Entry point : 0x08000189

  Load Region LR_IROM1 (Base: 0x08000000, Size: 0x000038c0, Max: 0x00100000, ABSOLUTE)

    Execution Region ER_IROM1 (Exec base: 0x08000000, Load base: 0x08000000, Size: 0x00003828, Max: 0x00100000, ABSOLUTE)

    Exec Addr    Load Addr    Size         Type   Attr      Idx    E Section Name        Object

    0x08000000   0x08000000   0x00000188   Data   RO            3    RESET               startup_stm32f407xx.o
    0x08000188   0x08000188   0x00000008   Code   RO         4361  * !!!main             c_w.l(__main.o)
    0x08000190   0x08000190   0x00000034   Code   RO         4532    !!!scatter          c_w.l(__scatter.o)
    0x080001c4   0x080001c4   0x0000001a   Code   RO         4534    !!handler_copy      c_w.l(__scatter_copy.o)
    0x080001de   0x080001de   0x00000002   PAD
    0x080001e0   0x080001e0   0x0000001c   Code   RO         4536    !!handler_zi        c_w.l(__scatter_zi.o)
    0x080001fc   0x080001fc   0x00000002   Code   RO         4400    .ARM.Collect$$libinit$$00000000  c_w.l(libinit.o)
    0x080001fe   0x080001fe   0x00000004   Code   RO         4412    .ARM.Collect$$libinit$$00000001  c_w.l(libinit2.o)
    0x08000202   0x08000202   0x00000000   Code   RO         4415    .ARM.Collect$$libinit$$00000004  c_w.l(libinit2.o)
    0x08000202   0x08000202   0x00000000   Code   RO         4418    .ARM.Collect$$libinit$$0000000A  c_w.l(libinit2.o)
    0x08000202   0x08000202   0x00000000   Code   RO         4420    .ARM.Collect$$libinit$$0000000C  c_w.l(libinit2.o)
    0x08000202   0x08000202   0x00000000   Code   RO         4422    .ARM.Collect$$libinit$$0000000E  c_w.l(libinit2.o)
    0x08000202   0x08000202   0x00000000   Code   RO         4425    .ARM.Collect$$libinit$$00000011  c_w.l(libinit2.o)
    0x08000202   0x08000202   0x00000000   Code   RO         4427    .ARM.Collect$$libinit$$00000013  c_w.l(libinit2.o)
    0x08000202   0x08000202   0x00000000   Code   RO         4429    .ARM.Collect$$libinit$$00000015  c_w.l(libinit2.o)
    0x08000202   0x08000202   0x00000000   Code   RO         4431    .ARM.Collect$$libinit$$00000017  c_w.l(libinit2.o)
    0x08000202   0x08000202   0x00000000   Code   RO         4433    .ARM.Collect$$libinit$$00000019  c_w.l(libinit2.o)
    0x08000202   0x08000202   0x00000000   Code   RO         4435    .ARM.Collect$$libinit$$0000001B  c_w.l(libinit2.o)
    0x08000202   0x08000202   0x00000000   Code   RO         4437    .ARM.Collect$$libinit$$0000001D  c_w.l(libinit2.o)
    0x08000202   0x08000202   0x00000000   Code   RO         4439    .ARM.Collect$$libinit$$0000001F  c_w.l(libinit2.o)
    0x08000202   0x08000202   0x00000000   Code   RO         4441    .ARM.Collect$$libinit$$00000021  c_w.l(libinit2.o)
    0x08000202   0x08000202   0x00000000   Code   RO         4443    .ARM.Collect$$libinit$$00000023  c_w.l(libinit2.o)
    0x08000202   0x08000202   0x00000000   Code   RO         4445    .ARM.Collect$$libinit$$00000025  c_w.l(libinit2.o)
    0x08000202   0x08000202   0x00000000   Code   RO         4449    .ARM.Collect$$libinit$$0000002C  c_w.l(libinit2.o)
    0x08000202   0x08000202   0x00000000   Code   RO         4451    .ARM.Collect$$libinit$$0000002E  c_w.l(libinit2.o)
    0x08000202   0x08000202   0x00000000   Code   RO         4453    .ARM.Collect$$libinit$$00000030  c_w.l(libinit2.o)
    0x08000202   0x08000202   0x00000000   Code   RO         4455    .ARM.Collect$$libinit$$00000032  c_w.l(libinit2.o)
    0x08000202   0x08000202   0x00000002   Code   RO         4456    .ARM.Collect$$libinit$$00000033  c_w.l(libinit2.o)
    0x08000204   0x08000204   0x00000002   Code   RO         4487    .ARM.Collect$$libshutdown$$00000000  c_w.l(libshutdown.o)
    0x08000206   0x08000206   0x00000000   Code   RO         4513    .ARM.Collect$$libshutdown$$00000002  c_w.l(libshutdown2.o)
    0x08000206   0x08000206   0x00000000   Code   RO         4515    .ARM.Collect$$libshutdown$$00000004  c_w.l(libshutdown2.o)
    0x08000206   0x08000206   0x00000000   Code   RO         4517    .ARM.Collect$$libshutdown$$00000006  c_w.l(libshutdown2.o)
    0x08000206   0x08000206   0x00000000   Code   RO         4520    .ARM.Collect$$libshutdown$$00000009  c_w.l(libshutdown2.o)
    0x08000206   0x08000206   0x00000000   Code   RO         4523    .ARM.Collect$$libshutdown$$0000000C  c_w.l(libshutdown2.o)
    0x08000206   0x08000206   0x00000000   Code   RO         4525    .ARM.Collect$$libshutdown$$0000000E  c_w.l(libshutdown2.o)
    0x08000206   0x08000206   0x00000000   Code   RO         4528    .ARM.Collect$$libshutdown$$00000011  c_w.l(libshutdown2.o)
    0x08000206   0x08000206   0x00000002   Code   RO         4529    .ARM.Collect$$libshutdown$$00000012  c_w.l(libshutdown2.o)
    0x08000208   0x08000208   0x00000000   Code   RO         4363    .ARM.Collect$$rtentry$$00000000  c_w.l(__rtentry.o)
    0x08000208   0x08000208   0x00000000   Code   RO         4371    .ARM.Collect$$rtentry$$00000002  c_w.l(__rtentry2.o)
    0x08000208   0x08000208   0x00000006   Code   RO         4383    .ARM.Collect$$rtentry$$00000004  c_w.l(__rtentry4.o)
    0x0800020e   0x0800020e   0x00000000   Code   RO         4373    .ARM.Collect$$rtentry$$00000009  c_w.l(__rtentry2.o)
    0x0800020e   0x0800020e   0x00000004   Code   RO         4374    .ARM.Collect$$rtentry$$0000000A  c_w.l(__rtentry2.o)
    0x08000212   0x08000212   0x00000000   Code   RO         4376    .ARM.Collect$$rtentry$$0000000C  c_w.l(__rtentry2.o)
    0x08000212   0x08000212   0x00000008   Code   RO         4377    .ARM.Collect$$rtentry$$0000000D  c_w.l(__rtentry2.o)
    0x0800021a   0x0800021a   0x00000002   Code   RO         4404    .ARM.Collect$$rtexit$$00000000  c_w.l(rtexit.o)
    0x0800021c   0x0800021c   0x00000000   Code   RO         4460    .ARM.Collect$$rtexit$$00000002  c_w.l(rtexit2.o)
    0x0800021c   0x0800021c   0x00000004   Code   RO         4461    .ARM.Collect$$rtexit$$00000003  c_w.l(rtexit2.o)
    0x08000220   0x08000220   0x00000006   Code   RO         4462    .ARM.Collect$$rtexit$$00000004  c_w.l(rtexit2.o)
    0x08000226   0x08000226   0x00000002   PAD
    0x08000228   0x08000228   0x000000be   Code   RO         3759    .emb_text           port.o
    0x080002e6   0x080002e6   0x00000002   PAD
    0x080002e8   0x080002e8   0x00000040   Code   RO            4    .text               startup_stm32f407xx.o
    0x08000328   0x08000328   0x000000ee   Code   RO         4349    .text               c_w.l(lludivv7m.o)
    0x08000416   0x08000416   0x00000064   Code   RO         4353    .text               c_w.l(rt_memcpy_w.o)
    0x0800047a   0x0800047a   0x0000004e   Code   RO         4357    .text               c_w.l(rt_memclr_w.o)
    0x080004c8   0x080004c8   0x00000006   Code   RO         4359    .text               c_w.l(heapauxi.o)
    0x080004ce   0x080004ce   0x0000004a   Code   RO         4387    .text               c_w.l(sys_stackheap_outer.o)
    0x08000518   0x08000518   0x00000012   Code   RO         4389    .text               c_w.l(exit.o)
    0x0800052a   0x0800052a   0x00000002   PAD
    0x0800052c   0x0800052c   0x00000008   Code   RO         4401    .text               c_w.l(libspace.o)
    0x08000534   0x08000534   0x0000000c   Code   RO         4457    .text               c_w.l(sys_exit.o)
    0x08000540   0x08000540   0x00000002   Code   RO         4476    .text               c_w.l(use_no_semi.o)
    0x08000542   0x08000542   0x00000000   Code   RO         4478    .text               c_w.l(indicate_semi.o)
    0x08000542   0x08000542   0x00000004   Code   RO          544    i.BusFault_Handler  stm32f4xx_it.o
    0x08000546   0x08000546   0x00000002   PAD
    0x08000548   0x08000548   0x00000010   Code   RO          545    i.CAN1_RX0_IRQHandler  stm32f4xx_it.o
    0x08000558   0x08000558   0x00000010   Code   RO          546    i.CAN2_RX0_IRQHandler  stm32f4xx_it.o
    0x08000568   0x08000568   0x0000004c   Code   RO         4043    i.CAN_cmd_shoot     can_receive.o
    0x080005b4   0x080005b4   0x00000002   Code   RO          547    i.DMA1_Stream1_IRQHandler  stm32f4xx_it.o
    0x080005b6   0x080005b6   0x00000002   PAD
    0x080005b8   0x080005b8   0x00000034   Code   RO         1391    i.DMA_CalcBaseAndBitshift  stm32f4xx_hal_dma.o
    0x080005ec   0x080005ec   0x000000aa   Code   RO         1392    i.DMA_CheckFifoParam  stm32f4xx_hal_dma.o
    0x08000696   0x08000696   0x00000002   Code   RO          548    i.DebugMon_Handler  stm32f4xx_it.o
    0x08000698   0x08000698   0x00000006   Code   RO           13    i.Error_Handler     main.o
    0x0800069e   0x0800069e   0x0000002a   Code   RO          654    i.HAL_CAN_ActivateNotification  stm32f4xx_hal_can.o
    0x080006c8   0x080006c8   0x0000014a   Code   RO          655    i.HAL_CAN_AddTxMessage  stm32f4xx_hal_can.o
    0x08000812   0x08000812   0x00000002   PAD
    0x08000814   0x08000814   0x00000124   Code   RO          656    i.HAL_CAN_ConfigFilter  stm32f4xx_hal_can.o
    0x08000938   0x08000938   0x00000002   Code   RO          659    i.HAL_CAN_ErrorCallback  stm32f4xx_hal_can.o
    0x0800093a   0x0800093a   0x00000194   Code   RO          662    i.HAL_CAN_GetRxMessage  stm32f4xx_hal_can.o
    0x08000ace   0x08000ace   0x0000024e   Code   RO          666    i.HAL_CAN_IRQHandler  stm32f4xx_hal_can.o
    0x08000d1c   0x08000d1c   0x00000174   Code   RO          667    i.HAL_CAN_Init      stm32f4xx_hal_can.o
    0x08000e90   0x08000e90   0x00000160   Code   RO          427    i.HAL_CAN_MspInit   can.o
    0x08000ff0   0x08000ff0   0x00000002   Code   RO          674    i.HAL_CAN_RxFifo0FullCallback  stm32f4xx_hal_can.o
    0x08000ff2   0x08000ff2   0x00000002   PAD
    0x08000ff4   0x08000ff4   0x000001a8   Code   RO         4044    i.HAL_CAN_RxFifo0MsgPendingCallback  can_receive.o
    0x0800119c   0x0800119c   0x00000002   Code   RO          676    i.HAL_CAN_RxFifo1FullCallback  stm32f4xx_hal_can.o
    0x0800119e   0x0800119e   0x00000002   Code   RO          677    i.HAL_CAN_RxFifo1MsgPendingCallback  stm32f4xx_hal_can.o
    0x080011a0   0x080011a0   0x00000002   Code   RO          678    i.HAL_CAN_SleepCallback  stm32f4xx_hal_can.o
    0x080011a2   0x080011a2   0x0000005e   Code   RO          679    i.HAL_CAN_Start     stm32f4xx_hal_can.o
    0x08001200   0x08001200   0x00000002   Code   RO          681    i.HAL_CAN_TxMailbox0AbortCallback  stm32f4xx_hal_can.o
    0x08001202   0x08001202   0x00000002   Code   RO          682    i.HAL_CAN_TxMailbox0CompleteCallback  stm32f4xx_hal_can.o
    0x08001204   0x08001204   0x00000002   Code   RO          683    i.HAL_CAN_TxMailbox1AbortCallback  stm32f4xx_hal_can.o
    0x08001206   0x08001206   0x00000002   Code   RO          684    i.HAL_CAN_TxMailbox1CompleteCallback  stm32f4xx_hal_can.o
    0x08001208   0x08001208   0x00000002   Code   RO          685    i.HAL_CAN_TxMailbox2AbortCallback  stm32f4xx_hal_can.o
    0x0800120a   0x0800120a   0x00000002   Code   RO          686    i.HAL_CAN_TxMailbox2CompleteCallback  stm32f4xx_hal_can.o
    0x0800120c   0x0800120c   0x00000002   Code   RO          688    i.HAL_CAN_WakeUpFromRxMsgCallback  stm32f4xx_hal_can.o
    0x0800120e   0x0800120e   0x00000002   PAD
    0x08001210   0x08001210   0x000000ec   Code   RO         1400    i.HAL_DMA_Init      stm32f4xx_hal_dma.o
    0x080012fc   0x080012fc   0x000001f4   Code   RO         1287    i.HAL_GPIO_Init     stm32f4xx_hal_gpio.o
    0x080014f0   0x080014f0   0x0000000c   Code   RO         1830    i.HAL_GetTick       stm32f4xx_hal.o
    0x080014fc   0x080014fc   0x00000018   Code   RO         1836    i.HAL_IncTick       stm32f4xx_hal.o
    0x08001514   0x08001514   0x0000003c   Code   RO         1837    i.HAL_Init          stm32f4xx_hal.o
    0x08001550   0x08001550   0x0000004c   Code   RO         1838    i.HAL_InitTick      stm32f4xx_hal.o
    0x0800159c   0x0800159c   0x00000054   Code   RO          629    i.HAL_MspInit       stm32f4xx_hal_msp.o
    0x080015f0   0x080015f0   0x00000028   Code   RO         1677    i.HAL_NVIC_EnableIRQ  stm32f4xx_hal_cortex.o
    0x08001618   0x08001618   0x0000007c   Code   RO         1683    i.HAL_NVIC_SetPriority  stm32f4xx_hal_cortex.o
    0x08001694   0x08001694   0x00000028   Code   RO         1684    i.HAL_NVIC_SetPriorityGrouping  stm32f4xx_hal_cortex.o
    0x080016bc   0x080016bc   0x00000184   Code   RO          888    i.HAL_RCC_ClockConfig  stm32f4xx_hal_rcc.o
    0x08001840   0x08001840   0x0000000c   Code   RO          893    i.HAL_RCC_GetHCLKFreq  stm32f4xx_hal_rcc.o
    0x0800184c   0x0800184c   0x00000020   Code   RO          895    i.HAL_RCC_GetPCLK1Freq  stm32f4xx_hal_rcc.o
    0x0800186c   0x0800186c   0x00000020   Code   RO          896    i.HAL_RCC_GetPCLK2Freq  stm32f4xx_hal_rcc.o
    0x0800188c   0x0800188c   0x000000b0   Code   RO          897    i.HAL_RCC_GetSysClockFreq  stm32f4xx_hal_rcc.o
    0x0800193c   0x0800193c   0x0000049c   Code   RO          900    i.HAL_RCC_OscConfig  stm32f4xx_hal_rcc.o
    0x08001dd8   0x08001dd8   0x00000034   Code   RO         1688    i.HAL_SYSTICK_Config  stm32f4xx_hal_cortex.o
    0x08001e0c   0x08001e0c   0x00000076   Code   RO         2141    i.HAL_UART_Init     stm32f4xx_hal_uart.o
    0x08001e82   0x08001e82   0x00000002   PAD
    0x08001e84   0x08001e84   0x000000e0   Code   RO          503    i.HAL_UART_MspInit  usart.o
    0x08001f64   0x08001f64   0x00000004   Code   RO          549    i.HardFault_Handler  stm32f4xx_it.o
    0x08001f68   0x08001f68   0x00000044   Code   RO          428    i.MX_CAN1_Init      can.o
    0x08001fac   0x08001fac   0x00000044   Code   RO          429    i.MX_CAN2_Init      can.o
    0x08001ff0   0x08001ff0   0x00000038   Code   RO          475    i.MX_DMA_Init       dma.o
    0x08002028   0x08002028   0x0000007c   Code   RO          337    i.MX_FREERTOS_Init  freertos.o
    0x080020a4   0x080020a4   0x000000a0   Code   RO          223    i.MX_GPIO_Init      gpio.o
    0x08002144   0x08002144   0x00000038   Code   RO          504    i.MX_USART3_UART_Init  usart.o
    0x0800217c   0x0800217c   0x00000004   Code   RO          550    i.MemManage_Handler  stm32f4xx_it.o
    0x08002180   0x08002180   0x00000002   Code   RO          551    i.NMI_Handler       stm32f4xx_it.o
    0x08002182   0x08002182   0x00000002   PAD
    0x08002184   0x08002184   0x0000009c   Code   RO         4253    i.RC_init           bsp_rc.o
    0x08002220   0x08002220   0x0000000a   Code   RO          338    i.StartDefaultTask  freertos.o
    0x0800222a   0x0800222a   0x00000014   Code   RO          552    i.SysTick_Handler   stm32f4xx_it.o
    0x0800223e   0x0800223e   0x00000002   PAD
    0x08002240   0x08002240   0x000000b4   Code   RO           14    i.SystemClock_Config  main.o
    0x080022f4   0x080022f4   0x00000014   Code   RO         2485    i.SystemInit        system_stm32f4xx.o
    0x08002308   0x08002308   0x0000022c   Code   RO         2168    i.UART_SetConfig    stm32f4xx_hal_uart.o
    0x08002534   0x08002534   0x00000124   Code   RO         4116    i.USART3_IRQHandler  remote_control.o
    0x08002658   0x08002658   0x00000004   Code   RO          553    i.UsageFault_Handler  stm32f4xx_it.o
    0x0800265c   0x0800265c   0x00000010   Code   RO         1690    i.__NVIC_GetPriorityGrouping  stm32f4xx_hal_cortex.o
    0x0800266c   0x0800266c   0x00000028   Code   RO         1691    i.__NVIC_SetPriority  stm32f4xx_hal_cortex.o
    0x08002694   0x08002694   0x0000005c   Code   RO         4225    i.can_filter_init   bsp_can.o
    0x080026f0   0x080026f0   0x00000004   Code   RO         4024    i.check_task        check_task.o
    0x080026f4   0x080026f4   0x00000008   Code   RO         4045    i.get_left_fric_motor_measure_point  can_receive.o
    0x080026fc   0x080026fc   0x00000008   Code   RO         4117    i.get_remote_control_point  remote_control.o
    0x08002704   0x08002704   0x00000008   Code   RO         4047    i.get_right_fric_motor_measure_point  can_receive.o
    0x0800270c   0x0800270c   0x00000030   Code   RO           15    i.main              main.o
    0x0800273c   0x0800273c   0x0000000c   Code   RO         3325    i.makeFreeRtosPriority  cmsis_os.o
    0x08002748   0x08002748   0x00000010   Code   RO         3327    i.osDelay           cmsis_os.o
    0x08002758   0x08002758   0x0000000a   Code   RO         3330    i.osKernelStart     cmsis_os.o
    0x08002762   0x08002762   0x0000005c   Code   RO         3364    i.osThreadCreate    cmsis_os.o
    0x080027be   0x080027be   0x00000002   PAD
    0x080027c0   0x080027c0   0x00000120   Code   RO         4293    i.pid_calc          pid.o
    0x080028e0   0x080028e0   0x00000060   Code   RO         4294    i.pid_init          pid.o
    0x08002940   0x08002940   0x00000078   Code   RO         2996    i.prvAddCurrentTaskToDelayedList  tasks.o
    0x080029b8   0x080029b8   0x00000088   Code   RO         2997    i.prvAddNewTaskToReadyList  tasks.o
    0x08002a40   0x08002a40   0x00000040   Code   RO         2998    i.prvCheckTasksWaitingTermination  tasks.o
    0x08002a80   0x08002a80   0x00000040   Code   RO         2999    i.prvDeleteTCB      tasks.o
    0x08002ac0   0x08002ac0   0x00000050   Code   RO         3692    i.prvHeapInit       heap_4.o
    0x08002b10   0x08002b10   0x00000028   Code   RO         3000    i.prvIdleTask       tasks.o
    0x08002b38   0x08002b38   0x0000007e   Code   RO         3001    i.prvInitialiseNewTask  tasks.o
    0x08002bb6   0x08002bb6   0x00000002   PAD
    0x08002bb8   0x08002bb8   0x00000060   Code   RO         3002    i.prvInitialiseTaskLists  tasks.o
    0x08002c18   0x08002c18   0x0000005c   Code   RO         3693    i.prvInsertBlockIntoFreeList  heap_4.o
    0x08002c74   0x08002c74   0x00000024   Code   RO         3003    i.prvResetNextTaskUnblockTime  tasks.o
    0x08002c98   0x08002c98   0x00000030   Code   RO         3760    i.prvTaskExitError  port.o
    0x08002cc8   0x08002cc8   0x000000e8   Code   RO         3694    i.pvPortMalloc      heap_4.o
    0x08002db0   0x08002db0   0x0000002c   Code   RO         3761    i.pxPortInitialiseStack  port.o
    0x08002ddc   0x08002ddc   0x00000014   Code   RO         4118    i.remote_control_init  remote_control.o
    0x08002df0   0x08002df0   0x000000da   Code   RO         4119    i.sbus_to_rc        remote_control.o
    0x08002eca   0x08002eca   0x00000002   PAD
    0x08002ecc   0x08002ecc   0x000000a0   Code   RO         3839    i.shoot_control_loop  shoot_task.o
    0x08002f6c   0x08002f6c   0x00000048   Code   RO         3840    i.shoot_feedback_update  shoot_task.o
    0x08002fb4   0x08002fb4   0x00000070   Code   RO         3841    i.shoot_init        shoot_task.o
    0x08003024   0x08003024   0x00000038   Code   RO         3842    i.shoot_mode_set    shoot_task.o
    0x0800305c   0x0800305c   0x00000028   Code   RO         3843    i.shoot_task        shoot_task.o
    0x08003084   0x08003084   0x00000026   Code   RO         2622    i.uxListRemove      list.o
    0x080030aa   0x080030aa   0x00000002   PAD
    0x080030ac   0x080030ac   0x00000018   Code   RO          339    i.vApplicationGetIdleTaskMemory  freertos.o
    0x080030c4   0x080030c4   0x00000016   Code   RO         2623    i.vListInitialise   list.o
    0x080030da   0x080030da   0x00000006   Code   RO         2624    i.vListInitialiseItem  list.o
    0x080030e0   0x080030e0   0x00000036   Code   RO         2625    i.vListInsert       list.o
    0x08003116   0x08003116   0x00000018   Code   RO         2626    i.vListInsertEnd    list.o
    0x0800312e   0x0800312e   0x00000002   PAD
    0x08003130   0x08003130   0x00000040   Code   RO         3763    i.vPortEnterCritical  port.o
    0x08003170   0x08003170   0x0000002c   Code   RO         3764    i.vPortExitCritical  port.o
    0x0800319c   0x0800319c   0x00000064   Code   RO         3695    i.vPortFree         heap_4.o
    0x08003200   0x08003200   0x00000024   Code   RO         3765    i.vPortSetupTimerInterrupt  port.o
    0x08003224   0x08003224   0x00000050   Code   RO         3012    i.vTaskDelay        tasks.o
    0x08003274   0x08003274   0x00000088   Code   RO         3025    i.vTaskStartScheduler  tasks.o
    0x080032fc   0x080032fc   0x00000010   Code   RO         3027    i.vTaskSuspendAll   tasks.o
    0x0800330c   0x0800330c   0x00000060   Code   RO         3028    i.vTaskSwitchContext  tasks.o
    0x0800336c   0x0800336c   0x00000104   Code   RO         3767    i.xPortStartScheduler  port.o
    0x08003470   0x08003470   0x0000002c   Code   RO         3768    i.xPortSysTickHandler  port.o
    0x0800349c   0x0800349c   0x0000006c   Code   RO         3031    i.xTaskCreate       tasks.o
    0x08003508   0x08003508   0x00000060   Code   RO         3032    i.xTaskCreateStatic  tasks.o
    0x08003568   0x08003568   0x0000001c   Code   RO         3036    i.xTaskGetSchedulerState  tasks.o
    0x08003584   0x08003584   0x000000d4   Code   RO         3039    i.xTaskIncrementTick  tasks.o
    0x08003658   0x08003658   0x000000cc   Code   RO         3045    i.xTaskResumeAll    tasks.o
    0x08003724   0x08003724   0x00000004   Code   RO         3989    i.yaw_task          yaw_task.o
    0x08003728   0x08003728   0x0000000a   Code   RO         4472    x$fpl$fpinit        fz_wm.l(fpinit.o)
    0x08003732   0x08003732   0x00000002   PAD
    0x08003734   0x08003734   0x00000070   Data   RO          341    .constdata          freertos.o
    0x080037a4   0x080037a4   0x00000008   Data   RO         1406    .constdata          stm32f4xx_hal_dma.o
    0x080037ac   0x080037ac   0x00000018   Data   RO         2486    .constdata          system_stm32f4xx.o
    0x080037c4   0x080037c4   0x00000018   Data   RO         3845    .constdata          shoot_task.o
    0x080037dc   0x080037dc   0x0000002c   Data   RO          342    .conststring        freertos.o
    0x08003808   0x08003808   0x00000020   Data   RO         4530    Region$$Table       anon$$obj.o


    Execution Region RW_IRAM1 (Exec base: 0x20000000, Load base: 0x08003828, Size: 0x00004890, Max: 0x0001c000, ABSOLUTE)

    Exec Addr    Load Addr    Size         Type   Attr      Idx    E Section Name        Object

    0x20000000   0x08003828   0x00000010   Data   RW          343    .data               freertos.o
    0x20000010   0x08003838   0x00000004   Data   RW          431    .data               can.o
    0x20000014   0x0800383c   0x00000009   Data   RW         1844    .data               stm32f4xx_hal.o
    0x2000001d   0x08003845   0x00000003   PAD
    0x20000020   0x08003848   0x00000004   Data   RW         2487    .data               system_stm32f4xx.o
    0x20000024   0x0800384c   0x0000003c   Data   RW         3048    .data               tasks.o
    0x20000060   0x08003888   0x00000020   Data   RW         3701    .data               heap_4.o
    0x20000080   0x080038a8   0x0000000c   Data   RW         3769    .data               port.o
    0x2000008c   0x080038b4   0x00000008   Data   RW         4051    .data               can_receive.o
    0x20000094   0x080038bc   0x00000002   Data   RW         4121    .data               remote_control.o
    0x20000096   0x080038be   0x00000002   PAD
    0x20000098        -       0x00000254   Zero   RW          340    .bss                freertos.o
    0x200002ec        -       0x00000050   Zero   RW          430    .bss                can.o
    0x2000033c        -       0x000000a8   Zero   RW          505    .bss                usart.o
    0x200003e4        -       0x000000f0   Zero   RW         3047    .bss                tasks.o
    0x200004d4        -       0x00003c00   Zero   RW         3700    .bss                heap_4.o
    0x200040d4        -       0x000000ac   Zero   RW         3844    .bss                shoot_task.o
    0x20004180        -       0x0000004c   Zero   RW         4050    .bss                can_receive.o
    0x200041cc        -       0x0000005e   Zero   RW         4120    .bss                remote_control.o
    0x2000422a   0x080038be   0x00000002   PAD
    0x2000422c        -       0x00000060   Zero   RW         4402    .bss                c_w.l(libspace.o)
    0x2000428c   0x080038be   0x00000004   PAD
    0x20004290        -       0x00000200   Zero   RW            2    HEAP                startup_stm32f407xx.o
    0x20004490        -       0x00000400   Zero   RW            1    STACK               startup_stm32f407xx.o


    Execution Region RW_IRAM2 (Exec base: 0x2001c000, Load base: 0x080038c0, Size: 0x00000000, Max: 0x00004000, ABSOLUTE)

    **** No section assigned to this execution region ****


==============================================================================

Image component sizes


      Code (inc. data)   RO Data    RW Data    ZI Data      Debug   Object Name

        92          8          0          0          0        570   bsp_can.o
       156         14          0          0          0        970   bsp_rc.o
       488         44          0          4         80       2398   can.o
       516         44          0          8         76       4185   can_receive.o
         4          0          0          0          0        437   check_task.o
       130          0          0          0          0      23007   cmsis_os.o
        56          4          0          0          0        750   dma.o
         0          0          0          0          0      16876   event_groups.o
       158         32        156         16        596      34280   freertos.o
       160          4          0          0          0     664307   gpio.o
       504         32          0         32      15360       7527   heap_4.o
       144          0          0          0          0       3542   list.o
       234         10          0          0          0      73112   main.o
       384         12          0          0          0       2310   pid.o
       730         82          0         12          0      11028   port.o
       538         36          0          2         94     587323   remote_control.o
       440         52         24          0        172     577489   shoot_task.o
        64         26        392          0       1536        836   startup_stm32f407xx.o
       172         32          0          9          0       8705   stm32f4xx_hal.o
      2148          6          0          0          0      14235   stm32f4xx_hal_can.o
       312         22          0          0          0      34287   stm32f4xx_hal_cortex.o
       458         10          8          0          0       2735   stm32f4xx_hal_dma.o
       500         46          0          0          0       1436   stm32f4xx_hal_gpio.o
        84          6          0          0          0        846   stm32f4xx_hal_msp.o
      1820         84          0          0          0       5572   stm32f4xx_hal_rcc.o
       674         10          0          0          0       1852   stm32f4xx_hal_uart.o
        74         12          0          0          0       4721   stm32f4xx_it.o
         0          0          0          0          0        400   stream_buffer.o
        20          6         24          4          0       1103   system_stm32f4xx.o
      1658        146          0         60        240      21170   tasks.o
       280         32          0          0        168       1769   usart.o
         4          0          0          0          0        431   yaw_task.o

    ----------------------------------------------------------------------
     13030        812        636        152      18324    2110209   Object Totals
         0          0         32          0          0          0   (incl. Generated)
        28          0          0          5          2          0   (incl. Padding)

    ----------------------------------------------------------------------

      Code (inc. data)   RO Data    RW Data    ZI Data      Debug   Library Member Name

         8          0          0          0          0         68   __main.o
         0          0          0          0          0          0   __rtentry.o
        12          0          0          0          0          0   __rtentry2.o
         6          0          0          0          0          0   __rtentry4.o
        52          8          0          0          0          0   __scatter.o
        26          0          0          0          0          0   __scatter_copy.o
        28          0          0          0          0          0   __scatter_zi.o
        18          0          0          0          0         80   exit.o
         6          0          0          0          0        152   heapauxi.o
         0          0          0          0          0          0   indicate_semi.o
         2          0          0          0          0          0   libinit.o
         6          0          0          0          0          0   libinit2.o
         2          0          0          0          0          0   libshutdown.o
         2          0          0          0          0          0   libshutdown2.o
         8          4          0          0         96         68   libspace.o
       238          0          0          0          0        100   lludivv7m.o
        78          0          0          0          0         80   rt_memclr_w.o
       100          0          0          0          0         80   rt_memcpy_w.o
         2          0          0          0          0          0   rtexit.o
        10          0          0          0          0          0   rtexit2.o
        12          4          0          0          0         68   sys_exit.o
        74          0          0          0          0         80   sys_stackheap_outer.o
         2          0          0          0          0         68   use_no_semi.o
        10          0          0          0          0        116   fpinit.o

    ----------------------------------------------------------------------
       710         16          0          0        100        960   Library Totals
         8          0          0          0          4          0   (incl. Padding)

    ----------------------------------------------------------------------

      Code (inc. data)   RO Data    RW Data    ZI Data      Debug   Library Name

       692         16          0          0         96        844   c_w.l
        10          0          0          0          0        116   fz_wm.l

    ----------------------------------------------------------------------
       710         16          0          0        100        960   Library Totals

    ----------------------------------------------------------------------

==============================================================================


      Code (inc. data)   RO Data    RW Data    ZI Data      Debug   

     13740        828        636        152      18424    2099557   Grand Totals
     13740        828        636        152      18424    2099557   ELF Image Totals
     13740        828        636        152          0          0   ROM Totals

==============================================================================

    Total RO  Size (Code + RO Data)                14376 (  14.04kB)
    Total RW  Size (RW Data + ZI Data)             18576 (  18.14kB)
    Total ROM Size (Code + RO Data + RW Data)      14528 (  14.19kB)

==============================================================================

