Component: ARM Compiler 5.06 update 7 (build 960) Tool: armlink [4d3601]

==============================================================================

Section Cross References

    startup_stm32f407xx.o(STACK) refers (Special) to heapauxi.o(.text) for __use_two_region_memory
    startup_stm32f407xx.o(HEAP) refers (Special) to heapauxi.o(.text) for __use_two_region_memory
    startup_stm32f407xx.o(RESET) refers (Special) to heapauxi.o(.text) for __use_two_region_memory
    startup_stm32f407xx.o(RESET) refers to startup_stm32f407xx.o(STACK) for __initial_sp
    startup_stm32f407xx.o(RESET) refers to startup_stm32f407xx.o(.text) for Reset_Handler
    startup_stm32f407xx.o(RESET) refers to stm32f4xx_it.o(i.NMI_Handler) for NMI_Handler
    startup_stm32f407xx.o(RESET) refers to stm32f4xx_it.o(i.HardFault_Handler) for HardFault_Handler
    startup_stm32f407xx.o(RESET) refers to stm32f4xx_it.o(i.MemManage_Handler) for MemManage_Handler
    startup_stm32f407xx.o(RESET) refers to stm32f4xx_it.o(i.BusFault_Handler) for BusFault_Handler
    startup_stm32f407xx.o(RESET) refers to stm32f4xx_it.o(i.UsageFault_Handler) for UsageFault_Handler
    startup_stm32f407xx.o(RESET) refers to port.o(.emb_text) for SVC_Handler
    startup_stm32f407xx.o(RESET) refers to stm32f4xx_it.o(i.DebugMon_Handler) for DebugMon_Handler
    startup_stm32f407xx.o(RESET) refers to stm32f4xx_it.o(i.SysTick_Handler) for SysTick_Handler
    startup_stm32f407xx.o(RESET) refers to stm32f4xx_it.o(i.DMA1_Stream1_IRQHandler) for DMA1_Stream1_IRQHandler
    startup_stm32f407xx.o(RESET) refers to stm32f4xx_it.o(i.CAN1_RX0_IRQHandler) for CAN1_RX0_IRQHandler
    startup_stm32f407xx.o(RESET) refers to remote_control.o(i.USART3_IRQHandler) for USART3_IRQHandler
    startup_stm32f407xx.o(RESET) refers to stm32f4xx_it.o(i.CAN2_RX0_IRQHandler) for CAN2_RX0_IRQHandler
    startup_stm32f407xx.o(.text) refers (Special) to heapauxi.o(.text) for __use_two_region_memory
    startup_stm32f407xx.o(.text) refers to system_stm32f4xx.o(i.SystemInit) for SystemInit
    startup_stm32f407xx.o(.text) refers to __main.o(!!!main) for __main
    startup_stm32f407xx.o(.text) refers to startup_stm32f407xx.o(HEAP) for Heap_Mem
    startup_stm32f407xx.o(.text) refers to startup_stm32f407xx.o(STACK) for Stack_Mem
    main.o(i.SystemClock_Config) refers to rt_memclr_w.o(.text) for __aeabi_memclr4
    main.o(i.SystemClock_Config) refers to stm32f4xx_hal_rcc.o(i.HAL_RCC_OscConfig) for HAL_RCC_OscConfig
    main.o(i.SystemClock_Config) refers to main.o(i.Error_Handler) for Error_Handler
    main.o(i.SystemClock_Config) refers to stm32f4xx_hal_rcc.o(i.HAL_RCC_ClockConfig) for HAL_RCC_ClockConfig
    main.o(i.main) refers to stm32f4xx_hal.o(i.HAL_Init) for HAL_Init
    main.o(i.main) refers to main.o(i.SystemClock_Config) for SystemClock_Config
    main.o(i.main) refers to gpio.o(i.MX_GPIO_Init) for MX_GPIO_Init
    main.o(i.main) refers to dma.o(i.MX_DMA_Init) for MX_DMA_Init
    main.o(i.main) refers to can.o(i.MX_CAN1_Init) for MX_CAN1_Init
    main.o(i.main) refers to can.o(i.MX_CAN2_Init) for MX_CAN2_Init
    main.o(i.main) refers to usart.o(i.MX_USART3_UART_Init) for MX_USART3_UART_Init
    main.o(i.main) refers to bsp_can.o(i.can_filter_init) for can_filter_init
    main.o(i.main) refers to remote_control.o(i.remote_control_init) for remote_control_init
    main.o(i.main) refers to freertos.o(i.MX_FREERTOS_Init) for MX_FREERTOS_Init
    main.o(i.main) refers to cmsis_os.o(i.osKernelStart) for osKernelStart
    freertos.o(i.MX_FREERTOS_Init) refers to rt_memcpy_w.o(.text) for __aeabi_memcpy4
    freertos.o(i.MX_FREERTOS_Init) refers to cmsis_os.o(i.osThreadCreate) for osThreadCreate
    freertos.o(i.MX_FREERTOS_Init) refers to freertos.o(.constdata) for .constdata
    freertos.o(i.MX_FREERTOS_Init) refers to freertos.o(.data) for defaultTaskHandle
    freertos.o(i.StartDefaultTask) refers to cmsis_os.o(i.osDelay) for osDelay
    freertos.o(i.vApplicationGetIdleTaskMemory) refers to freertos.o(.bss) for xIdleTaskTCBBuffer
    freertos.o(.constdata) refers to freertos.o(.conststring) for .conststring
    freertos.o(.constdata) refers to freertos.o(i.StartDefaultTask) for StartDefaultTask
    freertos.o(.constdata) refers to shoot_task.o(i.shoot_task) for shoot_task
    freertos.o(.constdata) refers to yaw_task.o(i.yaw_task) for yaw_task
    freertos.o(.constdata) refers to check_task.o(i.check_task) for check_task
    can.o(i.HAL_CAN_MspDeInit) refers to stm32f4xx_hal_gpio.o(i.HAL_GPIO_DeInit) for HAL_GPIO_DeInit
    can.o(i.HAL_CAN_MspDeInit) refers to stm32f4xx_hal_cortex.o(i.HAL_NVIC_DisableIRQ) for HAL_NVIC_DisableIRQ
    can.o(i.HAL_CAN_MspDeInit) refers to can.o(.data) for HAL_RCC_CAN1_CLK_ENABLED
    can.o(i.HAL_CAN_MspInit) refers to rt_memclr_w.o(.text) for __aeabi_memclr4
    can.o(i.HAL_CAN_MspInit) refers to stm32f4xx_hal_gpio.o(i.HAL_GPIO_Init) for HAL_GPIO_Init
[...]
    i.CAN_cmd_gimbal                         0x08000568   Section        0  can_receive.o(i.CAN_cmd_gimbal)
    i.CAN_cmd_shoot                          0x080005a8   Section        0  can_receive.o(i.CAN_cmd_shoot)
    i.DMA1_Stream1_IRQHandler                0x080005f4   Section        0  stm32f4xx_it.o(i.DMA1_Stream1_IRQHandler)
    i.DMA_CalcBaseAndBitshift                0x080005f8   Section        0  stm32f4xx_hal_dma.o(i.DMA_CalcBaseAndBitshift)
    DMA_CalcBaseAndBitshift                  0x080005f9   Thumb Code    46  stm32f4xx_hal_dma.o(i.DMA_CalcBaseAndBitshift)
    i.DMA_CheckFifoParam                     0x0800062c   Section        0  stm32f4xx_hal_dma.o(i.DMA_CheckFifoParam)
    DMA_CheckFifoParam                       0x0800062d   Thumb Code   170  stm32f4xx_hal_dma.o(i.DMA_CheckFifoParam)
    i.DebugMon_Handler                       0x080006d6   Section        0  stm32f4xx_it.o(i.DebugMon_Handler)
    i.Error_Handler                          0x080006d8   Section        0  main.o(i.Error_Handler)
    i.HAL_CAN_ActivateNotification           0x080006de   Section        0  stm32f4xx_hal_can.o(i.HAL_CAN_ActivateNotification)
    i.HAL_CAN_AddTxMessage                   0x08000708   Section        0  stm32f4xx_hal_can.o(i.HAL_CAN_AddTxMessage)
    i.HAL_CAN_ConfigFilter                   0x08000854   Section        0  stm32f4xx_hal_can.o(i.HAL_CAN_ConfigFilter)
    i.HAL_CAN_ErrorCallback                  0x08000978   Section        0  stm32f4xx_hal_can.o(i.HAL_CAN_ErrorCallback)
    i.HAL_CAN_GetRxMessage                   0x0800097a   Section        0  stm32f4xx_hal_can.o(i.HAL_CAN_GetRxMessage)
    i.HAL_CAN_IRQHandler                     0x08000b0e   Section        0  stm32f4xx_hal_can.o(i.HAL_CAN_IRQHandler)
    i.HAL_CAN_Init                           0x08000d5c   Section        0  stm32f4xx_hal_can.o(i.HAL_CAN_Init)
    i.HAL_CAN_MspInit                        0x08000ed0   Section        0  can.o(i.HAL_CAN_MspInit)
    i.HAL_CAN_RxFifo0FullCallback            0x08001030   Section        0  stm32f4xx_hal_can.o(i.HAL_CAN_RxFifo0FullCallback)
    i.HAL_CAN_RxFifo0MsgPendingCallback      0x08001034   Section        0  can_receive.o(i.HAL_CAN_RxFifo0MsgPendingCallback)
    i.HAL_CAN_RxFifo1FullCallback            0x080011f4   Section        0  stm32f4xx_hal_can.o(i.HAL_CAN_RxFifo1FullCallback)
    i.HAL_CAN_RxFifo1MsgPendingCallback      0x080011f6   Section        0  stm32f4xx_hal_can.o(i.HAL_CAN_RxFifo1MsgPendingCallback)
    i.HAL_CAN_SleepCallback                  0x080011f8   Section        0  stm32f4xx_hal_can.o(i.HAL_CAN_SleepCallback)
    i.HAL_CAN_Start                          0x080011fa   Section        0  stm32f4xx_hal_can.o(i.HAL_CAN_Start)
    i.HAL_CAN_TxMailbox0AbortCallback        0x08001258   Section        0  stm32f4xx_hal_can.o(i.HAL_CAN_TxMailbox0AbortCallback)
    i.HAL_CAN_TxMailbox0CompleteCallback     0x0800125a   Section        0  stm32f4xx_hal_can.o(i.HAL_CAN_TxMailbox0CompleteCallback)
    i.HAL_CAN_TxMailbox1AbortCallback        0x0800125c   Section        0  stm32f4xx_hal_can.o(i.HAL_CAN_TxMailbox1AbortCallback)
    i.HAL_CAN_TxMailbox1CompleteCallback     0x0800125e   Section        0  stm32f4xx_hal_can.o(i.HAL_CAN_TxMailbox1CompleteCallback)
    i.HAL_CAN_TxMailbox2AbortCallback        0x08001260   Section        0  stm32f4xx_hal_can.o(i.HAL_CAN_TxMailbox2AbortCallback)
    i.HAL_CAN_TxMailbox2CompleteCallback     0x08001262   Section        0  stm32f4xx_hal_can.o(i.HAL_CAN_TxMailbox2CompleteCallback)
    i.HAL_CAN_WakeUpFromRxMsgCallback        0x08001264   Section        0  stm32f4xx_hal_can.o(i.HAL_CAN_WakeUpFromRxMsgCallback)
    i.HAL_DMA_Init                           0x08001268   Section        0  stm32f4xx_hal_dma.o(i.HAL_DMA_Init)
    i.HAL_GPIO_Init                          0x08001354   Section        0  stm32f4xx_hal_gpio.o(i.HAL_GPIO_Init)
    i.HAL_GetTick                            0x08001548   Section        0  stm32f4xx_hal.o(i.HAL_GetTick)
    i.HAL_IncTick                            0x08001554   Section        0  stm32f4xx_hal.o(i.HAL_IncTick)
    i.HAL_Init                               0x0800156c   Section        0  stm32f4xx_hal.o(i.HAL_Init)
    i.HAL_InitTick                           0x080015a8   Section        0  stm32f4xx_hal.o(i.HAL_InitTick)
    i.HAL_MspInit                            0x080015f4   Section        0  stm32f4xx_hal_msp.o(i.HAL_MspInit)
    i.HAL_NVIC_EnableIRQ                     0x08001648   Section        0  stm32f4xx_hal_cortex.o(i.HAL_NVIC_EnableIRQ)
    i.HAL_NVIC_SetPriority                   0x08001670   Section        0  stm32f4xx_hal_cortex.o(i.HAL_NVIC_SetPriority)
    i.HAL_NVIC_SetPriorityGrouping           0x080016ec   Section        0  stm32f4xx_hal_cortex.o(i.HAL_NVIC_SetPriorityGrouping)
    i.HAL_RCC_ClockConfig                    0x08001714   Section        0  stm32f4xx_hal_rcc.o(i.HAL_RCC_ClockConfig)
    i.HAL_RCC_GetHCLKFreq                    0x08001898   Section        0  stm32f4xx_hal_rcc.o(i.HAL_RCC_GetHCLKFreq)
    i.HAL_RCC_GetPCLK1Freq                   0x080018a4   Section        0  stm32f4xx_hal_rcc.o(i.HAL_RCC_GetPCLK1Freq)
    i.HAL_RCC_GetPCLK2Freq                   0x080018c4   Section        0  stm32f4xx_hal_rcc.o(i.HAL_RCC_GetPCLK2Freq)
    i.HAL_RCC_GetSysClockFreq                0x080018e4   Section        0  stm32f4xx_hal_rcc.o(i.HAL_RCC_GetSysClockFreq)
    i.HAL_RCC_OscConfig                      0x08001994   Section        0  stm32f4xx_hal_rcc.o(i.HAL_RCC_OscConfig)
    i.HAL_SYSTICK_Config                     0x08001e30   Section        0  stm32f4xx_hal_cortex.o(i.HAL_SYSTICK_Config)
    i.HAL_UART_Init                          0x08001e64   Section        0  stm32f4xx_hal_uart.o(i.HAL_UART_Init)
    i.HAL_UART_MspInit                       0x08001edc   Section        0  usart.o(i.HAL_UART_MspInit)
    i.HardFault_Handler                      0x08001fbc   Section        0  stm32f4xx_it.o(i.HardFault_Handler)
    i.MX_CAN1_Init                           0x08001fc0   Section        0  can.o(i.MX_CAN1_Init)
    i.MX_CAN2_Init                           0x08002004   Section        0  can.o(i.MX_CAN2_Init)
    i.MX_DMA_Init                            0x08002048   Section        0  dma.o(i.MX_DMA_Init)
    i.MX_FREERTOS_Init                       0x08002080   Section        0  freertos.o(i.MX_FREERTOS_Init)
    i.MX_GPIO_Init                           0x080020fc   Section        0  gpio.o(i.MX_GPIO_Init)
    i.MX_USART3_UART_Init                    0x0800219c   Section        0  usart.o(i.MX_USART3_UART_Init)
    i.MemManage_Handler                      0x080021d4   Section        0  stm32f4xx_it.o(i.MemManage_Handler)
    i.NMI_Handler                            0x080021d8   Section        0  stm32f4xx_it.o(i.NMI_Handler)
    i.RC_init                                0x080021dc   Section        0  bsp_rc.o(i.RC_init)
    i.StartDefaultTask                       0x08002278   Section        0  freertos.o(i.StartDefaultTask)
    i.SysTick_Handler                        0x08002282   Section        0  stm32f4xx_it.o(i.SysTick_Handler)
    i.SystemClock_Config                     0x08002298   Section        0  main.o(i.SystemClock_Config)
    i.SystemInit                             0x0800234c   Section        0  system_stm32f4xx.o(i.SystemInit)
    i.UART_SetConfig                         0x08002360   Section        0  stm32f4xx_hal_uart.o(i.UART_SetConfig)
    UART_SetConfig                           0x08002361   Thumb Code   546  stm32f4xx_hal_uart.o(i.UART_SetConfig)
    i.USART3_IRQHandler                      0x0800258c   Section        0  remote_control.o(i.USART3_IRQHandler)
    i.UsageFault_Handler                     0x080026b0   Section        0  stm32f4xx_it.o(i.UsageFault_Handler)
    i.__NVIC_GetPriorityGrouping             0x080026b4   Section        0  stm32f4xx_hal_cortex.o(i.__NVIC_GetPriorityGrouping)
    __NVIC_GetPriorityGrouping               0x080026b5   Thumb Code    10  stm32f4xx_hal_cortex.o(i.__NVIC_GetPriorityGrouping)
    i.__NVIC_SetPriority                     0x080026c4   Section        0  stm32f4xx_hal_cortex.o(i.__NVIC_SetPriority)
    __NVIC_SetPriority                       0x080026c5   Thumb Code    32  stm32f4xx_hal_cortex.o(i.__NVIC_SetPriority)
    i.can_filter_init                        0x080026ec   Section        0  bsp_can.o(i.can_filter_init)
    i.check_task                             0x08002748   Section        0  check_task.o(i.check_task)
    i.get_left_fric_motor_measure_point      0x0800274c   Section        0  can_receive.o(i.get_left_fric_motor_measure_point)
    i.get_remote_control_point               0x08002754   Section        0  remote_control.o(i.get_remote_control_point)
    i.get_right_fric_motor_measure_point     0x0800275c   Section        0  can_receive.o(i.get_right_fric_motor_measure_point)
    i.get_turn_motor_measure_point           0x08002764   Section        0  can_receive.o(i.get_turn_motor_measure_point)
    i.main                                   0x0800276c   Section        0  main.o(i.main)
    i.makeFreeRtosPriority                   0x0800279c   Section        0  cmsis_os.o(i.makeFreeRtosPriority)
    makeFreeRtosPriority                     0x0800279d   Thumb Code    12  cmsis_os.o(i.makeFreeRtosPriority)
    i.msp                                    0x080027a8   Section        0  yaw_task.o(i.msp)
    i.osDelay                                0x08002844   Section        0  cmsis_os.o(i.osDelay)
    i.osKernelStart                          0x08002854   Section        0  cmsis_os.o(i.osKernelStart)
    i.osThreadCreate                         0x0800285e   Section        0  cmsis_os.o(i.osThreadCreate)
    i.pid_calc                               0x080028bc   Section        0  pid.o(i.pid_calc)
    i.pid_init                               0x080029dc   Section        0  pid.o(i.pid_init)
    i.prvAddCurrentTaskToDelayedList         0x08002a3c   Section        0  tasks.o(i.prvAddCurrentTaskToDelayedList)
    prvAddCurrentTaskToDelayedList           0x08002a3d   Thumb Code   110  tasks.o(i.prvAddCurrentTaskToDelayedList)
    i.prvAddNewTaskToReadyList               0x08002ab4   Section        0  tasks.o(i.prvAddNewTaskToReadyList)
    prvAddNewTaskToReadyList                 0x08002ab5   Thumb Code   124  tasks.o(i.prvAddNewTaskToReadyList)
    i.prvCheckTasksWaitingTermination        0x08002b3c   Section        0  tasks.o(i.prvCheckTasksWaitingTermination)
    prvCheckTasksWaitingTermination          0x08002b3d   Thumb Code    56  tasks.o(i.prvCheckTasksWaitingTermination)
    i.prvDeleteTCB                           0x08002b7c   Section        0  tasks.o(i.prvDeleteTCB)
    prvDeleteTCB                             0x08002b7d   Thumb Code    64  tasks.o(i.prvDeleteTCB)
    i.prvHeapInit                            0x08002bbc   Section        0  heap_4.o(i.prvHeapInit)
    prvHeapInit                              0x08002bbd   Thumb Code    70  heap_4.o(i.prvHeapInit)
    i.prvIdleTask                            0x08002c0c   Section        0  tasks.o(i.prvIdleTask)
    prvIdleTask                              0x08002c0d   Thumb Code    30  tasks.o(i.prvIdleTask)
    i.prvInitialiseNewTask                   0x08002c34   Section        0  tasks.o(i.prvInitialiseNewTask)
    prvInitialiseNewTask                     0x08002c35   Thumb Code   126  tasks.o(i.prvInitialiseNewTask)
    i.prvInitialiseTaskLists                 0x08002cb4   Section        0  tasks.o(i.prvInitialiseTaskLists)
    prvInitialiseTaskLists                   0x08002cb5   Thumb Code    66  tasks.o(i.prvInitialiseTaskLists)
    i.prvInsertBlockIntoFreeList             0x08002d14   Section        0  heap_4.o(i.prvInsertBlockIntoFreeList)
    prvInsertBlockIntoFreeList               0x08002d15   Thumb Code    84  heap_4.o(i.prvInsertBlockIntoFreeList)
    i.prvResetNextTaskUnblockTime            0x08002d70   Section        0  tasks.o(i.prvResetNextTaskUnblockTime)
    prvResetNextTaskUnblockTime              0x08002d71   Thumb Code    30  tasks.o(i.prvResetNextTaskUnblockTime)
    i.prvTaskExitError                       0x08002d94   Section        0  port.o(i.prvTaskExitError)
    prvTaskExitError                         0x08002d95   Thumb Code    42  port.o(i.prvTaskExitError)
    i.pvPortMalloc                           0x08002dc4   Section        0  heap_4.o(i.pvPortMalloc)
    i.pxPortInitialiseStack                  0x08002eac   Section        0  port.o(i.pxPortInitialiseStack)
    i.remote_control_init                    0x08002ed8   Section        0  remote_control.o(i.remote_control_init)
    i.sbus_to_rc                             0x08002eec   Section        0  remote_control.o(i.sbus_to_rc)
    sbus_to_rc                               0x08002eed   Thumb Code   218  remote_control.o(i.sbus_to_rc)
    i.shoot_control_loop                     0x08002fc8   Section        0  shoot_task.o(i.shoot_control_loop)
    i.shoot_feedback_update                  0x08003068   Section        0  shoot_task.o(i.shoot_feedback_update)
    i.shoot_init                             0x080030b0   Section        0  shoot_task.o(i.shoot_init)
    i.shoot_mode_set                         0x08003120   Section        0  shoot_task.o(i.shoot_mode_set)
    i.shoot_task                             0x08003158   Section        0  shoot_task.o(i.shoot_task)
    i.uxListRemove                           0x08003180   Section        0  list.o(i.uxListRemove)
    i.vApplicationGetIdleTaskMemory          0x080031a8   Section        0  freertos.o(i.vApplicationGetIdleTaskMemory)
    i.vListInitialise                        0x080031c0   Section        0  list.o(i.vListInitialise)
    i.vListInitialiseItem                    0x080031d6   Section        0  list.o(i.vListInitialiseItem)
    i.vListInsert                            0x080031dc   Section        0  list.o(i.vListInsert)
    i.vListInsertEnd                         0x08003212   Section        0  list.o(i.vListInsertEnd)
    i.vPortEnterCritical                     0x0800322c   Section        0  port.o(i.vPortEnterCritical)
    i.vPortExitCritical                      0x0800326c   Section        0  port.o(i.vPortExitCritical)
    i.vPortFree                              0x08003298   Section        0  heap_4.o(i.vPortFree)
    i.vPortSetupTimerInterrupt               0x080032fc   Section        0  port.o(i.vPortSetupTimerInterrupt)
    i.vTaskDelay                             0x08003320   Section        0  tasks.o(i.vTaskDelay)
    i.vTaskStartScheduler                    0x08003370   Section        0  tasks.o(i.vTaskStartScheduler)
    i.vTaskSuspendAll                        0x080033f8   Section        0  tasks.o(i.vTaskSuspendAll)
    i.vTaskSwitchContext                     0x08003408   Section        0  tasks.o(i.vTaskSwitchContext)
    i.xPortStartScheduler                    0x08003468   Section        0  port.o(i.xPortStartScheduler)
    i.xPortSysTickHandler                    0x0800356c   Section        0  port.o(i.xPortSysTickHandler)
    i.xTaskCreate                            0x08003598   Section        0  tasks.o(i.xTaskCreate)
    i.xTaskCreateStatic                      0x08003604   Section        0  tasks.o(i.xTaskCreateStatic)
    i.xTaskGetSchedulerState                 0x08003664   Section        0  tasks.o(i.xTaskGetSchedulerState)
    i.xTaskIncrementTick                     0x08003680   Section        0  tasks.o(i.xTaskIncrementTick)
    i.xTaskResumeAll                         0x08003754   Section        0  tasks.o(i.xTaskResumeAll)
    i.yaw_control_loop                       0x08003820   Section        0  yaw_task.o(i.yaw_control_loop)
    i.yaw_feedback_update                    0x0800388c   Section        0  yaw_task.o(i.yaw_feedback_update)
    i.yaw_init                               0x08003900   Section        0  yaw_task.o(i.yaw_init)
    i.yaw_task                               0x08003968   Section        0  yaw_task.o(i.yaw_task)
    x$fpl$d2f                                0x080039a0   Section       98  d2f.o(x$fpl$d2f)
    $v0                                      0x080039a0   Number         0  d2f.o(x$fpl$d2f)
    x$fpl$dadd                               0x08003a04   Section      336  daddsub_clz.o(x$fpl$dadd)
    $v0                                      0x08003a04   Number         0  daddsub_clz.o(x$fpl$dadd)
    _dadd1                                   0x08003a15   Thumb Code     0  daddsub_clz.o(x$fpl$dadd)
    x$fpl$ddiv                               0x08003b54   Section      688  ddiv.o(x$fpl$ddiv)
    $v0                                      0x08003b54   Number         0  ddiv.o(x$fpl$ddiv)
    ddiv_entry                               0x08003b5b   Thumb Code     0  ddiv.o(x$fpl$ddiv)
    x$fpl$dfltu                              0x08003e04   Section       38  dflt_clz.o(x$fpl$dfltu)
    $v0                                      0x08003e04   Number         0  dflt_clz.o(x$fpl$dfltu)
    x$fpl$dmul                               0x08003e2c   Section      340  dmul.o(x$fpl$dmul)
    $v0                                      0x08003e2c   Number         0  dmul.o(x$fpl$dmul)
    x$fpl$dnaninf                            0x08003f80   Section      156  dnaninf.o(x$fpl$dnaninf)
    $v0                                      0x08003f80   Number         0  dnaninf.o(x$fpl$dnaninf)
    x$fpl$dretinf                            0x0800401c   Section       12  dretinf.o(x$fpl$dretinf)
    $v0                                      0x0800401c   Number         0  dretinf.o(x$fpl$dretinf)
    x$fpl$dsub                               0x08004028   Section      468  daddsub_clz.o(x$fpl$dsub)
    $v0                                      0x08004028   Number         0  daddsub_clz.o(x$fpl$dsub)
    _dsub1                                   0x08004039   Thumb Code     0  daddsub_clz.o(x$fpl$dsub)
    x$fpl$fpinit                             0x080041fc   Section       10  fpinit.o(x$fpl$fpinit)
    $v0                                      0x080041fc   Number         0  fpinit.o(x$fpl$fpinit)
    x$fpl$fretinf                            0x08004206   Section       10  fretinf.o(x$fpl$fretinf)
    $v0                                      0x08004206   Number         0  fretinf.o(x$fpl$fretinf)
    .constdata                               0x08004210   Section      112  freertos.o(.constdata)
    x$fpl$usenofp                            0x08004210   Section        0  usenofp.o(x$fpl$usenofp)
    .constdata                               0x08004280   Section        8  stm32f4xx_hal_dma.o(.constdata)
    flagBitshiftOffset                       0x08004280   Data           8  stm32f4xx_hal_dma.o(.constdata)
    .constdata                               0x08004288   Section       24  system_stm32f4xx.o(.constdata)
    .constdata                               0x080042a0   Section       24  shoot_task.o(.constdata)
    .constdata                               0x080042b8   Section       24  yaw_task.o(.constdata)
    .conststring                             0x080042d0   Section       44  freertos.o(.conststring)
    .data                                    0x20000000   Section       16  freertos.o(.data)
    .data                                    0x20000010   Section        4  can.o(.data)
    HAL_RCC_CAN1_CLK_ENABLED                 0x20000010   Data           4  can.o(.data)
    .data                                    0x20000014   Section        9  stm32f4xx_hal.o(.data)
    .data                                    0x20000020   Section        4  system_stm32f4xx.o(.data)
    .data                                    0x20000024   Section       60  tasks.o(.data)
    uxDeletedTasksWaitingCleanUp             0x20000028   Data           4  tasks.o(.data)
    uxCurrentNumberOfTasks                   0x2000002c   Data           4  tasks.o(.data)
    xTickCount                               0x20000030   Data           4  tasks.o(.data)
    uxTopReadyPriority                       0x20000034   Data           4  tasks.o(.data)
    xSchedulerRunning                        0x20000038   Data           4  tasks.o(.data)
    xPendedTicks                             0x2000003c   Data           4  tasks.o(.data)
    xYieldPending                            0x20000040   Data           4  tasks.o(.data)
    xNumOfOverflows                          0x20000044   Data           4  tasks.o(.data)
    uxTaskNumber                             0x20000048   Data           4  tasks.o(.data)
    xNextTaskUnblockTime                     0x2000004c   Data           4  tasks.o(.data)
    xIdleTaskHandle                          0x20000050   Data           4  tasks.o(.data)
    uxSchedulerSuspended                     0x20000054   Data           4  tasks.o(.data)
    pxDelayedTaskList                        0x20000058   Data           4  tasks.o(.data)
    pxOverflowDelayedTaskList                0x2000005c   Data           4  tasks.o(.data)
    .data                                    0x20000060   Section       32  heap_4.o(.data)
    pxEnd                                    0x20000060   Data           4  heap_4.o(.data)
    xFreeBytesRemaining                      0x20000064   Data           4  heap_4.o(.data)
    xMinimumEverFreeBytesRemaining           0x20000068   Data           4  heap_4.o(.data)
    xNumberOfSuccessfulAllocations           0x2000006c   Data           4  heap_4.o(.data)
    xNumberOfSuccessfulFrees                 0x20000070   Data           4  heap_4.o(.data)
    xBlockAllocatedBit                       0x20000074   Data           4  heap_4.o(.data)
    xStart                                   0x20000078   Data           8  heap_4.o(.data)
    .data                                    0x20000080   Section       12  port.o(.data)
    ucMaxSysCallPriority                     0x20000080   Data           1  port.o(.data)
    uxCriticalNesting                        0x20000084   Data           4  port.o(.data)
    ulMaxPRIGROUPValue                       0x20000088   Data           4  port.o(.data)
    .data                                    0x2000008c   Section        8  can_receive.o(.data)
    can1_send_data                           0x2000008c   Data           8  can_receive.o(.data)
    .data                                    0x20000094   Section        2  remote_control.o(.data)
    this_time_rx_len                         0x20000094   Data           2  remote_control.o(.data)
    .bss                                     0x20000098   Section      596  freertos.o(.bss)
    xIdleTaskTCBBuffer                       0x20000098   Data          84  freertos.o(.bss)
    xIdleStack                               0x200000ec   Data         512  freertos.o(.bss)
    .bss                                     0x200002ec   Section       80  can.o(.bss)
    .bss                                     0x2000033c   Section      168  usart.o(.bss)
    .bss                                     0x200003e4   Section      240  tasks.o(.bss)
    pxReadyTasksLists                        0x200003e4   Data         140  tasks.o(.bss)
    xDelayedTaskList1                        0x20000470   Data          20  tasks.o(.bss)
    xDelayedTaskList2                        0x20000484   Data          20  tasks.o(.bss)
    xPendingReadyList                        0x20000498   Data          20  tasks.o(.bss)
    xTasksWaitingTermination                 0x200004ac   Data          20  tasks.o(.bss)
    xSuspendedTaskList                       0x200004c0   Data          20  tasks.o(.bss)
    .bss                                     0x200004d4   Section    15360  heap_4.o(.bss)
    ucHeap                                   0x200004d4   Data       15360  heap_4.o(.bss)
    .bss                                     0x200040d4   Section      172  shoot_task.o(.bss)
    .bss                                     0x20004180   Section      160  yaw_task.o(.bss)
    .bss                                     0x20004220   Section       76  can_receive.o(.bss)
    can1_tx_message                          0x20004254   Data          24  can_receive.o(.bss)
    .bss                                     0x2000426c   Section       94  remote_control.o(.bss)
    sbus_rx_buf                              0x20004282   Data          72  remote_control.o(.bss)
    .bss                                     0x200042cc   Section       96  libspace.o(.bss)
    HEAP                                     0x20004330   Section      512  startup_stm32f407xx.o(HEAP)
    Heap_Mem                                 0x20004330   Data         512  startup_stm32f407xx.o(HEAP)
    STACK                                    0x20004530   Section     1024  startup_stm32f407xx.o(STACK)
    Stack_Mem                                0x20004530   Data        1024  startup_stm32f407xx.o(STACK)
    __initial_sp                             0x20004930   Data           0  startup_stm32f407xx.o(STACK)

    Global Symbols

    Symbol Name                              Value     Ov Type        Size  Object(Section)

    BuildAttributes$$THM_ISAv4$E$P$D$K$B$S$7EM$VFPi3$EXTD16$VFPS$VFMA$PE$A:L22UL41UL21$X:L11$S22US41US21$IEEE1$IW$USESV6$~STKCKD$USESV7$~SHL$OTIME$ROPI$EBA8$UX$STANDARDLIB$REQ8$PRES8$EABIv2 0x00000000   Number         0  anon$$obj.o ABSOLUTE
    __ARM_use_no_argv                        0x00000000   Number         0  main.o ABSOLUTE
    __ARM_exceptions_init                     - Undefined Weak Reference
    __alloca_initialize                       - Undefined Weak Reference
    __arm_fini_                               - Undefined Weak Reference
    __arm_preinit_                            - Undefined Weak Reference
    __cpp_initialize__aeabi_                  - Undefined Weak Reference
    __cxa_finalize                            - Undefined Weak Reference
    __rt_locale                               - Undefined Weak Reference
    __sigvec_lookup                           - Undefined Weak Reference
    _atexit_init                              - Undefined Weak Reference
    _call_atexit_fns                          - Undefined Weak Reference
    _clock_init                               - Undefined Weak Reference
    _fp_trap_init                             - Undefined Weak Reference
    _fp_trap_shutdown                         - Undefined Weak Reference
    _get_lc_collate                           - Undefined Weak Reference
    _get_lc_ctype                             - Undefined Weak Reference
    _get_lc_monetary                          - Undefined Weak Reference
    _get_lc_numeric                           - Undefined Weak Reference
    _get_lc_time                              - Undefined Weak Reference
    _getenv_init                              - Undefined Weak Reference
    _handle_redirection                       - Undefined Weak Reference
    _init_alloc                               - Undefined Weak Reference
    _init_user_alloc                          - Undefined Weak Reference
    _initio                                   - Undefined Weak Reference
    _rand_init                                - Undefined Weak Reference
    _signal_finish                            - Undefined Weak Reference
    _signal_init                              - Undefined Weak Reference
    _terminate_alloc                          - Undefined Weak Reference
    _terminate_user_alloc                     - Undefined Weak Reference
    _terminateio                              - Undefined Weak Reference
    __Vectors_Size                           0x00000188   Number         0  startup_stm32f407xx.o ABSOLUTE
    __Vectors                                0x08000000   Data           4  startup_stm32f407xx.o(RESET)
    __Vectors_End                            0x08000188   Data           0  startup_stm32f407xx.o(RESET)
    __main                                   0x08000189   Thumb Code     8  __main.o(!!!main)
    __scatterload                            0x08000191   Thumb Code     0  __scatter.o(!!!scatter)
    __scatterload_rt2                        0x08000191   Thumb Code    44  __scatter.o(!!!scatter)
    __scatterload_rt2_thumb_only             0x08000191   Thumb Code     0  __scatter.o(!!!scatter)
    __scatterload_null                       0x0800019f   Thumb Code     0  __scatter.o(!!!scatter)
    __scatterload_copy                       0x080001c5   Thumb Code    26  __scatter_copy.o(!!handler_copy)
    __scatterload_zeroinit                   0x080001e1   Thumb Code    28  __scatter_zi.o(!!handler_zi)
    __rt_lib_init                            0x080001fd   Thumb Code     0  libinit.o(.ARM.Collect$$libinit$$00000000)
    __rt_lib_init_fp_1                       0x080001ff   Thumb Code     0  libinit2.o(.ARM.Collect$$libinit$$00000001)
    __rt_lib_init_alloca_1                   0x08000203   Thumb Code     0  libinit2.o(.ARM.Collect$$libinit$$0000002E)
    __rt_lib_init_argv_1                     0x08000203   Thumb Code     0  libinit2.o(.ARM.Collect$$libinit$$0000002C)
    __rt_lib_init_atexit_1                   0x08000203   Thumb Code     0  libinit2.o(.ARM.Collect$$libinit$$0000001B)
    __rt_lib_init_clock_1                    0x08000203   Thumb Code     0  libinit2.o(.ARM.Collect$$libinit$$00000021)
    __rt_lib_init_cpp_1                      0x08000203   Thumb Code     0  libinit2.o(.ARM.Collect$$libinit$$00000032)
    __rt_lib_init_exceptions_1               0x08000203   Thumb Code     0  libinit2.o(.ARM.Collect$$libinit$$00000030)
    __rt_lib_init_fp_trap_1                  0x08000203   Thumb Code     0  libinit2.o(.ARM.Collect$$libinit$$0000001F)
    __rt_lib_init_getenv_1                   0x08000203   Thumb Code     0  libinit2.o(.ARM.Collect$$libinit$$00000023)
    __rt_lib_init_heap_1                     0x08000203   Thumb Code     0  libinit2.o(.ARM.Collect$$libinit$$0000000A)
    __rt_lib_init_lc_collate_1               0x08000203   Thumb Code     0  libinit2.o(.ARM.Collect$$libinit$$00000011)
    __rt_lib_init_lc_ctype_1                 0x08000203   Thumb Code     0  libinit2.o(.ARM.Collect$$libinit$$00000013)
    __rt_lib_init_lc_monetary_1              0x08000203   Thumb Code     0  libinit2.o(.ARM.Collect$$libinit$$00000015)
    __rt_lib_init_lc_numeric_1               0x08000203   Thumb Code     0  libinit2.o(.ARM.Collect$$libinit$$00000017)
    __rt_lib_init_lc_time_1                  0x08000203   Thumb Code     0  libinit2.o(.ARM.Collect$$libinit$$00000019)
    __rt_lib_init_preinit_1                  0x08000203   Thumb Code     0  libinit2.o(.ARM.Collect$$libinit$$00000004)
    __rt_lib_init_rand_1                     0x08000203   Thumb Code     0  libinit2.o(.ARM.Collect$$libinit$$0000000E)
    __rt_lib_init_return                     0x08000203   Thumb Code     0  libinit2.o(.ARM.Collect$$libinit$$00000033)
    __rt_lib_init_signal_1                   0x08000203   Thumb Code     0  libinit2.o(.ARM.Collect$$libinit$$0000001D)
    __rt_lib_init_stdio_1                    0x08000203   Thumb Code     0  libinit2.o(.ARM.Collect$$libinit$$00000025)
    __rt_lib_init_user_alloc_1               0x08000203   Thumb Code     0  libinit2.o(.ARM.Collect$$libinit$$0000000C)
    __rt_lib_shutdown                        0x08000205   Thumb Code     0  libshutdown.o(.ARM.Collect$$libshutdown$$00000000)
    __rt_lib_shutdown_cpp_1                  0x08000207   Thumb Code     0  libshutdown2.o(.ARM.Collect$$libshutdown$$00000004)
    __rt_lib_shutdown_fini_1                 0x08000207   Thumb Code     0  libshutdown2.o(.ARM.Collect$$libshutdown$$00000002)
    __rt_lib_shutdown_fp_trap_1              0x08000207   Thumb Code     0  libshutdown2.o(.ARM.Collect$$libshutdown$$00000009)
    __rt_lib_shutdown_heap_1                 0x08000207   Thumb Code     0  libshutdown2.o(.ARM.Collect$$libshutdown$$00000011)
    __rt_lib_shutdown_return                 0x08000207   Thumb Code     0  libshutdown2.o(.ARM.Collect$$libshutdown$$00000012)
    __rt_lib_shutdown_signal_1               0x08000207   Thumb Code     0  libshutdown2.o(.ARM.Collect$$libshutdown$$0000000C)
    __rt_lib_shutdown_stdio_1                0x08000207   Thumb Code     0  libshutdown2.o(.ARM.Collect$$libshutdown$$00000006)
    __rt_lib_shutdown_user_alloc_1           0x08000207   Thumb Code     0  libshutdown2.o(.ARM.Collect$$libshutdown$$0000000E)
    __rt_entry                               0x08000209   Thumb Code     0  __rtentry.o(.ARM.Collect$$rtentry$$00000000)
    __rt_entry_presh_1                       0x08000209   Thumb Code     0  __rtentry2.o(.ARM.Collect$$rtentry$$00000002)
    __rt_entry_sh                            0x08000209   Thumb Code     0  __rtentry4.o(.ARM.Collect$$rtentry$$00000004)
    __rt_entry_li                            0x0800020f   Thumb Code     0  __rtentry2.o(.ARM.Collect$$rtentry$$0000000A)
    __rt_entry_postsh_1                      0x0800020f   Thumb Code     0  __rtentry2.o(.ARM.Collect$$rtentry$$00000009)
    __rt_entry_main                          0x08000213   Thumb Code     0  __rtentry2.o(.ARM.Collect$$rtentry$$0000000D)
    __rt_entry_postli_1                      0x08000213   Thumb Code     0  __rtentry2.o(.ARM.Collect$$rtentry$$0000000C)
    __rt_exit                                0x0800021b   Thumb Code     0  rtexit.o(.ARM.Collect$$rtexit$$00000000)
    __rt_exit_ls                             0x0800021d   Thumb Code     0  rtexit2.o(.ARM.Collect$$rtexit$$00000003)
    __rt_exit_prels_1                        0x0800021d   Thumb Code     0  rtexit2.o(.ARM.Collect$$rtexit$$00000002)
    __rt_exit_exit                           0x08000221   Thumb Code     0  rtexit2.o(.ARM.Collect$$rtexit$$00000004)
    SVC_Handler                              0x08000229   Thumb Code    28  port.o(.emb_text)
    __asm___6_port_c_39a90d8d__prvStartFirstTask 0x08000249   Thumb Code    36  port.o(.emb_text)
    __asm___6_port_c_39a90d8d__prvEnableVFP  0x08000271   Thumb Code    16  port.o(.emb_text)
    PendSV_Handler                           0x08000285   Thumb Code    88  port.o(.emb_text)
    vPortGetIPSR                             0x080002e1   Thumb Code     6  port.o(.emb_text)
    Reset_Handler                            0x080002e9   Thumb Code     8  startup_stm32f407xx.o(.text)
    ADC_IRQHandler                           0x08000303   Thumb Code     0  startup_stm32f407xx.o(.text)
    CAN1_RX1_IRQHandler                      0x08000303   Thumb Code     0  startup_stm32f407xx.o(.text)
    CAN1_SCE_IRQHandler                      0x08000303   Thumb Code     0  startup_stm32f407xx.o(.text)
    CAN1_TX_IRQHandler                       0x08000303   Thumb Code     0  startup_stm32f407xx.o(.text)
    CAN2_RX1_IRQHandler                      0x08000303   Thumb Code     0  startup_stm32f407xx.o(.text)
    CAN2_SCE_IRQHandler                      0x08000303   Thumb Code     0  startup_stm32f407xx.o(.text)
    CAN2_TX_IRQHandler                       0x08000303   Thumb Code     0  startup_stm32f407xx.o(.text)
    DCMI_IRQHandler                          0x08000303   Thumb Code     0  startup_stm32f407xx.o(.text)
    DMA1_Stream0_IRQHandler                  0x08000303   Thumb Code     0  startup_stm32f407xx.o(.text)
    DMA1_Stream2_IRQHandler                  0x08000303   Thumb Code     0  startup_stm32f407xx.o(.text)
    DMA1_Stream3_IRQHandler                  0x08000303   Thumb Code     0  startup_stm32f407xx.o(.text)
    DMA1_Stream4_IRQHandler                  0x08000303   Thumb Code     0  startup_stm32f407xx.o(.text)
    DMA1_Stream5_IRQHandler                  0x08000303   Thumb Code     0  startup_stm32f407xx.o(.text)
    DMA1_Stream6_IRQHandler                  0x08000303   Thumb Code     0  startup_stm32f407xx.o(.text)
    DMA1_Stream7_IRQHandler                  0x08000303   Thumb Code     0  startup_stm32f407xx.o(.text)
    DMA2_Stream0_IRQHandler                  0x08000303   Thumb Code     0  startup_stm32f407xx.o(.text)
    DMA2_Stream1_IRQHandler                  0x08000303   Thumb Code     0  startup_stm32f407xx.o(.text)
    DMA2_Stream2_IRQHandler                  0x08000303   Thumb Code     0  startup_stm32f407xx.o(.text)
    DMA2_Stream3_IRQHandler                  0x08000303   Thumb Code     0  startup_stm32f407xx.o(.text)
    DMA2_Stream4_IRQHandler                  0x08000303   Thumb Code     0  startup_stm32f407xx.o(.text)
    DMA2_Stream5_IRQHandler                  0x08000303   Thumb Code     0  startup_stm32f407xx.o(.text)
    DMA2_Stream6_IRQHandler                  0x08000303   Thumb Code     0  startup_stm32f407xx.o(.text)
    DMA2_Stream7_IRQHandler                  0x08000303   Thumb Code     0  startup_stm32f407xx.o(.text)
    ETH_IRQHandler                           0x08000303   Thumb Code     0  startup_stm32f407xx.o(.text)
    ETH_WKUP_IRQHandler                      0x08000303   Thumb Code     0  startup_stm32f407xx.o(.text)
    EXTI0_IRQHandler                         0x08000303   Thumb Code     0  startup_stm32f407xx.o(.text)
    EXTI15_10_IRQHandler                     0x08000303   Thumb Code     0  startup_stm32f407xx.o(.text)
    EXTI1_IRQHandler                         0x08000303   Thumb Code     0  startup_stm32f407xx.o(.text)
    EXTI2_IRQHandler                         0x08000303   Thumb Code     0  startup_stm32f407xx.o(.text)
    EXTI3_IRQHandler                         0x08000303   Thumb Code     0  startup_stm32f407xx.o(.text)
    EXTI4_IRQHandler                         0x08000303   Thumb Code     0  startup_stm32f407xx.o(.text)
    EXTI9_5_IRQHandler                       0x08000303   Thumb Code     0  startup_stm32f407xx.o(.text)
    FLASH_IRQHandler                         0x08000303   Thumb Code     0  startup_stm32f407xx.o(.text)
    FMC_IRQHandler                           0x08000303   Thumb Code     0  startup_stm32f407xx.o(.text)
    FPU_IRQHandler                           0x08000303   Thumb Code     0  startup_stm32f407xx.o(.text)
    HASH_RNG_IRQHandler                      0x08000303   Thumb Code     0  startup_stm32f407xx.o(.text)
    I2C1_ER_IRQHandler                       0x08000303   Thumb Code     0  startup_stm32f407xx.o(.text)
    I2C1_EV_IRQHandler                       0x08000303   Thumb Code     0  startup_stm32f407xx.o(.text)
    I2C2_ER_IRQHandler                       0x08000303   Thumb Code     0  startup_stm32f407xx.o(.text)
    I2C2_EV_IRQHandler                       0x08000303   Thumb Code     0  startup_stm32f407xx.o(.text)
    I2C3_ER_IRQHandler                       0x08000303   Thumb Code     0  startup_stm32f407xx.o(.text)
    I2C3_EV_IRQHandler                       0x08000303   Thumb Code     0  startup_stm32f407xx.o(.text)
    OTG_FS_IRQHandler                        0x08000303   Thumb Code     0  startup_stm32f407xx.o(.text)
    OTG_FS_WKUP_IRQHandler                   0x08000303   Thumb Code     0  startup_stm32f407xx.o(.text)
    OTG_HS_EP1_IN_IRQHandler                 0x08000303   Thumb Code     0  startup_stm32f407xx.o(.text)
    OTG_HS_EP1_OUT_IRQHandler                0x08000303   Thumb Code     0  startup_stm32f407xx.o(.text)
    OTG_HS_IRQHandler                        0x08000303   Thumb Code     0  startup_stm32f407xx.o(.text)
    OTG_HS_WKUP_IRQHandler                   0x08000303   Thumb Code     0  startup_stm32f407xx.o(.text)
    PVD_IRQHandler                           0x08000303   Thumb Code     0  startup_stm32f407xx.o(.text)
    RCC_IRQHandler                           0x08000303   Thumb Code     0  startup_stm32f407xx.o(.text)
    RTC_Alarm_IRQHandler                     0x08000303   Thumb Code     0  startup_stm32f407xx.o(.text)
    RTC_WKUP_IRQHandler                      0x08000303   Thumb Code     0  startup_stm32f407xx.o(.text)
    SDIO_IRQHandler                          0x08000303   Thumb Code     0  startup_stm32f407xx.o(.text)
    SPI1_IRQHandler                          0x08000303   Thumb Code     0  startup_stm32f407xx.o(.text)
    SPI2_IRQHandler                          0x08000303   Thumb Code     0  startup_stm32f407xx.o(.text)
    SPI3_IRQHandler                          0x08000303   Thumb Code     0  startup_stm32f407xx.o(.text)
    TAMP_STAMP_IRQHandler                    0x08000303   Thumb Code     0  startup_stm32f407xx.o(.text)
    TIM1_BRK_TIM9_IRQHandler                 0x08000303   Thumb Code     0  startup_stm32f407xx.o(.text)
    TIM1_CC_IRQHandler                       0x08000303   Thumb Code     0  startup_stm32f407xx.o(.text)
    TIM1_TRG_COM_TIM11_IRQHandler            0x08000303   Thumb Code     0  startup_stm32f407xx.o(.text)
    TIM1_UP_TIM10_IRQHandler                 0x08000303   Thumb Code     0  startup_stm32f407xx.o(.text)
    TIM2_IRQHandler                          0x08000303   Thumb Code     0  startup_stm32f407xx.o(.text)
    TIM3_IRQHandler                          0x08000303   Thumb Code     0  startup_stm32f407xx.o(.text)
    TIM4_IRQHandler                          0x08000303   Thumb Code     0  startup_stm32f407xx.o(.text)
    TIM5_IRQHandler                          0x08000303   Thumb Code     0  startup_stm32f407xx.o(.text)
    TIM6_DAC_IRQHandler                      0x08000303   Thumb Code     0  startup_stm32f407xx.o(.text)
    TIM7_IRQHandler                          0x08000303   Thumb Code     0  startup_stm32f407xx.o(.text)
    TIM8_BRK_TIM12_IRQHandler                0x08000303   Thumb Code     0  startup_stm32f407xx.o(.text)
    TIM8_CC_IRQHandler                       0x08000303   Thumb Code     0  startup_stm32f407xx.o(.text)
    TIM8_TRG_COM_TIM14_IRQHandler            0x08000303   Thumb Code     0  startup_stm32f407xx.o(.text)
    TIM8_UP_TIM13_IRQHandler                 0x08000303   Thumb Code     0  startup_stm32f407xx.o(.text)
    UART4_IRQHandler                         0x08000303   Thumb Code     0  startup_stm32f407xx.o(.text)
    UART5_IRQHandler                         0x08000303   Thumb Code     0  startup_stm32f407xx.o(.text)
    USART1_IRQHandler                        0x08000303   Thumb Code     0  startup_stm32f407xx.o(.text)
    USART2_IRQHandler                        0x08000303   Thumb Code     0  startup_stm32f407xx.o(.text)
    USART6_IRQHandler                        0x08000303   Thumb Code     0  startup_stm32f407xx.o(.text)
    WWDG_IRQHandler                          0x08000303   Thumb Code     0  startup_stm32f407xx.o(.text)
    __user_initial_stackheap                 0x08000305   Thumb Code     0  startup_stm32f407xx.o(.text)
    __aeabi_uldivmod                         0x08000329   Thumb Code     0  lludivv7m.o(.text)
    _ll_udiv                                 0x08000329   Thumb Code   238  lludivv7m.o(.text)
    __aeabi_memcpy4                          0x08000417   Thumb Code     0  rt_memcpy_w.o(.text)
    __aeabi_memcpy8                          0x08000417   Thumb Code     0  rt_memcpy_w.o(.text)
    __rt_memcpy_w                            0x08000417   Thumb Code   100  rt_memcpy_w.o(.text)
    _memcpy_lastbytes_aligned                0x0800045f   Thumb Code     0  rt_memcpy_w.o(.text)
    __aeabi_memclr4                          0x0800047b   Thumb Code     0  rt_memclr_w.o(.text)
    __aeabi_memclr8                          0x0800047b   Thumb Code     0  rt_memclr_w.o(.text)
    __rt_memclr_w                            0x0800047b   Thumb Code    78  rt_memclr_w.o(.text)
    _memset_w                                0x0800047f   Thumb Code     0  rt_memclr_w.o(.text)
    __use_two_region_memory                  0x080004c9   Thumb Code     2  heapauxi.o(.text)
    __rt_heap_escrow$2region                 0x080004cb   Thumb Code     2  heapauxi.o(.text)
    __rt_heap_expand$2region                 0x080004cd   Thumb Code     2  heapauxi.o(.text)
    __user_setup_stackheap                   0x080004cf   Thumb Code    74  sys_stackheap_outer.o(.text)
    exit                                     0x08000519   Thumb Code    18  exit.o(.text)
    __user_libspace                          0x0800052d   Thumb Code     8  libspace.o(.text)
    __user_perproc_libspace                  0x0800052d   Thumb Code     0  libspace.o(.text)
    __user_perthread_libspace                0x0800052d   Thumb Code     0  libspace.o(.text)
    _sys_exit                                0x08000535   Thumb Code     8  sys_exit.o(.text)
    __I$use$semihosting                      0x08000541   Thumb Code     0  use_no_semi.o(.text)
    __use_no_semihosting_swi                 0x08000541   Thumb Code     2  use_no_semi.o(.text)
    BusFault_Handler                         0x08000543   Thumb Code     4  stm32f4xx_it.o(i.BusFault_Handler)
    __semihosting_library_function           0x08000543   Thumb Code     0  indicate_semi.o(.text)
    CAN1_RX0_IRQHandler                      0x08000549   Thumb Code    10  stm32f4xx_it.o(i.CAN1_RX0_IRQHandler)
    CAN2_RX0_IRQHandler                      0x08000559   Thumb Code    10  stm32f4xx_it.o(i.CAN2_RX0_IRQHandler)
    CAN_cmd_gimbal                           0x08000569   Thumb Code    52  can_receive.o(i.CAN_cmd_gimbal)
    CAN_cmd_shoot                            0x080005a9   Thumb Code    64  can_receive.o(i.CAN_cmd_shoot)
    DMA1_Stream1_IRQHandler                  0x080005f5   Thumb Code     2  stm32f4xx_it.o(i.DMA1_Stream1_IRQHandler)
    DebugMon_Handler                         0x080006d7   Thumb Code     2  stm32f4xx_it.o(i.DebugMon_Handler)
    Error_Handler                            0x080006d9   Thumb Code     6  main.o(i.Error_Handler)
    HAL_CAN_ActivateNotification             0x080006df   Thumb Code    42  stm32f4xx_hal_can.o(i.HAL_CAN_ActivateNotification)
    HAL_CAN_AddTxMessage                     0x08000709   Thumb Code   330  stm32f4xx_hal_can.o(i.HAL_CAN_AddTxMessage)
    HAL_CAN_ConfigFilter                     0x08000855   Thumb Code   286  stm32f4xx_hal_can.o(i.HAL_CAN_ConfigFilter)
    HAL_CAN_ErrorCallback                    0x08000979   Thumb Code     2  stm32f4xx_hal_can.o(i.HAL_CAN_ErrorCallback)
    HAL_CAN_GetRxMessage                     0x0800097b   Thumb Code   404  stm32f4xx_hal_can.o(i.HAL_CAN_GetRxMessage)
    HAL_CAN_IRQHandler                       0x08000b0f   Thumb Code   590  stm32f4xx_hal_can.o(i.HAL_CAN_IRQHandler)
    HAL_CAN_Init                             0x08000d5d   Thumb Code   372  stm32f4xx_hal_can.o(i.HAL_CAN_Init)
    HAL_CAN_MspInit                          0x08000ed1   Thumb Code   328  can.o(i.HAL_CAN_MspInit)
    HAL_CAN_RxFifo0FullCallback              0x08001031   Thumb Code     2  stm32f4xx_hal_can.o(i.HAL_CAN_RxFifo0FullCallback)
    HAL_CAN_RxFifo0MsgPendingCallback        0x08001035   Thumb Code   430  can_receive.o(i.HAL_CAN_RxFifo0MsgPendingCallback)
    HAL_CAN_RxFifo1FullCallback              0x080011f5   Thumb Code     2  stm32f4xx_hal_can.o(i.HAL_CAN_RxFifo1FullCallback)
    HAL_CAN_RxFifo1MsgPendingCallback        0x080011f7   Thumb Code     2  stm32f4xx_hal_can.o(i.HAL_CAN_RxFifo1MsgPendingCallback)
    HAL_CAN_SleepCallback                    0x080011f9   Thumb Code     2  stm32f4xx_hal_can.o(i.HAL_CAN_SleepCallback)
    HAL_CAN_Start                            0x080011fb   Thumb Code    94  stm32f4xx_hal_can.o(i.HAL_CAN_Start)
    HAL_CAN_TxMailbox0AbortCallback          0x08001259   Thumb Code     2  stm32f4xx_hal_can.o(i.HAL_CAN_TxMailbox0AbortCallback)
    HAL_CAN_TxMailbox0CompleteCallback       0x0800125b   Thumb Code     2  stm32f4xx_hal_can.o(i.HAL_CAN_TxMailbox0CompleteCallback)
    HAL_CAN_TxMailbox1AbortCallback          0x0800125d   Thumb Code     2  stm32f4xx_hal_can.o(i.HAL_CAN_TxMailbox1AbortCallback)
    HAL_CAN_TxMailbox1CompleteCallback       0x0800125f   Thumb Code     2  stm32f4xx_hal_can.o(i.HAL_CAN_TxMailbox1CompleteCallback)
    HAL_CAN_TxMailbox2AbortCallback          0x08001261   Thumb Code     2  stm32f4xx_hal_can.o(i.HAL_CAN_TxMailbox2AbortCallback)
    HAL_CAN_TxMailbox2CompleteCallback       0x08001263   Thumb Code     2  stm32f4xx_hal_can.o(i.HAL_CAN_TxMailbox2CompleteCallback)
    HAL_CAN_WakeUpFromRxMsgCallback          0x08001265   Thumb Code     2  stm32f4xx_hal_can.o(i.HAL_CAN_WakeUpFromRxMsgCallback)
    HAL_DMA_Init                             0x08001269   Thumb Code   232  stm32f4xx_hal_dma.o(i.HAL_DMA_Init)
    HAL_GPIO_Init                            0x08001355   Thumb Code   454  stm32f4xx_hal_gpio.o(i.HAL_GPIO_Init)
    HAL_GetTick                              0x08001549   Thumb Code     6  stm32f4xx_hal.o(i.HAL_GetTick)
    HAL_IncTick                              0x08001555   Thumb Code    16  stm32f4xx_hal.o(i.HAL_IncTick)
    HAL_Init                                 0x0800156d   Thumb Code    54  stm32f4xx_hal.o(i.HAL_Init)
    HAL_InitTick                             0x080015a9   Thumb Code    64  stm32f4xx_hal.o(i.HAL_InitTick)
    HAL_MspInit                              0x080015f5   Thumb Code    78  stm32f4xx_hal_msp.o(i.HAL_MspInit)
    HAL_NVIC_EnableIRQ                       0x08001649   Thumb Code    40  stm32f4xx_hal_cortex.o(i.HAL_NVIC_EnableIRQ)
    HAL_NVIC_SetPriority                     0x08001671   Thumb Code   124  stm32f4xx_hal_cortex.o(i.HAL_NVIC_SetPriority)
    HAL_NVIC_SetPriorityGrouping             0x080016ed   Thumb Code    32  stm32f4xx_hal_cortex.o(i.HAL_NVIC_SetPriorityGrouping)
    HAL_RCC_ClockConfig                      0x08001715   Thumb Code   368  stm32f4xx_hal_rcc.o(i.HAL_RCC_ClockConfig)
    HAL_RCC_GetHCLKFreq                      0x08001899   Thumb Code     6  stm32f4xx_hal_rcc.o(i.HAL_RCC_GetHCLKFreq)
    HAL_RCC_GetPCLK1Freq                     0x080018a5   Thumb Code    22  stm32f4xx_hal_rcc.o(i.HAL_RCC_GetPCLK1Freq)
    HAL_RCC_GetPCLK2Freq                     0x080018c5   Thumb Code    22  stm32f4xx_hal_rcc.o(i.HAL_RCC_GetPCLK2Freq)
    HAL_RCC_GetSysClockFreq                  0x080018e5   Thumb Code   162  stm32f4xx_hal_rcc.o(i.HAL_RCC_GetSysClockFreq)
    HAL_RCC_OscConfig                        0x08001995   Thumb Code  1172  stm32f4xx_hal_rcc.o(i.HAL_RCC_OscConfig)
    HAL_SYSTICK_Config                       0x08001e31   Thumb Code    52  stm32f4xx_hal_cortex.o(i.HAL_SYSTICK_Config)
    HAL_UART_Init                            0x08001e65   Thumb Code   118  stm32f4xx_hal_uart.o(i.HAL_UART_Init)
    HAL_UART_MspInit                         0x08001edd   Thumb Code   204  usart.o(i.HAL_UART_MspInit)
    HardFault_Handler                        0x08001fbd   Thumb Code     4  stm32f4xx_it.o(i.HardFault_Handler)
    MX_CAN1_Init                             0x08001fc1   Thumb Code    58  can.o(i.MX_CAN1_Init)
    MX_CAN2_Init                             0x08002005   Thumb Code    58  can.o(i.MX_CAN2_Init)
    MX_DMA_Init                              0x08002049   Thumb Code    52  dma.o(i.MX_DMA_Init)
    MX_FREERTOS_Init                         0x08002081   Thumb Code   102  freertos.o(i.MX_FREERTOS_Init)
    MX_GPIO_Init                             0x080020fd   Thumb Code   156  gpio.o(i.MX_GPIO_Init)
    MX_USART3_UART_Init                      0x0800219d   Thumb Code    44  usart.o(i.MX_USART3_UART_Init)
    MemManage_Handler                        0x080021d5   Thumb Code     4  stm32f4xx_it.o(i.MemManage_Handler)
    NMI_Handler                              0x080021d9   Thumb Code     2  stm32f4xx_it.o(i.NMI_Handler)
    RC_init                                  0x080021dd   Thumb Code   142  bsp_rc.o(i.RC_init)
    StartDefaultTask                         0x08002279   Thumb Code    10  freertos.o(i.StartDefaultTask)
    SysTick_Handler                          0x08002283   Thumb Code    20  stm32f4xx_it.o(i.SysTick_Handler)
    SystemClock_Config                       0x08002299   Thumb Code   170  main.o(i.SystemClock_Config)
    SystemInit                               0x0800234d   Thumb Code    14  system_stm32f4xx.o(i.SystemInit)
    USART3_IRQHandler                        0x0800258d   Thumb Code   264  remote_control.o(i.USART3_IRQHandler)
    UsageFault_Handler                       0x080026b1   Thumb Code     4  stm32f4xx_it.o(i.UsageFault_Handler)
    can_filter_init                          0x080026ed   Thumb Code    84  bsp_can.o(i.can_filter_init)
    check_task                               0x08002749   Thumb Code     4  check_task.o(i.check_task)
    get_left_fric_motor_measure_point        0x0800274d   Thumb Code     4  can_receive.o(i.get_left_fric_motor_measure_point)
    get_remote_control_point                 0x08002755   Thumb Code     4  remote_control.o(i.get_remote_control_point)
    get_right_fric_motor_measure_point       0x0800275d   Thumb Code     4  can_receive.o(i.get_right_fric_motor_measure_point)
    get_turn_motor_measure_point             0x08002765   Thumb Code     4  can_receive.o(i.get_turn_motor_measure_point)
    main                                     0x0800276d   Thumb Code    48  main.o(i.main)
    msp                                      0x080027a9   Thumb Code   156  yaw_task.o(i.msp)
    osDelay                                  0x08002845   Thumb Code    16  cmsis_os.o(i.osDelay)
    osKernelStart                            0x08002855   Thumb Code    10  cmsis_os.o(i.osKernelStart)
    osThreadCreate                           0x0800285f   Thumb Code    92  cmsis_os.o(i.osThreadCreate)
    pid_calc                                 0x080028bd   Thumb Code   282  pid.o(i.pid_calc)
    pid_init                                 0x080029dd   Thumb Code    90  pid.o(i.pid_init)
    pvPortMalloc                             0x08002dc5   Thumb Code   224  heap_4.o(i.pvPortMalloc)
    pxPortInitialiseStack                    0x08002ead   Thumb Code    38  port.o(i.pxPortInitialiseStack)
    remote_control_init                      0x08002ed9   Thumb Code    16  remote_control.o(i.remote_control_init)
    shoot_control_loop                       0x08002fc9   Thumb Code   152  shoot_task.o(i.shoot_control_loop)
    shoot_feedback_update                    0x08003069   Thumb Code    58  shoot_task.o(i.shoot_feedback_update)
    shoot_init                               0x080030b1   Thumb Code    94  shoot_task.o(i.shoot_init)
    shoot_mode_set                           0x08003121   Thumb Code    52  shoot_task.o(i.shoot_mode_set)
    shoot_task                               0x08003159   Thumb Code    34  shoot_task.o(i.shoot_task)
    uxListRemove                             0x08003181   Thumb Code    38  list.o(i.uxListRemove)
    vApplicationGetIdleTaskMemory            0x080031a9   Thumb Code    14  freertos.o(i.vApplicationGetIdleTaskMemory)
    vListInitialise                          0x080031c1   Thumb Code    22  list.o(i.vListInitialise)
    vListInitialiseItem                      0x080031d7   Thumb Code     6  list.o(i.vListInitialiseItem)
    vListInsert                              0x080031dd   Thumb Code    54  list.o(i.vListInsert)
    vListInsertEnd                           0x08003213   Thumb Code    24  list.o(i.vListInsertEnd)
    vPortEnterCritical                       0x0800322d   Thumb Code    54  port.o(i.vPortEnterCritical)
    vPortExitCritical                        0x0800326d   Thumb Code    38  port.o(i.vPortExitCritical)
    vPortFree                                0x08003299   Thumb Code    94  heap_4.o(i.vPortFree)
    vPortSetupTimerInterrupt                 0x080032fd   Thumb Code    32  port.o(i.vPortSetupTimerInterrupt)
    vTaskDelay                               0x08003321   Thumb Code    70  tasks.o(i.vTaskDelay)
    vTaskStartScheduler                      0x08003371   Thumb Code   120  tasks.o(i.vTaskStartScheduler)
    vTaskSuspendAll                          0x080033f9   Thumb Code    10  tasks.o(i.vTaskSuspendAll)
    vTaskSwitchContext                       0x08003409   Thumb Code    86  tasks.o(i.vTaskSwitchContext)
    xPortStartScheduler                      0x08003469   Thumb Code   232  port.o(i.xPortStartScheduler)
    xPortSysTickHandler                      0x0800356d   Thumb Code    38  port.o(i.xPortSysTickHandler)
    xTaskCreate                              0x08003599   Thumb Code   108  tasks.o(i.xTaskCreate)
    xTaskCreateStatic                        0x08003605   Thumb Code    96  tasks.o(i.xTaskCreateStatic)
    xTaskGetSchedulerState                   0x08003665   Thumb Code    24  tasks.o(i.xTaskGetSchedulerState)
    xTaskIncrementTick                       0x08003681   Thumb Code   202  tasks.o(i.xTaskIncrementTick)
    xTaskResumeAll                           0x08003755   Thumb Code   190  tasks.o(i.xTaskResumeAll)
    yaw_control_loop                         0x08003821   Thumb Code   102  yaw_task.o(i.yaw_control_loop)
    yaw_feedback_update                      0x0800388d   Thumb Code    78  yaw_task.o(i.yaw_feedback_update)
    yaw_init                                 0x08003901   Thumb Code    80  yaw_task.o(i.yaw_init)
    yaw_task                                 0x08003969   Thumb Code    46  yaw_task.o(i.yaw_task)
    __aeabi_d2f                              0x080039a1   Thumb Code     0  d2f.o(x$fpl$d2f)
    _d2f                                     0x080039a1   Thumb Code    98  d2f.o(x$fpl$d2f)
    __aeabi_dadd                             0x08003a05   Thumb Code     0  daddsub_clz.o(x$fpl$dadd)
    _dadd                                    0x08003a05   Thumb Code   332  daddsub_clz.o(x$fpl$dadd)
    __aeabi_ddiv                             0x08003b55   Thumb Code     0  ddiv.o(x$fpl$ddiv)
    _ddiv                                    0x08003b55   Thumb Code   552  ddiv.o(x$fpl$ddiv)
    __aeabi_ui2d                             0x08003e05   Thumb Code     0  dflt_clz.o(x$fpl$dfltu)
    _dfltu                                   0x08003e05   Thumb Code    38  dflt_clz.o(x$fpl$dfltu)
    __aeabi_dmul                             0x08003e2d   Thumb Code     0  dmul.o(x$fpl$dmul)
    _dmul                                    0x08003e2d   Thumb Code   332  dmul.o(x$fpl$dmul)
    __fpl_dnaninf                            0x08003f81   Thumb Code   156  dnaninf.o(x$fpl$dnaninf)
    __fpl_dretinf                            0x0800401d   Thumb Code    12  dretinf.o(x$fpl$dretinf)
    __aeabi_dsub                             0x08004029   Thumb Code     0  daddsub_clz.o(x$fpl$dsub)
    _dsub                                    0x08004029   Thumb Code   464  daddsub_clz.o(x$fpl$dsub)
    _fp_init                                 0x080041fd   Thumb Code    10  fpinit.o(x$fpl$fpinit)
    __fplib_config_fpu_vfp                   0x08004205   Thumb Code     0  fpinit.o(x$fpl$fpinit)
    __fplib_config_pureend_doubles           0x08004205   Thumb Code     0  fpinit.o(x$fpl$fpinit)
    __fpl_fretinf                            0x08004207   Thumb Code    10  fretinf.o(x$fpl$fretinf)
    __I$use$fp                               0x08004210   Number         0  usenofp.o(x$fpl$usenofp)
    AHBPrescTable                            0x08004288   Data          16  system_stm32f4xx.o(.constdata)
    APBPrescTable                            0x08004298   Data           8  system_stm32f4xx.o(.constdata)
    Region$$Table$$Base                      0x080042fc   Number         0  anon$$obj.o(Region$$Table)
    Region$$Table$$Limit                     0x0800431c   Number         0  anon$$obj.o(Region$$Table)
    defaultTaskHandle                        0x20000000   Data           4  freertos.o(.data)
    ShootTaskHandle                          0x20000004   Data           4  freertos.o(.data)
    YawTaskHandle                            0x20000008   Data           4  freertos.o(.data)
    CheckTaskHandle                          0x2000000c   Data           4  freertos.o(.data)
    uwTick                                   0x20000014   Data           4  stm32f4xx_hal.o(.data)
    uwTickPrio                               0x20000018   Data           4  stm32f4xx_hal.o(.data)
    uwTickFreq                               0x2000001c   Data           1  stm32f4xx_hal.o(.data)
    SystemCoreClock                          0x20000020   Data           4  system_stm32f4xx.o(.data)
    pxCurrentTCB                             0x20000024   Data           4  tasks.o(.data)
    hcan1                                    0x200002ec   Data          40  can.o(.bss)
    hcan2                                    0x20000314   Data          40  can.o(.bss)
    huart3                                   0x2000033c   Data          72  usart.o(.bss)
    hdma_usart3_rx                           0x20000384   Data          96  usart.o(.bss)
    shoot_control_data                       0x200040d4   Data         172  shoot_task.o(.bss)
    yaw_control_data                         0x20004180   Data         160  yaw_task.o(.bss)
    motor_push_data                          0x20004220   Data          20  can_receive.o(.bss)
    motor_gimbal_data                        0x20004234   Data          10  can_receive.o(.bss)
    motor_fric_data                          0x2000423e   Data          20  can_receive.o(.bss)
    rc_ctrl                                  0x2000426c   Data          22  remote_control.o(.bss)
    __libspace_start                         0x200042cc   Data          96  libspace.o(.bss)
    __temporary_stack_top$libspace           0x2000432c   Data           0  libspace.o(.bss)



==============================================================================

Memory Map of the image

  Image Entry point : 0x08000189

  Load Region LR_IROM1 (Base: 0x08000000, Size: 0x000043b4, Max: 0x00100000, ABSOLUTE)

    Execution Region ER_IROM1 (Exec base: 0x08000000, Load base: 0x08000000, Size: 0x0000431c, Max: 0x00100000, ABSOLUTE)

    Exec Addr    Load Addr    Size         Type   Attr      Idx    E Section Name        Object

    0x08000000   0x08000000   0x00000188   Data   RO            3    RESET               startup_stm32f407xx.o
    0x08000188   0x08000188   0x00000008   Code   RO         4182  * !!!main             c_w.l(__main.o)
    0x08000190   0x08000190   0x00000034   Code   RO         4380    !!!scatter          c_w.l(__scatter.o)
    0x080001c4   0x080001c4   0x0000001a   Code   RO         4382    !!handler_copy      c_w.l(__scatter_copy.o)
    0x080001de   0x080001de   0x00000002   PAD
    0x080001e0   0x080001e0   0x0000001c   Code   RO         4384    !!handler_zi        c_w.l(__scatter_zi.o)
    0x080001fc   0x080001fc   0x00000002   Code   RO         4248    .ARM.Collect$$libinit$$00000000  c_w.l(libinit.o)
    0x080001fe   0x080001fe   0x00000004   Code   RO         4260    .ARM.Collect$$libinit$$00000001  c_w.l(libinit2.o)
    0x08000202   0x08000202   0x00000000   Code   RO         4263    .ARM.Collect$$libinit$$00000004  c_w.l(libinit2.o)
    0x08000202   0x08000202   0x00000000   Code   RO         4266    .ARM.Collect$$libinit$$0000000A  c_w.l(libinit2.o)
    0x08000202   0x08000202   0x00000000   Code   RO         4268    .ARM.Collect$$libinit$$0000000C  c_w.l(libinit2.o)
    0x08000202   0x08000202   0x00000000   Code   RO         4270    .ARM.Collect$$libinit$$0000000E  c_w.l(libinit2.o)
    0x08000202   0x08000202   0x00000000   Code   RO         4273    .ARM.Collect$$libinit$$00000011  c_w.l(libinit2.o)
    0x08000202   0x08000202   0x00000000   Code   RO         4275    .ARM.Collect$$libinit$$00000013  c_w.l(libinit2.o)
    0x08000202   0x08000202   0x00000000   Code   RO         4277    .ARM.Collect$$libinit$$00000015  c_w.l(libinit2.o)
    0x08000202   0x08000202   0x00000000   Code   RO         4279    .ARM.Collect$$libinit$$00000017  c_w.l(libinit2.o)
    0x08000202   0x08000202   0x00000000   Code   RO         4281    .ARM.Collect$$libinit$$00000019  c_w.l(libinit2.o)
    0x08000202   0x08000202   0x00000000   Code   RO         4283    .ARM.Collect$$libinit$$0000001B  c_w.l(libinit2.o)
    0x08000202   0x08000202   0x00000000   Code   RO         4285    .ARM.Collect$$libinit$$0000001D  c_w.l(libinit2.o)
    0x08000202   0x08000202   0x00000000   Code   RO         4287    .ARM.Collect$$libinit$$0000001F  c_w.l(libinit2.o)
    0x08000202   0x08000202   0x00000000   Code   RO         4289    .ARM.Collect$$libinit$$00000021  c_w.l(libinit2.o)
    0x08000202   0x08000202   0x00000000   Code   RO         4291    .ARM.Collect$$libinit$$00000023  c_w.l(libinit2.o)
    0x08000202   0x08000202   0x00000000   Code   RO         4293    .ARM.Collect$$libinit$$00000025  c_w.l(libinit2.o)
    0x08000202   0x08000202   0x00000000   Code   RO         4297    .ARM.Collect$$libinit$$0000002C  c_w.l(libinit2.o)
    0x08000202   0x08000202   0x00000000   Code   RO         4299    .ARM.Collect$$libinit$$0000002E  c_w.l(libinit2.o)
    0x08000202   0x08000202   0x00000000   Code   RO         4301    .ARM.Collect$$libinit$$00000030  c_w.l(libinit2.o)
    0x08000202   0x08000202   0x00000000   Code   RO         4303    .ARM.Collect$$libinit$$00000032  c_w.l(libinit2.o)
    0x08000202   0x08000202   0x00000002   Code   RO         4304    .ARM.Collect$$libinit$$00000033  c_w.l(libinit2.o)
    0x08000204   0x08000204   0x00000002   Code   RO         4335    .ARM.Collect$$libshutdown$$00000000  c_w.l(libshutdown.o)
    0x08000206   0x08000206   0x00000000   Code   RO         4361    .ARM.Collect$$libshutdown$$00000002  c_w.l(libshutdown2.o)
    0x08000206   0x08000206   0x00000000   Code   RO         4363    .ARM.Collect$$libshutdown$$00000004  c_w.l(libshutdown2.o)
    0x08000206   0x08000206   0x00000000   Code   RO         4365    .ARM.Collect$$libshutdown$$00000006  c_w.l(libshutdown2.o)
    0x08000206   0x08000206   0x00000000   Code   RO         4368    .ARM.Collect$$libshutdown$$00000009  c_w.l(libshutdown2.o)
    0x08000206   0x08000206   0x00000000   Code   RO         4371    .ARM.Collect$$libshutdown$$0000000C  c_w.l(libshutdown2.o)
    0x08000206   0x08000206   0x00000000   Code   RO         4373    .ARM.Collect$$libshutdown$$0000000E  c_w.l(libshutdown2.o)
    0x08000206   0x08000206   0x00000000   Code   RO         4376    .ARM.Collect$$libshutdown$$00000011  c_w.l(libshutdown2.o)
    0x08000206   0x08000206   0x00000002   Code   RO         4377    .ARM.Collect$$libshutdown$$00000012  c_w.l(libshutdown2.o)
    0x08000208   0x08000208   0x00000000   Code   RO         4204    .ARM.Collect$$rtentry$$00000000  c_w.l(__rtentry.o)
    0x08000208   0x08000208   0x00000000   Code   RO         4219    .ARM.Collect$$rtentry$$00000002  c_w.l(__rtentry2.o)
    0x08000208   0x08000208   0x00000006   Code   RO         4231    .ARM.Collect$$rtentry$$00000004  c_w.l(__rtentry4.o)
    0x0800020e   0x0800020e   0x00000000   Code   RO         4221    .ARM.Collect$$rtentry$$00000009  c_w.l(__rtentry2.o)
    0x0800020e   0x0800020e   0x00000004   Code   RO         4222    .ARM.Collect$$rtentry$$0000000A  c_w.l(__rtentry2.o)
    0x08000212   0x08000212   0x00000000   Code   RO         4224    .ARM.Collect$$rtentry$$0000000C  c_w.l(__rtentry2.o)
    0x08000212   0x08000212   0x00000008   Code   RO         4225    .ARM.Collect$$rtentry$$0000000D  c_w.l(__rtentry2.o)
    0x0800021a   0x0800021a   0x00000002   Code   RO         4252    .ARM.Collect$$rtexit$$00000000  c_w.l(rtexit.o)
    0x0800021c   0x0800021c   0x00000000   Code   RO         4308    .ARM.Collect$$rtexit$$00000002  c_w.l(rtexit2.o)
    0x0800021c   0x0800021c   0x00000004   Code   RO         4309    .ARM.Collect$$rtexit$$00000003  c_w.l(rtexit2.o)
    0x08000220   0x08000220   0x00000006   Code   RO         4310    .ARM.Collect$$rtexit$$00000004  c_w.l(rtexit2.o)
    0x08000226   0x08000226   0x00000002   PAD
    0x08000228   0x08000228   0x000000be   Code   RO         3624    .emb_text           port.o
    0x080002e6   0x080002e6   0x00000002   PAD
    0x080002e8   0x080002e8   0x00000040   Code   RO            4    .text               startup_stm32f407xx.o
    0x08000328   0x08000328   0x000000ee   Code   RO         4170    .text               c_w.l(lludivv7m.o)
    0x08000416   0x08000416   0x00000064   Code   RO         4174    .text               c_w.l(rt_memcpy_w.o)
    0x0800047a   0x0800047a   0x0000004e   Code   RO         4178    .text               c_w.l(rt_memclr_w.o)
    0x080004c8   0x080004c8   0x00000006   Code   RO         4180    .text               c_w.l(heapauxi.o)
    0x080004ce   0x080004ce   0x0000004a   Code   RO         4235    .text               c_w.l(sys_stackheap_outer.o)
    0x08000518   0x08000518   0x00000012   Code   RO         4237    .text               c_w.l(exit.o)
    0x0800052a   0x0800052a   0x00000002   PAD
    0x0800052c   0x0800052c   0x00000008   Code   RO         4249    .text               c_w.l(libspace.o)
    0x08000534   0x08000534   0x0000000c   Code   RO         4305    .text               c_w.l(sys_exit.o)
    0x08000540   0x08000540   0x00000002   Code   RO         4324    .text               c_w.l(use_no_semi.o)
    0x08000542   0x08000542   0x00000000   Code   RO         4326    .text               c_w.l(indicate_semi.o)
    0x08000542   0x08000542   0x00000004   Code   RO          412    i.BusFault_Handler  stm32f4xx_it.o
    0x08000546   0x08000546   0x00000002   PAD
    0x08000548   0x08000548   0x00000010   Code   RO          413    i.CAN1_RX0_IRQHandler  stm32f4xx_it.o
    0x08000558   0x08000558   0x00000010   Code   RO          414    i.CAN2_RX0_IRQHandler  stm32f4xx_it.o
    0x08000568   0x08000568   0x00000040   Code   RO         3926    i.CAN_cmd_gimbal    can_receive.o
    0x080005a8   0x080005a8   0x0000004c   Code   RO         3927    i.CAN_cmd_shoot     can_receive.o
    0x080005f4   0x080005f4   0x00000002   Code   RO          415    i.DMA1_Stream1_IRQHandler  stm32f4xx_it.o
    0x080005f6   0x080005f6   0x00000002   PAD
    0x080005f8   0x080005f8   0x00000034   Code   RO         1256    i.DMA_CalcBaseAndBitshift  stm32f4xx_hal_dma.o
    0x0800062c   0x0800062c   0x000000aa   Code   RO         1257    i.DMA_CheckFifoParam  stm32f4xx_hal_dma.o
    0x080006d6   0x080006d6   0x00000002   Code   RO          416    i.DebugMon_Handler  stm32f4xx_it.o
    0x080006d8   0x080006d8   0x00000006   Code   RO           13    i.Error_Handler     main.o
    0x080006de   0x080006de   0x0000002a   Code   RO          519    i.HAL_CAN_ActivateNotification  stm32f4xx_hal_can.o
    0x08000708   0x08000708   0x0000014a   Code   RO          520    i.HAL_CAN_AddTxMessage  stm32f4xx_hal_can.o
    0x08000852   0x08000852   0x00000002   PAD
    0x08000854   0x08000854   0x00000124   Code   RO          521    i.HAL_CAN_ConfigFilter  stm32f4xx_hal_can.o
    0x08000978   0x08000978   0x00000002   Code   RO          524    i.HAL_CAN_ErrorCallback  stm32f4xx_hal_can.o
    0x0800097a   0x0800097a   0x00000194   Code   RO          527    i.HAL_CAN_GetRxMessage  stm32f4xx_hal_can.o
    0x08000b0e   0x08000b0e   0x0000024e   Code   RO          531    i.HAL_CAN_IRQHandler  stm32f4xx_hal_can.o
    0x08000d5c   0x08000d5c   0x00000174   Code   RO          532    i.HAL_CAN_Init      stm32f4xx_hal_can.o
    0x08000ed0   0x08000ed0   0x00000160   Code   RO          298    i.HAL_CAN_MspInit   can.o
    0x08001030   0x08001030   0x00000002   Code   RO          539    i.HAL_CAN_RxFifo0FullCallback  stm32f4xx_hal_can.o
    0x08001032   0x08001032   0x00000002   PAD
    0x08001034   0x08001034   0x000001c0   Code   RO         3928    i.HAL_CAN_RxFifo0MsgPendingCallback  can_receive.o
    0x080011f4   0x080011f4   0x00000002   Code   RO          541    i.HAL_CAN_RxFifo1FullCallback  stm32f4xx_hal_can.o
    0x080011f6   0x080011f6   0x00000002   Code   RO          542    i.HAL_CAN_RxFifo1MsgPendingCallback  stm32f4xx_hal_can.o
    0x080011f8   0x080011f8   0x00000002   Code   RO          543    i.HAL_CAN_SleepCallback  stm32f4xx_hal_can.o
    0x080011fa   0x080011fa   0x0000005e   Code   RO          544    i.HAL_CAN_Start     stm32f4xx_hal_can.o
    0x08001258   0x08001258   0x00000002   Code   RO          546    i.HAL_CAN_TxMailbox0AbortCallback  stm32f4xx_hal_can.o
    0x0800125a   0x0800125a   0x00000002   Code   RO          547    i.HAL_CAN_TxMailbox0CompleteCallback  stm32f4xx_hal_can.o
    0x0800125c   0x0800125c   0x00000002   Code   RO          548    i.HAL_CAN_TxMailbox1AbortCallback  stm32f4xx_hal_can.o
    0x0800125e   0x0800125e   0x00000002   Code   RO          549    i.HAL_CAN_TxMailbox1CompleteCallback  stm32f4xx_hal_can.o
    0x08001260   0x08001260   0x00000002   Code   RO          550    i.HAL_CAN_TxMailbox2AbortCallback  stm32f4xx_hal_can.o
    0x08001262   0x08001262   0x00000002   Code   RO          551    i.HAL_CAN_TxMailbox2CompleteCallback  stm32f4xx_hal_can.o
    0x08001264   0x08001264   0x00000002   Code   RO          553    i.HAL_CAN_WakeUpFromRxMsgCallback  stm32f4xx_hal_can.o
    0x08001266   0x08001266   0x00000002   PAD
    0x08001268   0x08001268   0x000000ec   Code   RO         1265    i.HAL_DMA_Init      stm32f4xx_hal_dma.o
    0x08001354   0x08001354   0x000001f4   Code   RO         1152    i.HAL_GPIO_Init     stm32f4xx_hal_gpio.o
    0x08001548   0x08001548   0x0000000c   Code   RO         1695    i.HAL_GetTick       stm32f4xx_hal.o
    0x08001554   0x08001554   0x00000018   Code   RO         1701    i.HAL_IncTick       stm32f4xx_hal.o
    0x0800156c   0x0800156c   0x0000003c   Code   RO         1702    i.HAL_Init          stm32f4xx_hal.o
    0x080015a8   0x080015a8   0x0000004c   Code   RO         1703    i.HAL_InitTick      stm32f4xx_hal.o
    0x080015f4   0x080015f4   0x00000054   Code   RO          494    i.HAL_MspInit       stm32f4xx_hal_msp.o
    0x08001648   0x08001648   0x00000028   Code   RO         1542    i.HAL_NVIC_EnableIRQ  stm32f4xx_hal_cortex.o
    0x08001670   0x08001670   0x0000007c   Code   RO         1548    i.HAL_NVIC_SetPriority  stm32f4xx_hal_cortex.o
    0x080016ec   0x080016ec   0x00000028   Code   RO         1549    i.HAL_NVIC_SetPriorityGrouping  stm32f4xx_hal_cortex.o
    0x08001714   0x08001714   0x00000184   Code   RO          753    i.HAL_RCC_ClockConfig  stm32f4xx_hal_rcc.o
    0x08001898   0x08001898   0x0000000c   Code   RO          758    i.HAL_RCC_GetHCLKFreq  stm32f4xx_hal_rcc.o
    0x080018a4   0x080018a4   0x00000020   Code   RO          760    i.HAL_RCC_GetPCLK1Freq  stm32f4xx_hal_rcc.o
    0x080018c4   0x080018c4   0x00000020   Code   RO          761    i.HAL_RCC_GetPCLK2Freq  stm32f4xx_hal_rcc.o
    0x080018e4   0x080018e4   0x000000b0   Code   RO          762    i.HAL_RCC_GetSysClockFreq  stm32f4xx_hal_rcc.o
    0x08001994   0x08001994   0x0000049c   Code   RO          765    i.HAL_RCC_OscConfig  stm32f4xx_hal_rcc.o
    0x08001e30   0x08001e30   0x00000034   Code   RO         1553    i.HAL_SYSTICK_Config  stm32f4xx_hal_cortex.o
    0x08001e64   0x08001e64   0x00000076   Code   RO         2006    i.HAL_UART_Init     stm32f4xx_hal_uart.o
    0x08001eda   0x08001eda   0x00000002   PAD
    0x08001edc   0x08001edc   0x000000e0   Code   RO          371    i.HAL_UART_MspInit  usart.o
    0x08001fbc   0x08001fbc   0x00000004   Code   RO          417    i.HardFault_Handler  stm32f4xx_it.o
    0x08001fc0   0x08001fc0   0x00000044   Code   RO          299    i.MX_CAN1_Init      can.o
    0x08002004   0x08002004   0x00000044   Code   RO          300    i.MX_CAN2_Init      can.o
    0x08002048   0x08002048   0x00000038   Code   RO          346    i.MX_DMA_Init       dma.o
    0x08002080   0x08002080   0x0000007c   Code   RO          247    i.MX_FREERTOS_Init  freertos.o
    0x080020fc   0x080020fc   0x000000a0   Code   RO          223    i.MX_GPIO_Init      gpio.o
    0x0800219c   0x0800219c   0x00000038   Code   RO          372    i.MX_USART3_UART_Init  usart.o
    0x080021d4   0x080021d4   0x00000004   Code   RO          418    i.MemManage_Handler  stm32f4xx_it.o
    0x080021d8   0x080021d8   0x00000002   Code   RO          419    i.NMI_Handler       stm32f4xx_it.o
    0x080021da   0x080021da   0x00000002   PAD
    0x080021dc   0x080021dc   0x0000009c   Code   RO         4077    i.RC_init           bsp_rc.o
    0x08002278   0x08002278   0x0000000a   Code   RO          248    i.StartDefaultTask  freertos.o
    0x08002282   0x08002282   0x00000014   Code   RO          420    i.SysTick_Handler   stm32f4xx_it.o
    0x08002296   0x08002296   0x00000002   PAD
    0x08002298   0x08002298   0x000000b4   Code   RO           14    i.SystemClock_Config  main.o
    0x0800234c   0x0800234c   0x00000014   Code   RO         2350    i.SystemInit        system_stm32f4xx.o
    0x08002360   0x08002360   0x0000022c   Code   RO         2033    i.UART_SetConfig    stm32f4xx_hal_uart.o
    0x0800258c   0x0800258c   0x00000124   Code   RO         4000    i.USART3_IRQHandler  remote_control.o
    0x080026b0   0x080026b0   0x00000004   Code   RO          421    i.UsageFault_Handler  stm32f4xx_it.o
    0x080026b4   0x080026b4   0x00000010   Code   RO         1555    i.__NVIC_GetPriorityGrouping  stm32f4xx_hal_cortex.o
    0x080026c4   0x080026c4   0x00000028   Code   RO         1556    i.__NVIC_SetPriority  stm32f4xx_hal_cortex.o
    0x080026ec   0x080026ec   0x0000005c   Code   RO         4049    i.can_filter_init   bsp_can.o
    0x08002748   0x08002748   0x00000004   Code   RO         3908    i.check_task        check_task.o
    0x0800274c   0x0800274c   0x00000008   Code   RO         3929    i.get_left_fric_motor_measure_point  can_receive.o
    0x08002754   0x08002754   0x00000008   Code   RO         4001    i.get_remote_control_point  remote_control.o
    0x0800275c   0x0800275c   0x00000008   Code   RO         3931    i.get_right_fric_motor_measure_point  can_receive.o
    0x08002764   0x08002764   0x00000008   Code   RO         3932    i.get_turn_motor_measure_point  can_receive.o
    0x0800276c   0x0800276c   0x00000030   Code   RO           15    i.main              main.o
    0x0800279c   0x0800279c   0x0000000c   Code   RO         3190    i.makeFreeRtosPriority  cmsis_os.o
    0x080027a8   0x080027a8   0x0000009c   Code   RO         3853    i.msp               yaw_task.o
    0x08002844   0x08002844   0x00000010   Code   RO         3192    i.osDelay           cmsis_os.o
    0x08002854   0x08002854   0x0000000a   Code   RO         3195    i.osKernelStart     cmsis_os.o
    0x0800285e   0x0800285e   0x0000005c   Code   RO         3229    i.osThreadCreate    cmsis_os.o
    0x080028ba   0x080028ba   0x00000002   PAD
    0x080028bc   0x080028bc   0x00000120   Code   RO         4117    i.pid_calc          pid.o
    0x080029dc   0x080029dc   0x00000060   Code   RO         4118    i.pid_init          pid.o
    0x08002a3c   0x08002a3c   0x00000078   Code   RO         2861    i.prvAddCurrentTaskToDelayedList  tasks.o
    0x08002ab4   0x08002ab4   0x00000088   Code   RO         2862    i.prvAddNewTaskToReadyList  tasks.o
    0x08002b3c   0x08002b3c   0x00000040   Code   RO         2863    i.prvCheckTasksWaitingTermination  tasks.o
    0x08002b7c   0x08002b7c   0x00000040   Code   RO         2864    i.prvDeleteTCB      tasks.o
    0x08002bbc   0x08002bbc   0x00000050   Code   RO         3557    i.prvHeapInit       heap_4.o
    0x08002c0c   0x08002c0c   0x00000028   Code   RO         2865    i.prvIdleTask       tasks.o
    0x08002c34   0x08002c34   0x0000007e   Code   RO         2866    i.prvInitialiseNewTask  tasks.o
    0x08002cb2   0x08002cb2   0x00000002   PAD
    0x08002cb4   0x08002cb4   0x00000060   Code   RO         2867    i.prvInitialiseTaskLists  tasks.o
    0x08002d14   0x08002d14   0x0000005c   Code   RO         3558    i.prvInsertBlockIntoFreeList  heap_4.o
    0x08002d70   0x08002d70   0x00000024   Code   RO         2868    i.prvResetNextTaskUnblockTime  tasks.o
    0x08002d94   0x08002d94   0x00000030   Code   RO         3625    i.prvTaskExitError  port.o
    0x08002dc4   0x08002dc4   0x000000e8   Code   RO         3559    i.pvPortMalloc      heap_4.o
    0x08002eac   0x08002eac   0x0000002c   Code   RO         3626    i.pxPortInitialiseStack  port.o
    0x08002ed8   0x08002ed8   0x00000014   Code   RO         4002    i.remote_control_init  remote_control.o
    0x08002eec   0x08002eec   0x000000da   Code   RO         4003    i.sbus_to_rc        remote_control.o
    0x08002fc6   0x08002fc6   0x00000002   PAD
    0x08002fc8   0x08002fc8   0x000000a0   Code   RO         3704    i.shoot_control_loop  shoot_task.o
    0x08003068   0x08003068   0x00000048   Code   RO         3705    i.shoot_feedback_update  shoot_task.o
    0x080030b0   0x080030b0   0x00000070   Code   RO         3706    i.shoot_init        shoot_task.o
    0x08003120   0x08003120   0x00000038   Code   RO         3707    i.shoot_mode_set    shoot_task.o
    0x08003158   0x08003158   0x00000028   Code   RO         3708    i.shoot_task        shoot_task.o
    0x08003180   0x08003180   0x00000026   Code   RO         2487    i.uxListRemove      list.o
    0x080031a6   0x080031a6   0x00000002   PAD
    0x080031a8   0x080031a8   0x00000018   Code   RO          249    i.vApplicationGetIdleTaskMemory  freertos.o
    0x080031c0   0x080031c0   0x00000016   Code   RO         2488    i.vListInitialise   list.o
    0x080031d6   0x080031d6   0x00000006   Code   RO         2489    i.vListInitialiseItem  list.o
    0x080031dc   0x080031dc   0x00000036   Code   RO         2490    i.vListInsert       list.o
    0x08003212   0x08003212   0x00000018   Code   RO         2491    i.vListInsertEnd    list.o
    0x0800322a   0x0800322a   0x00000002   PAD
    0x0800322c   0x0800322c   0x00000040   Code   RO         3628    i.vPortEnterCritical  port.o
    0x0800326c   0x0800326c   0x0000002c   Code   RO         3629    i.vPortExitCritical  port.o
    0x08003298   0x08003298   0x00000064   Code   RO         3560    i.vPortFree         heap_4.o
    0x080032fc   0x080032fc   0x00000024   Code   RO         3630    i.vPortSetupTimerInterrupt  port.o
    0x08003320   0x08003320   0x00000050   Code   RO         2877    i.vTaskDelay        tasks.o
    0x08003370   0x08003370   0x00000088   Code   RO         2890    i.vTaskStartScheduler  tasks.o
    0x080033f8   0x080033f8   0x00000010   Code   RO         2892    i.vTaskSuspendAll   tasks.o
    0x08003408   0x08003408   0x00000060   Code   RO         2893    i.vTaskSwitchContext  tasks.o
    0x08003468   0x08003468   0x00000104   Code   RO         3632    i.xPortStartScheduler  port.o
    0x0800356c   0x0800356c   0x0000002c   Code   RO         3633    i.xPortSysTickHandler  port.o
    0x08003598   0x08003598   0x0000006c   Code   RO         2896    i.xTaskCreate       tasks.o
    0x08003604   0x08003604   0x00000060   Code   RO         2897    i.xTaskCreateStatic  tasks.o
    0x08003664   0x08003664   0x0000001c   Code   RO         2901    i.xTaskGetSchedulerState  tasks.o
    0x08003680   0x08003680   0x000000d4   Code   RO         2904    i.xTaskIncrementTick  tasks.o
    0x08003754   0x08003754   0x000000cc   Code   RO         2910    i.xTaskResumeAll    tasks.o
    0x08003820   0x08003820   0x0000006c   Code   RO         3854    i.yaw_control_loop  yaw_task.o
    0x0800388c   0x0800388c   0x00000074   Code   RO         3855    i.yaw_feedback_update  yaw_task.o
    0x08003900   0x08003900   0x00000068   Code   RO         3856    i.yaw_init          yaw_task.o
    0x08003968   0x08003968   0x00000038   Code   RO         3857    i.yaw_task          yaw_task.o
    0x080039a0   0x080039a0   0x00000062   Code   RO         4184    x$fpl$d2f           fz_wm.l(d2f.o)
    0x08003a02   0x08003a02   0x00000002   PAD
    0x08003a04   0x08003a04   0x00000150   Code   RO         4186    x$fpl$dadd          fz_wm.l(daddsub_clz.o)
    0x08003b54   0x08003b54   0x000002b0   Code   RO         4193    x$fpl$ddiv          fz_wm.l(ddiv.o)
    0x08003e04   0x08003e04   0x00000026   Code   RO         4196    x$fpl$dfltu         fz_wm.l(dflt_clz.o)
    0x08003e2a   0x08003e2a   0x00000002   PAD
    0x08003e2c   0x08003e2c   0x00000154   Code   RO         4202    x$fpl$dmul          fz_wm.l(dmul.o)
    0x08003f80   0x08003f80   0x0000009c   Code   RO         4211    x$fpl$dnaninf       fz_wm.l(dnaninf.o)
    0x0800401c   0x0800401c   0x0000000c   Code   RO         4213    x$fpl$dretinf       fz_wm.l(dretinf.o)
    0x08004028   0x08004028   0x000001d4   Code   RO         4188    x$fpl$dsub          fz_wm.l(daddsub_clz.o)
    0x080041fc   0x080041fc   0x0000000a   Code   RO         4320    x$fpl$fpinit        fz_wm.l(fpinit.o)
    0x08004206   0x08004206   0x0000000a   Code   RO         4215    x$fpl$fretinf       fz_wm.l(fretinf.o)
    0x08004210   0x08004210   0x00000000   Code   RO         4217    x$fpl$usenofp       fz_wm.l(usenofp.o)
    0x08004210   0x08004210   0x00000070   Data   RO          251    .constdata          freertos.o
    0x08004280   0x08004280   0x00000008   Data   RO         1271    .constdata          stm32f4xx_hal_dma.o
    0x08004288   0x08004288   0x00000018   Data   RO         2351    .constdata          system_stm32f4xx.o
    0x080042a0   0x080042a0   0x00000018   Data   RO         3710    .constdata          shoot_task.o
    0x080042b8   0x080042b8   0x00000018   Data   RO         3859    .constdata          yaw_task.o
    0x080042d0   0x080042d0   0x0000002c   Data   RO          252    .conststring        freertos.o
    0x080042fc   0x080042fc   0x00000020   Data   RO         4378    Region$$Table       anon$$obj.o


    Execution Region RW_IRAM1 (Exec base: 0x20000000, Load base: 0x0800431c, Size: 0x00004930, Max: 0x0001c000, ABSOLUTE)

    Exec Addr    Load Addr    Size         Type   Attr      Idx    E Section Name        Object

    0x20000000   0x0800431c   0x00000010   Data   RW          253    .data               freertos.o
    0x20000010   0x0800432c   0x00000004   Data   RW          302    .data               can.o
    0x20000014   0x08004330   0x00000009   Data   RW         1709    .data               stm32f4xx_hal.o
    0x2000001d   0x08004339   0x00000003   PAD
    0x20000020   0x0800433c   0x00000004   Data   RW         2352    .data               system_stm32f4xx.o
    0x20000024   0x08004340   0x0000003c   Data   RW         2913    .data               tasks.o
    0x20000060   0x0800437c   0x00000020   Data   RW         3566    .data               heap_4.o
    0x20000080   0x0800439c   0x0000000c   Data   RW         3634    .data               port.o
    0x2000008c   0x080043a8   0x00000008   Data   RW         3935    .data               can_receive.o
    0x20000094   0x080043b0   0x00000002   Data   RW         4005    .data               remote_control.o
    0x20000096   0x080043b2   0x00000002   PAD
    0x20000098        -       0x00000254   Zero   RW          250    .bss                freertos.o
    0x200002ec        -       0x00000050   Zero   RW          301    .bss                can.o
    0x2000033c        -       0x000000a8   Zero   RW          373    .bss                usart.o
    0x200003e4        -       0x000000f0   Zero   RW         2912    .bss                tasks.o
    0x200004d4        -       0x00003c00   Zero   RW         3565    .bss                heap_4.o
    0x200040d4        -       0x000000ac   Zero   RW         3709    .bss                shoot_task.o
    0x20004180        -       0x000000a0   Zero   RW         3858    .bss                yaw_task.o
    0x20004220        -       0x0000004c   Zero   RW         3934    .bss                can_receive.o
    0x2000426c        -       0x0000005e   Zero   RW         4004    .bss                remote_control.o
    0x200042ca   0x080043b2   0x00000002   PAD
    0x200042cc        -       0x00000060   Zero   RW         4250    .bss                c_w.l(libspace.o)
    0x2000432c   0x080043b2   0x00000004   PAD
    0x20004330        -       0x00000200   Zero   RW            2    HEAP                startup_stm32f407xx.o
    0x20004530        -       0x00000400   Zero   RW            1    STACK               startup_stm32f407xx.o


    Execution Region RW_IRAM2 (Exec base: 0x2001c000, Load base: 0x080043b4, Size: 0x00000000, Max: 0x00004000, ABSOLUTE)

    **** No section assigned to this execution region ****


==============================================================================

Image component sizes


      Code (inc. data)   RO Data    RW Data    ZI Data      Debug   Object Name

        92          8          0          0          0        570   bsp_can.o
       156         14          0          0          0        970   bsp_rc.o
       488         44          0          4         80       2398   can.o
       612         54          0          8         76       5329   can_receive.o
         4          0          0          0          0        437   check_task.o
       130          0          0          0          0      23007   cmsis_os.o
        56          4          0          0          0        750   dma.o
         0          0          0          0          0      16876   event_groups.o
       158         32        156         16        596       2708   freertos.o
       160          4          0          0          0        915   gpio.o
       504         32          0         32      15360       7527   heap_4.o
       144          0          0          0          0       3542   list.o
       234         10          0          0          0     705484   main.o
       384         12          0          0          0       2310   pid.o
       730         82          0         12          0      11028   port.o
       538         36          0          2         94       4531   remote_control.o
       440         50         24          0        172     600173   shoot_task.o
        64         26        392          0       1536        836   startup_stm32f407xx.o
       172         32          0          9          0       8705   stm32f4xx_hal.o
      2148          6          0          0          0      14235   stm32f4xx_hal_can.o
       312         22          0          0          0      34287   stm32f4xx_hal_cortex.o
       458         10          8          0          0       2735   stm32f4xx_hal_dma.o
       500         46          0          0          0       1436   stm32f4xx_hal_gpio.o
        84          6          0          0          0        846   stm32f4xx_hal_msp.o
      1820         84          0          0          0       5572   stm32f4xx_hal_rcc.o
       674         10          0          0          0       1852   stm32f4xx_hal_uart.o
        74         12          0          0          0       4721   stm32f4xx_it.o
         0          0          0          0          0        400   stream_buffer.o
        20          6         24          4          0       1103   system_stm32f4xx.o
      1658        146          0         60        240      21170   tasks.o
       280         32          0          0        168       1769   usart.o
       540         78         24          0        160       4940   yaw_task.o

    ----------------------------------------------------------------------
     13662        898        660        152      18484    1493162   Object Totals
         0          0         32          0          0          0   (incl. Generated)
        28          0          0          5          2          0   (incl. Padding)

    ----------------------------------------------------------------------

      Code (inc. data)   RO Data    RW Data    ZI Data      Debug   Library Member Name

         8          0          0          0          0         68   __main.o
         0          0          0          0          0          0   __rtentry.o
        12          0          0          0          0          0   __rtentry2.o
         6          0          0          0          0          0   __rtentry4.o
        52          8          0          0          0          0   __scatter.o
        26          0          0          0          0          0   __scatter_copy.o
        28          0          0          0          0          0   __scatter_zi.o
        18          0          0          0          0         80   exit.o
         6          0          0          0          0        152   heapauxi.o
         0          0          0          0          0          0   indicate_semi.o
         2          0          0          0          0          0   libinit.o
         6          0          0          0          0          0   libinit2.o
         2          0          0          0          0          0   libshutdown.o
         2          0          0          0          0          0   libshutdown2.o
         8          4          0          0         96         68   libspace.o
       238          0          0          0          0        100   lludivv7m.o
        78          0          0          0          0         80   rt_memclr_w.o
       100          0          0          0          0         80   rt_memcpy_w.o
         2          0          0          0          0          0   rtexit.o
        10          0          0          0          0          0   rtexit2.o
        12          4          0          0          0         68   sys_exit.o
        74          0          0          0          0         80   sys_stackheap_outer.o
         2          0          0          0          0         68   use_no_semi.o
        98          4          0          0          0        140   d2f.o
       804         16          0          0          0        368   daddsub_clz.o
       688        140          0          0          0        256   ddiv.o
        38          0          0          0          0        116   dflt_clz.o
       340         12          0          0          0        152   dmul.o
       156          4          0          0          0        140   dnaninf.o
        12          0          0          0          0        116   dretinf.o
        10          0          0          0          0        116   fpinit.o
        10          0          0          0          0        116   fretinf.o
         0          0          0          0          0          0   usenofp.o

    ----------------------------------------------------------------------
      2858        192          0          0        100       2364   Library Totals
        10          0          0          0          4          0   (incl. Padding)

    ----------------------------------------------------------------------

      Code (inc. data)   RO Data    RW Data    ZI Data      Debug   Library Name

       692         16          0          0         96        844   c_w.l
      2156        176          0          0          0       1520   fz_wm.l

    ----------------------------------------------------------------------
      2858        192          0          0        100       2364   Library Totals

    ----------------------------------------------------------------------

==============================================================================


      Code (inc. data)   RO Data    RW Data    ZI Data      Debug   

     16520       1090        660        152      18584    1482414   Grand Totals
     16520       1090        660        152      18584    1482414   ELF Image Totals
     16520       1090        660        152          0          0   ROM Totals

==============================================================================

    Total RO  Size (Code + RO Data)                17180 (  16.78kB)
    Total RW  Size (RW Data + ZI Data)             18736 (  18.30kB)
    Total ROM Size (Code + RO Data + RW Data)      17332 (  16.93kB)

==============================================================================

